Archive member included to satisfy reference by file (symbol)

c:/cygwin64/home/anthony/project_shiba/firmware/sdk/toolchain/bin/../lib/gcc/arm-none-eabi/7.3.1/../../../../arm-none-eabi/lib/thumb/v6-m\libc_nano.a(lib_a-exit.o)
                              c:/cygwin64/home/anthony/project_shiba/firmware/sdk/toolchain/bin/../lib/gcc/arm-none-eabi/7.3.1/../../../../arm-none-eabi/lib/thumb/v6-m/crt0.o (exit)
c:/cygwin64/home/anthony/project_shiba/firmware/sdk/toolchain/bin/../lib/gcc/arm-none-eabi/7.3.1/../../../../arm-none-eabi/lib/thumb/v6-m\libc_nano.a(lib_a-impure.o)
                              c:/cygwin64/home/anthony/project_shiba/firmware/sdk/toolchain/bin/../lib/gcc/arm-none-eabi/7.3.1/../../../../arm-none-eabi/lib/thumb/v6-m\libc_nano.a(lib_a-exit.o) (_global_impure_ptr)
c:/cygwin64/home/anthony/project_shiba/firmware/sdk/toolchain/bin/../lib/gcc/arm-none-eabi/7.3.1/../../../../arm-none-eabi/lib/thumb/v6-m\libc_nano.a(lib_a-init.o)
                              c:/cygwin64/home/anthony/project_shiba/firmware/sdk/toolchain/bin/../lib/gcc/arm-none-eabi/7.3.1/../../../../arm-none-eabi/lib/thumb/v6-m/crt0.o (__libc_init_array)
c:/cygwin64/home/anthony/project_shiba/firmware/sdk/toolchain/bin/../lib/gcc/arm-none-eabi/7.3.1/../../../../arm-none-eabi/lib/thumb/v6-m\libc_nano.a(lib_a-memset.o)
                              c:/cygwin64/home/anthony/project_shiba/firmware/sdk/toolchain/bin/../lib/gcc/arm-none-eabi/7.3.1/../../../../arm-none-eabi/lib/thumb/v6-m/crt0.o (memset)
c:/cygwin64/home/anthony/project_shiba/firmware/sdk/toolchain/bin/../lib/gcc/arm-none-eabi/7.3.1/../../../../arm-none-eabi/lib/thumb/v6-m\libnosys.a(_exit.o)
                              c:/cygwin64/home/anthony/project_shiba/firmware/sdk/toolchain/bin/../lib/gcc/arm-none-eabi/7.3.1/../../../../arm-none-eabi/lib/thumb/v6-m\libc_nano.a(lib_a-exit.o) (_exit)

Allocating common symbols
Common symbol       size              file

ppi_channel3        0x1               C:\cygwin64\home\Anthony\Project_Shiba\firmware\sdk\v10\examples\peripheral\bitbang\pca10028\armgcc\_build\main.o
ppi_channel6        0x1               C:\cygwin64\home\Anthony\Project_Shiba\firmware\sdk\v10\examples\peripheral\bitbang\pca10028\armgcc\_build\main.o
ppi_channel0        0x1               C:\cygwin64\home\Anthony\Project_Shiba\firmware\sdk\v10\examples\peripheral\bitbang\pca10028\armgcc\_build\main.o
ppi_channel1        0x1               C:\cygwin64\home\Anthony\Project_Shiba\firmware\sdk\v10\examples\peripheral\bitbang\pca10028\armgcc\_build\main.o
ppi_channel4        0x1               C:\cygwin64\home\Anthony\Project_Shiba\firmware\sdk\v10\examples\peripheral\bitbang\pca10028\armgcc\_build\main.o
__stdin             0x68              C:\cygwin64\home\Anthony\Project_Shiba\firmware\sdk\v10\examples\peripheral\bitbang\pca10028\armgcc\_build\retarget.o
ppi_channel2        0x1               C:\cygwin64\home\Anthony\Project_Shiba\firmware\sdk\v10\examples\peripheral\bitbang\pca10028\armgcc\_build\main.o
ppi_channel5        0x1               C:\cygwin64\home\Anthony\Project_Shiba\firmware\sdk\v10\examples\peripheral\bitbang\pca10028\armgcc\_build\main.o
__stdout            0x68              C:\cygwin64\home\Anthony\Project_Shiba\firmware\sdk\v10\examples\peripheral\bitbang\pca10028\armgcc\_build\retarget.o

Discarded input sections

 .text          0x00000000        0x0 c:/cygwin64/home/anthony/project_shiba/firmware/sdk/toolchain/bin/../lib/gcc/arm-none-eabi/7.3.1/thumb/v6-m/crti.o
 .data          0x00000000        0x0 c:/cygwin64/home/anthony/project_shiba/firmware/sdk/toolchain/bin/../lib/gcc/arm-none-eabi/7.3.1/thumb/v6-m/crti.o
 .bss           0x00000000        0x0 c:/cygwin64/home/anthony/project_shiba/firmware/sdk/toolchain/bin/../lib/gcc/arm-none-eabi/7.3.1/thumb/v6-m/crti.o
 .data          0x00000000        0x4 c:/cygwin64/home/anthony/project_shiba/firmware/sdk/toolchain/bin/../lib/gcc/arm-none-eabi/7.3.1/thumb/v6-m/crtbegin.o
 .data          0x00000000        0x0 c:/cygwin64/home/anthony/project_shiba/firmware/sdk/toolchain/bin/../lib/gcc/arm-none-eabi/7.3.1/../../../../arm-none-eabi/lib/thumb/v6-m/crt0.o
 .bss           0x00000000        0x0 c:/cygwin64/home/anthony/project_shiba/firmware/sdk/toolchain/bin/../lib/gcc/arm-none-eabi/7.3.1/../../../../arm-none-eabi/lib/thumb/v6-m/crt0.o
 .ARM.extab     0x00000000        0x0 c:/cygwin64/home/anthony/project_shiba/firmware/sdk/toolchain/bin/../lib/gcc/arm-none-eabi/7.3.1/../../../../arm-none-eabi/lib/thumb/v6-m/crt0.o
 .text          0x00000000        0x0 c:/cygwin64/home/anthony/project_shiba/firmware/sdk/toolchain/bin/../lib/gcc/arm-none-eabi/7.3.1/../../../../arm-none-eabi/lib/thumb/v6-m\libc_nano.a(lib_a-exit.o)
 .data          0x00000000        0x0 c:/cygwin64/home/anthony/project_shiba/firmware/sdk/toolchain/bin/../lib/gcc/arm-none-eabi/7.3.1/../../../../arm-none-eabi/lib/thumb/v6-m\libc_nano.a(lib_a-exit.o)
 .bss           0x00000000        0x0 c:/cygwin64/home/anthony/project_shiba/firmware/sdk/toolchain/bin/../lib/gcc/arm-none-eabi/7.3.1/../../../../arm-none-eabi/lib/thumb/v6-m\libc_nano.a(lib_a-exit.o)
 .text          0x00000000        0x0 c:/cygwin64/home/anthony/project_shiba/firmware/sdk/toolchain/bin/../lib/gcc/arm-none-eabi/7.3.1/../../../../arm-none-eabi/lib/thumb/v6-m\libc_nano.a(lib_a-impure.o)
 .data          0x00000000        0x0 c:/cygwin64/home/anthony/project_shiba/firmware/sdk/toolchain/bin/../lib/gcc/arm-none-eabi/7.3.1/../../../../arm-none-eabi/lib/thumb/v6-m\libc_nano.a(lib_a-impure.o)
 .bss           0x00000000        0x0 c:/cygwin64/home/anthony/project_shiba/firmware/sdk/toolchain/bin/../lib/gcc/arm-none-eabi/7.3.1/../../../../arm-none-eabi/lib/thumb/v6-m\libc_nano.a(lib_a-impure.o)
 .data._impure_ptr
                0x00000000        0x4 c:/cygwin64/home/anthony/project_shiba/firmware/sdk/toolchain/bin/../lib/gcc/arm-none-eabi/7.3.1/../../../../arm-none-eabi/lib/thumb/v6-m\libc_nano.a(lib_a-impure.o)
 .text          0x00000000        0x0 c:/cygwin64/home/anthony/project_shiba/firmware/sdk/toolchain/bin/../lib/gcc/arm-none-eabi/7.3.1/../../../../arm-none-eabi/lib/thumb/v6-m\libc_nano.a(lib_a-init.o)
 .data          0x00000000        0x0 c:/cygwin64/home/anthony/project_shiba/firmware/sdk/toolchain/bin/../lib/gcc/arm-none-eabi/7.3.1/../../../../arm-none-eabi/lib/thumb/v6-m\libc_nano.a(lib_a-init.o)
 .bss           0x00000000        0x0 c:/cygwin64/home/anthony/project_shiba/firmware/sdk/toolchain/bin/../lib/gcc/arm-none-eabi/7.3.1/../../../../arm-none-eabi/lib/thumb/v6-m\libc_nano.a(lib_a-init.o)
 .text          0x00000000        0x0 c:/cygwin64/home/anthony/project_shiba/firmware/sdk/toolchain/bin/../lib/gcc/arm-none-eabi/7.3.1/../../../../arm-none-eabi/lib/thumb/v6-m\libc_nano.a(lib_a-memset.o)
 .data          0x00000000        0x0 c:/cygwin64/home/anthony/project_shiba/firmware/sdk/toolchain/bin/../lib/gcc/arm-none-eabi/7.3.1/../../../../arm-none-eabi/lib/thumb/v6-m\libc_nano.a(lib_a-memset.o)
 .bss           0x00000000        0x0 c:/cygwin64/home/anthony/project_shiba/firmware/sdk/toolchain/bin/../lib/gcc/arm-none-eabi/7.3.1/../../../../arm-none-eabi/lib/thumb/v6-m\libc_nano.a(lib_a-memset.o)
 .text          0x00000000        0x0 c:/cygwin64/home/anthony/project_shiba/firmware/sdk/toolchain/bin/../lib/gcc/arm-none-eabi/7.3.1/../../../../arm-none-eabi/lib/thumb/v6-m\libnosys.a(_exit.o)
 .data          0x00000000        0x0 c:/cygwin64/home/anthony/project_shiba/firmware/sdk/toolchain/bin/../lib/gcc/arm-none-eabi/7.3.1/../../../../arm-none-eabi/lib/thumb/v6-m\libnosys.a(_exit.o)
 .bss           0x00000000        0x0 c:/cygwin64/home/anthony/project_shiba/firmware/sdk/toolchain/bin/../lib/gcc/arm-none-eabi/7.3.1/../../../../arm-none-eabi/lib/thumb/v6-m\libnosys.a(_exit.o)
 .text          0x00000000        0x0 C:\cygwin64\home\Anthony\Project_Shiba\firmware\sdk\v10\examples\peripheral\bitbang\pca10028\armgcc\_build\system_nrf51.o
 .data          0x00000000        0x0 C:\cygwin64\home\Anthony\Project_Shiba\firmware\sdk\v10\examples\peripheral\bitbang\pca10028\armgcc\_build\system_nrf51.o
 .bss           0x00000000        0x0 C:\cygwin64\home\Anthony\Project_Shiba\firmware\sdk\v10\examples\peripheral\bitbang\pca10028\armgcc\_build\system_nrf51.o
 .text.SystemCoreClockUpdate
                0x00000000       0x10 C:\cygwin64\home\Anthony\Project_Shiba\firmware\sdk\v10\examples\peripheral\bitbang\pca10028\armgcc\_build\system_nrf51.o
 .data.SystemCoreClock
                0x00000000        0x4 C:\cygwin64\home\Anthony\Project_Shiba\firmware\sdk\v10\examples\peripheral\bitbang\pca10028\armgcc\_build\system_nrf51.o
 .text          0x00000000        0x0 C:\cygwin64\home\Anthony\Project_Shiba\firmware\sdk\v10\examples\peripheral\bitbang\pca10028\armgcc\_build\main.o
 .data          0x00000000        0x0 C:\cygwin64\home\Anthony\Project_Shiba\firmware\sdk\v10\examples\peripheral\bitbang\pca10028\armgcc\_build\main.o
 .bss           0x00000000        0x0 C:\cygwin64\home\Anthony\Project_Shiba\firmware\sdk\v10\examples\peripheral\bitbang\pca10028\armgcc\_build\main.o
 .text          0x00000000        0x0 C:\cygwin64\home\Anthony\Project_Shiba\firmware\sdk\v10\examples\peripheral\bitbang\pca10028\armgcc\_build\app_error.o
 .data          0x00000000        0x0 C:\cygwin64\home\Anthony\Project_Shiba\firmware\sdk\v10\examples\peripheral\bitbang\pca10028\armgcc\_build\app_error.o
 .bss           0x00000000        0x0 C:\cygwin64\home\Anthony\Project_Shiba\firmware\sdk\v10\examples\peripheral\bitbang\pca10028\armgcc\_build\app_error.o
 .text          0x00000000        0x0 C:\cygwin64\home\Anthony\Project_Shiba\firmware\sdk\v10\examples\peripheral\bitbang\pca10028\armgcc\_build\app_fifo.o
 .data          0x00000000        0x0 C:\cygwin64\home\Anthony\Project_Shiba\firmware\sdk\v10\examples\peripheral\bitbang\pca10028\armgcc\_build\app_fifo.o
 .bss           0x00000000        0x0 C:\cygwin64\home\Anthony\Project_Shiba\firmware\sdk\v10\examples\peripheral\bitbang\pca10028\armgcc\_build\app_fifo.o
 .text.app_fifo_init
                0x00000000       0x24 C:\cygwin64\home\Anthony\Project_Shiba\firmware\sdk\v10\examples\peripheral\bitbang\pca10028\armgcc\_build\app_fifo.o
 .text.app_fifo_put
                0x00000000       0x24 C:\cygwin64\home\Anthony\Project_Shiba\firmware\sdk\v10\examples\peripheral\bitbang\pca10028\armgcc\_build\app_fifo.o
 .text.app_fifo_get
                0x00000000       0x24 C:\cygwin64\home\Anthony\Project_Shiba\firmware\sdk\v10\examples\peripheral\bitbang\pca10028\armgcc\_build\app_fifo.o
 .text.app_fifo_flush
                0x00000000        0x8 C:\cygwin64\home\Anthony\Project_Shiba\firmware\sdk\v10\examples\peripheral\bitbang\pca10028\armgcc\_build\app_fifo.o
 .text.app_fifo_read
                0x00000000       0x50 C:\cygwin64\home\Anthony\Project_Shiba\firmware\sdk\v10\examples\peripheral\bitbang\pca10028\armgcc\_build\app_fifo.o
 .text.app_fifo_write
                0x00000000       0x54 C:\cygwin64\home\Anthony\Project_Shiba\firmware\sdk\v10\examples\peripheral\bitbang\pca10028\armgcc\_build\app_fifo.o
 .comment       0x00000000       0x80 C:\cygwin64\home\Anthony\Project_Shiba\firmware\sdk\v10\examples\peripheral\bitbang\pca10028\armgcc\_build\app_fifo.o
 .ARM.attributes
                0x00000000       0x31 C:\cygwin64\home\Anthony\Project_Shiba\firmware\sdk\v10\examples\peripheral\bitbang\pca10028\armgcc\_build\app_fifo.o
 .text          0x00000000        0x0 C:\cygwin64\home\Anthony\Project_Shiba\firmware\sdk\v10\examples\peripheral\bitbang\pca10028\armgcc\_build\app_util_platform.o
 .data          0x00000000        0x0 C:\cygwin64\home\Anthony\Project_Shiba\firmware\sdk\v10\examples\peripheral\bitbang\pca10028\armgcc\_build\app_util_platform.o
 .bss           0x00000000        0x0 C:\cygwin64\home\Anthony\Project_Shiba\firmware\sdk\v10\examples\peripheral\bitbang\pca10028\armgcc\_build\app_util_platform.o
 .text          0x00000000        0x0 C:\cygwin64\home\Anthony\Project_Shiba\firmware\sdk\v10\examples\peripheral\bitbang\pca10028\armgcc\_build\nrf_assert.o
 .data          0x00000000        0x0 C:\cygwin64\home\Anthony\Project_Shiba\firmware\sdk\v10\examples\peripheral\bitbang\pca10028\armgcc\_build\nrf_assert.o
 .bss           0x00000000        0x0 C:\cygwin64\home\Anthony\Project_Shiba\firmware\sdk\v10\examples\peripheral\bitbang\pca10028\armgcc\_build\nrf_assert.o
 .comment       0x00000000       0x80 C:\cygwin64\home\Anthony\Project_Shiba\firmware\sdk\v10\examples\peripheral\bitbang\pca10028\armgcc\_build\nrf_assert.o
 .ARM.attributes
                0x00000000       0x31 C:\cygwin64\home\Anthony\Project_Shiba\firmware\sdk\v10\examples\peripheral\bitbang\pca10028\armgcc\_build\nrf_assert.o
 .text          0x00000000        0x0 C:\cygwin64\home\Anthony\Project_Shiba\firmware\sdk\v10\examples\peripheral\bitbang\pca10028\armgcc\_build\retarget.o
 .data          0x00000000        0x0 C:\cygwin64\home\Anthony\Project_Shiba\firmware\sdk\v10\examples\peripheral\bitbang\pca10028\armgcc\_build\retarget.o
 .bss           0x00000000        0x0 C:\cygwin64\home\Anthony\Project_Shiba\firmware\sdk\v10\examples\peripheral\bitbang\pca10028\armgcc\_build\retarget.o
 .text._write   0x00000000       0x1c C:\cygwin64\home\Anthony\Project_Shiba\firmware\sdk\v10\examples\peripheral\bitbang\pca10028\armgcc\_build\retarget.o
 .text._read    0x00000000       0x14 C:\cygwin64\home\Anthony\Project_Shiba\firmware\sdk\v10\examples\peripheral\bitbang\pca10028\armgcc\_build\retarget.o
 .comment       0x00000000       0x80 C:\cygwin64\home\Anthony\Project_Shiba\firmware\sdk\v10\examples\peripheral\bitbang\pca10028\armgcc\_build\retarget.o
 .ARM.attributes
                0x00000000       0x31 C:\cygwin64\home\Anthony\Project_Shiba\firmware\sdk\v10\examples\peripheral\bitbang\pca10028\armgcc\_build\retarget.o
 COMMON         0x00000000       0xd0 C:\cygwin64\home\Anthony\Project_Shiba\firmware\sdk\v10\examples\peripheral\bitbang\pca10028\armgcc\_build\retarget.o
 .text          0x00000000        0x0 C:\cygwin64\home\Anthony\Project_Shiba\firmware\sdk\v10\examples\peripheral\bitbang\pca10028\armgcc\_build\app_uart_fifo.o
 .data          0x00000000        0x0 C:\cygwin64\home\Anthony\Project_Shiba\firmware\sdk\v10\examples\peripheral\bitbang\pca10028\armgcc\_build\app_uart_fifo.o
 .bss           0x00000000        0x0 C:\cygwin64\home\Anthony\Project_Shiba\firmware\sdk\v10\examples\peripheral\bitbang\pca10028\armgcc\_build\app_uart_fifo.o
 .text.uart_event_handler
                0x00000000       0xbc C:\cygwin64\home\Anthony\Project_Shiba\firmware\sdk\v10\examples\peripheral\bitbang\pca10028\armgcc\_build\app_uart_fifo.o
 .text.app_uart_init
                0x00000000       0xa4 C:\cygwin64\home\Anthony\Project_Shiba\firmware\sdk\v10\examples\peripheral\bitbang\pca10028\armgcc\_build\app_uart_fifo.o
 .text.app_uart_flush
                0x00000000       0x1c C:\cygwin64\home\Anthony\Project_Shiba\firmware\sdk\v10\examples\peripheral\bitbang\pca10028\armgcc\_build\app_uart_fifo.o
 .text.app_uart_get
                0x00000000       0x34 C:\cygwin64\home\Anthony\Project_Shiba\firmware\sdk\v10\examples\peripheral\bitbang\pca10028\armgcc\_build\app_uart_fifo.o
 .text.app_uart_put
                0x00000000       0x28 C:\cygwin64\home\Anthony\Project_Shiba\firmware\sdk\v10\examples\peripheral\bitbang\pca10028\armgcc\_build\app_uart_fifo.o
 .text.app_uart_close
                0x00000000        0xc C:\cygwin64\home\Anthony\Project_Shiba\firmware\sdk\v10\examples\peripheral\bitbang\pca10028\armgcc\_build\app_uart_fifo.o
 .rodata        0x00000000       0x20 C:\cygwin64\home\Anthony\Project_Shiba\firmware\sdk\v10\examples\peripheral\bitbang\pca10028\armgcc\_build\app_uart_fifo.o
 .bss.m_event_handler
                0x00000000        0x4 C:\cygwin64\home\Anthony\Project_Shiba\firmware\sdk\v10\examples\peripheral\bitbang\pca10028\armgcc\_build\app_uart_fifo.o
 .bss.m_rx_fifo
                0x00000000       0x10 C:\cygwin64\home\Anthony\Project_Shiba\firmware\sdk\v10\examples\peripheral\bitbang\pca10028\armgcc\_build\app_uart_fifo.o
 .bss.m_tx_fifo
                0x00000000       0x10 C:\cygwin64\home\Anthony\Project_Shiba\firmware\sdk\v10\examples\peripheral\bitbang\pca10028\armgcc\_build\app_uart_fifo.o
 .bss.rx_buffer
                0x00000000        0x1 C:\cygwin64\home\Anthony\Project_Shiba\firmware\sdk\v10\examples\peripheral\bitbang\pca10028\armgcc\_build\app_uart_fifo.o
 .bss.tx_buffer
                0x00000000        0x1 C:\cygwin64\home\Anthony\Project_Shiba\firmware\sdk\v10\examples\peripheral\bitbang\pca10028\armgcc\_build\app_uart_fifo.o
 .bss.tx_tmp    0x00000000        0x1 C:\cygwin64\home\Anthony\Project_Shiba\firmware\sdk\v10\examples\peripheral\bitbang\pca10028\armgcc\_build\app_uart_fifo.o
 .comment       0x00000000       0x80 C:\cygwin64\home\Anthony\Project_Shiba\firmware\sdk\v10\examples\peripheral\bitbang\pca10028\armgcc\_build\app_uart_fifo.o
 .ARM.attributes
                0x00000000       0x31 C:\cygwin64\home\Anthony\Project_Shiba\firmware\sdk\v10\examples\peripheral\bitbang\pca10028\armgcc\_build\app_uart_fifo.o
 .text          0x00000000        0x0 C:\cygwin64\home\Anthony\Project_Shiba\firmware\sdk\v10\examples\peripheral\bitbang\pca10028\armgcc\_build\nrf_delay.o
 .data          0x00000000        0x0 C:\cygwin64\home\Anthony\Project_Shiba\firmware\sdk\v10\examples\peripheral\bitbang\pca10028\armgcc\_build\nrf_delay.o
 .bss           0x00000000        0x0 C:\cygwin64\home\Anthony\Project_Shiba\firmware\sdk\v10\examples\peripheral\bitbang\pca10028\armgcc\_build\nrf_delay.o
 .text.nrf_delay_ms
                0x00000000       0x3c C:\cygwin64\home\Anthony\Project_Shiba\firmware\sdk\v10\examples\peripheral\bitbang\pca10028\armgcc\_build\nrf_delay.o
 .comment       0x00000000       0x80 C:\cygwin64\home\Anthony\Project_Shiba\firmware\sdk\v10\examples\peripheral\bitbang\pca10028\armgcc\_build\nrf_delay.o
 .ARM.attributes
                0x00000000       0x31 C:\cygwin64\home\Anthony\Project_Shiba\firmware\sdk\v10\examples\peripheral\bitbang\pca10028\armgcc\_build\nrf_delay.o
 .text          0x00000000        0x0 C:\cygwin64\home\Anthony\Project_Shiba\firmware\sdk\v10\examples\peripheral\bitbang\pca10028\armgcc\_build\nrf_drv_common.o
 .data          0x00000000        0x0 C:\cygwin64\home\Anthony\Project_Shiba\firmware\sdk\v10\examples\peripheral\bitbang\pca10028\armgcc\_build\nrf_drv_common.o
 .bss           0x00000000        0x0 C:\cygwin64\home\Anthony\Project_Shiba\firmware\sdk\v10\examples\peripheral\bitbang\pca10028\armgcc\_build\nrf_drv_common.o
 .text          0x00000000        0x0 C:\cygwin64\home\Anthony\Project_Shiba\firmware\sdk\v10\examples\peripheral\bitbang\pca10028\armgcc\_build\nrf_drv_ppi.o
 .data          0x00000000        0x0 C:\cygwin64\home\Anthony\Project_Shiba\firmware\sdk\v10\examples\peripheral\bitbang\pca10028\armgcc\_build\nrf_drv_ppi.o
 .bss           0x00000000        0x0 C:\cygwin64\home\Anthony\Project_Shiba\firmware\sdk\v10\examples\peripheral\bitbang\pca10028\armgcc\_build\nrf_drv_ppi.o
 .text.nrf_drv_ppi_uninit
                0x00000000       0x6c C:\cygwin64\home\Anthony\Project_Shiba\firmware\sdk\v10\examples\peripheral\bitbang\pca10028\armgcc\_build\nrf_drv_ppi.o
 .text.nrf_drv_ppi_channel_free
                0x00000000       0x30 C:\cygwin64\home\Anthony\Project_Shiba\firmware\sdk\v10\examples\peripheral\bitbang\pca10028\armgcc\_build\nrf_drv_ppi.o
 .text.nrf_drv_ppi_channel_disable
                0x00000000       0x34 C:\cygwin64\home\Anthony\Project_Shiba\firmware\sdk\v10\examples\peripheral\bitbang\pca10028\armgcc\_build\nrf_drv_ppi.o
 .text.nrf_drv_ppi_group_alloc
                0x00000000       0x54 C:\cygwin64\home\Anthony\Project_Shiba\firmware\sdk\v10\examples\peripheral\bitbang\pca10028\armgcc\_build\nrf_drv_ppi.o
 .text.nrf_drv_ppi_group_free
                0x00000000       0x40 C:\cygwin64\home\Anthony\Project_Shiba\firmware\sdk\v10\examples\peripheral\bitbang\pca10028\armgcc\_build\nrf_drv_ppi.o
 .text.nrf_drv_ppi_group_enable
                0x00000000       0x2c C:\cygwin64\home\Anthony\Project_Shiba\firmware\sdk\v10\examples\peripheral\bitbang\pca10028\armgcc\_build\nrf_drv_ppi.o
 .text.nrf_drv_ppi_group_disable
                0x00000000       0x20 C:\cygwin64\home\Anthony\Project_Shiba\firmware\sdk\v10\examples\peripheral\bitbang\pca10028\armgcc\_build\nrf_drv_ppi.o
 .text.nrf_drv_ppi_channels_remove_from_group
                0x00000000       0x50 C:\cygwin64\home\Anthony\Project_Shiba\firmware\sdk\v10\examples\peripheral\bitbang\pca10028\armgcc\_build\nrf_drv_ppi.o
 .text.nrf_drv_ppi_channels_include_in_group
                0x00000000       0x50 C:\cygwin64\home\Anthony\Project_Shiba\firmware\sdk\v10\examples\peripheral\bitbang\pca10028\armgcc\_build\nrf_drv_ppi.o
 .bss.m_groups_allocated
                0x00000000        0x1 C:\cygwin64\home\Anthony\Project_Shiba\firmware\sdk\v10\examples\peripheral\bitbang\pca10028\armgcc\_build\nrf_drv_ppi.o
 .text          0x00000000        0x0 C:\cygwin64\home\Anthony\Project_Shiba\firmware\sdk\v10\examples\peripheral\bitbang\pca10028\armgcc\_build\nrf_drv_gpiote.o
 .data          0x00000000        0x0 C:\cygwin64\home\Anthony\Project_Shiba\firmware\sdk\v10\examples\peripheral\bitbang\pca10028\armgcc\_build\nrf_drv_gpiote.o
 .bss           0x00000000        0x0 C:\cygwin64\home\Anthony\Project_Shiba\firmware\sdk\v10\examples\peripheral\bitbang\pca10028\armgcc\_build\nrf_drv_gpiote.o
 .text.nrf_drv_gpiote_is_init
                0x00000000       0x14 C:\cygwin64\home\Anthony\Project_Shiba\firmware\sdk\v10\examples\peripheral\bitbang\pca10028\armgcc\_build\nrf_drv_gpiote.o
 .text.nrf_drv_gpiote_uninit
                0x00000000       0xfc C:\cygwin64\home\Anthony\Project_Shiba\firmware\sdk\v10\examples\peripheral\bitbang\pca10028\armgcc\_build\nrf_drv_gpiote.o
 .text.nrf_drv_gpiote_out_uninit
                0x00000000       0x44 C:\cygwin64\home\Anthony\Project_Shiba\firmware\sdk\v10\examples\peripheral\bitbang\pca10028\armgcc\_build\nrf_drv_gpiote.o
 .text.nrf_drv_gpiote_out_set
                0x00000000       0x10 C:\cygwin64\home\Anthony\Project_Shiba\firmware\sdk\v10\examples\peripheral\bitbang\pca10028\armgcc\_build\nrf_drv_gpiote.o
 .text.nrf_drv_gpiote_out_clear
                0x00000000       0x14 C:\cygwin64\home\Anthony\Project_Shiba\firmware\sdk\v10\examples\peripheral\bitbang\pca10028\armgcc\_build\nrf_drv_gpiote.o
 .text.nrf_drv_gpiote_out_toggle
                0x00000000       0x2c C:\cygwin64\home\Anthony\Project_Shiba\firmware\sdk\v10\examples\peripheral\bitbang\pca10028\armgcc\_build\nrf_drv_gpiote.o
 .text.nrf_drv_gpiote_out_task_disable
                0x00000000       0x28 C:\cygwin64\home\Anthony\Project_Shiba\firmware\sdk\v10\examples\peripheral\bitbang\pca10028\armgcc\_build\nrf_drv_gpiote.o
 .text.nrf_drv_gpiote_out_task_trigger
                0x00000000       0x20 C:\cygwin64\home\Anthony\Project_Shiba\firmware\sdk\v10\examples\peripheral\bitbang\pca10028\armgcc\_build\nrf_drv_gpiote.o
 .text.nrf_drv_gpiote_in_init
                0x00000000       0xf8 C:\cygwin64\home\Anthony\Project_Shiba\firmware\sdk\v10\examples\peripheral\bitbang\pca10028\armgcc\_build\nrf_drv_gpiote.o
 .text.nrf_drv_gpiote_in_event_enable
                0x00000000       0xc0 C:\cygwin64\home\Anthony\Project_Shiba\firmware\sdk\v10\examples\peripheral\bitbang\pca10028\armgcc\_build\nrf_drv_gpiote.o
 .text.nrf_drv_gpiote_in_event_disable
                0x00000000       0x5c C:\cygwin64\home\Anthony\Project_Shiba\firmware\sdk\v10\examples\peripheral\bitbang\pca10028\armgcc\_build\nrf_drv_gpiote.o
 .text.nrf_drv_gpiote_in_uninit
                0x00000000       0xa8 C:\cygwin64\home\Anthony\Project_Shiba\firmware\sdk\v10\examples\peripheral\bitbang\pca10028\armgcc\_build\nrf_drv_gpiote.o
 .text.nrf_drv_gpiote_in_is_set
                0x00000000       0x14 C:\cygwin64\home\Anthony\Project_Shiba\firmware\sdk\v10\examples\peripheral\bitbang\pca10028\armgcc\_build\nrf_drv_gpiote.o
 .text.nrf_drv_gpiote_in_event_addr_get
                0x00000000       0x20 C:\cygwin64\home\Anthony\Project_Shiba\firmware\sdk\v10\examples\peripheral\bitbang\pca10028\armgcc\_build\nrf_drv_gpiote.o
 .text          0x00000000        0x0 C:\cygwin64\home\Anthony\Project_Shiba\firmware\sdk\v10\examples\peripheral\bitbang\pca10028\armgcc\_build\nrf_drv_timer.o
 .data          0x00000000        0x0 C:\cygwin64\home\Anthony\Project_Shiba\firmware\sdk\v10\examples\peripheral\bitbang\pca10028\armgcc\_build\nrf_drv_timer.o
 .bss           0x00000000        0x0 C:\cygwin64\home\Anthony\Project_Shiba\firmware\sdk\v10\examples\peripheral\bitbang\pca10028\armgcc\_build\nrf_drv_timer.o
 .text.nrf_drv_timer_uninit
                0x00000000       0x70 C:\cygwin64\home\Anthony\Project_Shiba\firmware\sdk\v10\examples\peripheral\bitbang\pca10028\armgcc\_build\nrf_drv_timer.o
 .text.nrf_drv_timer_disable
                0x00000000       0x14 C:\cygwin64\home\Anthony\Project_Shiba\firmware\sdk\v10\examples\peripheral\bitbang\pca10028\armgcc\_build\nrf_drv_timer.o
 .text.nrf_drv_timer_resume
                0x00000000        0x8 C:\cygwin64\home\Anthony\Project_Shiba\firmware\sdk\v10\examples\peripheral\bitbang\pca10028\armgcc\_build\nrf_drv_timer.o
 .text.nrf_drv_timer_pause
                0x00000000        0x8 C:\cygwin64\home\Anthony\Project_Shiba\firmware\sdk\v10\examples\peripheral\bitbang\pca10028\armgcc\_build\nrf_drv_timer.o
 .text.nrf_drv_timer_clear
                0x00000000        0x8 C:\cygwin64\home\Anthony\Project_Shiba\firmware\sdk\v10\examples\peripheral\bitbang\pca10028\armgcc\_build\nrf_drv_timer.o
 .text.nrf_drv_timer_increment
                0x00000000        0x8 C:\cygwin64\home\Anthony\Project_Shiba\firmware\sdk\v10\examples\peripheral\bitbang\pca10028\armgcc\_build\nrf_drv_timer.o
 .text.nrf_drv_timer_capture_task_address_get
                0x00000000        0xc C:\cygwin64\home\Anthony\Project_Shiba\firmware\sdk\v10\examples\peripheral\bitbang\pca10028\armgcc\_build\nrf_drv_timer.o
 .text.nrf_drv_timer_compare_event_address_get
                0x00000000        0xc C:\cygwin64\home\Anthony\Project_Shiba\firmware\sdk\v10\examples\peripheral\bitbang\pca10028\armgcc\_build\nrf_drv_timer.o
 .text.nrf_drv_timer_capture
                0x00000000       0x20 C:\cygwin64\home\Anthony\Project_Shiba\firmware\sdk\v10\examples\peripheral\bitbang\pca10028\armgcc\_build\nrf_drv_timer.o
 .text.nrf_drv_timer_capture_get
                0x00000000        0xc C:\cygwin64\home\Anthony\Project_Shiba\firmware\sdk\v10\examples\peripheral\bitbang\pca10028\armgcc\_build\nrf_drv_timer.o
 .text.nrf_drv_timer_compare
                0x00000000       0x28 C:\cygwin64\home\Anthony\Project_Shiba\firmware\sdk\v10\examples\peripheral\bitbang\pca10028\armgcc\_build\nrf_drv_timer.o
 .text.nrf_drv_timer_us_to_ticks
                0x00000000       0x18 C:\cygwin64\home\Anthony\Project_Shiba\firmware\sdk\v10\examples\peripheral\bitbang\pca10028\armgcc\_build\nrf_drv_timer.o
 .text.nrf_drv_timer_ms_to_ticks
                0x00000000       0x18 C:\cygwin64\home\Anthony\Project_Shiba\firmware\sdk\v10\examples\peripheral\bitbang\pca10028\armgcc\_build\nrf_drv_timer.o
 .text.nrf_drv_timer_compare_int_enable
                0x00000000       0x24 C:\cygwin64\home\Anthony\Project_Shiba\firmware\sdk\v10\examples\peripheral\bitbang\pca10028\armgcc\_build\nrf_drv_timer.o
 .text.nrf_drv_timer_compare_int_disable
                0x00000000       0x10 C:\cygwin64\home\Anthony\Project_Shiba\firmware\sdk\v10\examples\peripheral\bitbang\pca10028\armgcc\_build\nrf_drv_timer.o
 .text          0x00000000        0x0 C:\cygwin64\home\Anthony\Project_Shiba\firmware\sdk\v10\examples\peripheral\bitbang\pca10028\armgcc\_build\nrf_drv_uart.o
 .data          0x00000000        0x0 C:\cygwin64\home\Anthony\Project_Shiba\firmware\sdk\v10\examples\peripheral\bitbang\pca10028\armgcc\_build\nrf_drv_uart.o
 .bss           0x00000000        0x0 C:\cygwin64\home\Anthony\Project_Shiba\firmware\sdk\v10\examples\peripheral\bitbang\pca10028\armgcc\_build\nrf_drv_uart.o
 .text.nrf_drv_uart_init
                0x00000000      0x10c C:\cygwin64\home\Anthony\Project_Shiba\firmware\sdk\v10\examples\peripheral\bitbang\pca10028\armgcc\_build\nrf_drv_uart.o
 .text.nrf_drv_uart_uninit
                0x00000000       0xbc C:\cygwin64\home\Anthony\Project_Shiba\firmware\sdk\v10\examples\peripheral\bitbang\pca10028\armgcc\_build\nrf_drv_uart.o
 .text.nrf_drv_uart_tx
                0x00000000       0xb0 C:\cygwin64\home\Anthony\Project_Shiba\firmware\sdk\v10\examples\peripheral\bitbang\pca10028\armgcc\_build\nrf_drv_uart.o
 .text.nrf_drv_uart_rx
                0x00000000       0xe8 C:\cygwin64\home\Anthony\Project_Shiba\firmware\sdk\v10\examples\peripheral\bitbang\pca10028\armgcc\_build\nrf_drv_uart.o
 .text.nrf_drv_uart_rx_enable
                0x00000000       0x2c C:\cygwin64\home\Anthony\Project_Shiba\firmware\sdk\v10\examples\peripheral\bitbang\pca10028\armgcc\_build\nrf_drv_uart.o
 .text.nrf_drv_uart_rx_disable
                0x00000000       0x18 C:\cygwin64\home\Anthony\Project_Shiba\firmware\sdk\v10\examples\peripheral\bitbang\pca10028\armgcc\_build\nrf_drv_uart.o
 .text.nrf_drv_uart_errorsrc_get
                0x00000000       0x1c C:\cygwin64\home\Anthony\Project_Shiba\firmware\sdk\v10\examples\peripheral\bitbang\pca10028\armgcc\_build\nrf_drv_uart.o
 .text.nrf_drv_uart_tx_abort
                0x00000000       0x3c C:\cygwin64\home\Anthony\Project_Shiba\firmware\sdk\v10\examples\peripheral\bitbang\pca10028\armgcc\_build\nrf_drv_uart.o
 .text.nrf_drv_uart_rx_abort
                0x00000000       0x1c C:\cygwin64\home\Anthony\Project_Shiba\firmware\sdk\v10\examples\peripheral\bitbang\pca10028\armgcc\_build\nrf_drv_uart.o
 .rodata.m_default_config
                0x00000000       0x20 C:\cygwin64\home\Anthony\Project_Shiba\firmware\sdk\v10\examples\peripheral\bitbang\pca10028\armgcc\_build\nrf_drv_uart.o
 .data          0x00000000        0x0 C:\cygwin64\home\Anthony\Project_Shiba\firmware\sdk\v10\examples\peripheral\bitbang\pca10028\armgcc\_build\gcc_startup_nrf51.o
 .bss           0x00000000        0x0 C:\cygwin64\home\Anthony\Project_Shiba\firmware\sdk\v10\examples\peripheral\bitbang\pca10028\armgcc\_build\gcc_startup_nrf51.o
 .ARM.extab     0x00000000        0x0 C:\cygwin64\home\Anthony\Project_Shiba\firmware\sdk\v10\examples\peripheral\bitbang\pca10028\armgcc\_build\gcc_startup_nrf51.o
 .text          0x00000000        0x0 c:/cygwin64/home/anthony/project_shiba/firmware/sdk/toolchain/bin/../lib/gcc/arm-none-eabi/7.3.1/thumb/v6-m/crtend.o
 .data          0x00000000        0x0 c:/cygwin64/home/anthony/project_shiba/firmware/sdk/toolchain/bin/../lib/gcc/arm-none-eabi/7.3.1/thumb/v6-m/crtend.o
 .bss           0x00000000        0x0 c:/cygwin64/home/anthony/project_shiba/firmware/sdk/toolchain/bin/../lib/gcc/arm-none-eabi/7.3.1/thumb/v6-m/crtend.o
 .eh_frame      0x00000000        0x4 c:/cygwin64/home/anthony/project_shiba/firmware/sdk/toolchain/bin/../lib/gcc/arm-none-eabi/7.3.1/thumb/v6-m/crtend.o
 .ARM.attributes
                0x00000000       0x2c c:/cygwin64/home/anthony/project_shiba/firmware/sdk/toolchain/bin/../lib/gcc/arm-none-eabi/7.3.1/thumb/v6-m/crtend.o
 .text          0x00000000        0x0 c:/cygwin64/home/anthony/project_shiba/firmware/sdk/toolchain/bin/../lib/gcc/arm-none-eabi/7.3.1/thumb/v6-m/crtn.o
 .data          0x00000000        0x0 c:/cygwin64/home/anthony/project_shiba/firmware/sdk/toolchain/bin/../lib/gcc/arm-none-eabi/7.3.1/thumb/v6-m/crtn.o
 .bss           0x00000000        0x0 c:/cygwin64/home/anthony/project_shiba/firmware/sdk/toolchain/bin/../lib/gcc/arm-none-eabi/7.3.1/thumb/v6-m/crtn.o

Memory Configuration

Name             Origin             Length             Attributes
FLASH            0x00000000         0x00040000         xr
RAM              0x20000000         0x00008000         xrw
*default*        0x00000000         0xffffffff

Linker script and memory map

LOAD c:/cygwin64/home/anthony/project_shiba/firmware/sdk/toolchain/bin/../lib/gcc/arm-none-eabi/7.3.1/thumb/v6-m/crti.o
LOAD c:/cygwin64/home/anthony/project_shiba/firmware/sdk/toolchain/bin/../lib/gcc/arm-none-eabi/7.3.1/thumb/v6-m/crtbegin.o
LOAD c:/cygwin64/home/anthony/project_shiba/firmware/sdk/toolchain/bin/../lib/gcc/arm-none-eabi/7.3.1/../../../../arm-none-eabi/lib/thumb/v6-m/crt0.o
LOAD c:/cygwin64/home/anthony/project_shiba/firmware/sdk/toolchain/bin/../lib/gcc/arm-none-eabi/7.3.1/../../../../arm-none-eabi/lib/thumb/v6-m\libc_nano.a
LOAD c:/cygwin64/home/anthony/project_shiba/firmware/sdk/toolchain/bin/../lib/gcc/arm-none-eabi/7.3.1/../../../../arm-none-eabi/lib/thumb/v6-m\libnosys.a
LOAD C:\cygwin64\home\Anthony\Project_Shiba\firmware\sdk\v10\examples\peripheral\bitbang\pca10028\armgcc\_build\system_nrf51.o
LOAD C:\cygwin64\home\Anthony\Project_Shiba\firmware\sdk\v10\examples\peripheral\bitbang\pca10028\armgcc\_build\main.o
LOAD C:\cygwin64\home\Anthony\Project_Shiba\firmware\sdk\v10\examples\peripheral\bitbang\pca10028\armgcc\_build\app_error.o
LOAD C:\cygwin64\home\Anthony\Project_Shiba\firmware\sdk\v10\examples\peripheral\bitbang\pca10028\armgcc\_build\app_fifo.o
LOAD C:\cygwin64\home\Anthony\Project_Shiba\firmware\sdk\v10\examples\peripheral\bitbang\pca10028\armgcc\_build\app_util_platform.o
LOAD C:\cygwin64\home\Anthony\Project_Shiba\firmware\sdk\v10\examples\peripheral\bitbang\pca10028\armgcc\_build\nrf_assert.o
LOAD C:\cygwin64\home\Anthony\Project_Shiba\firmware\sdk\v10\examples\peripheral\bitbang\pca10028\armgcc\_build\retarget.o
LOAD C:\cygwin64\home\Anthony\Project_Shiba\firmware\sdk\v10\examples\peripheral\bitbang\pca10028\armgcc\_build\app_uart_fifo.o
LOAD C:\cygwin64\home\Anthony\Project_Shiba\firmware\sdk\v10\examples\peripheral\bitbang\pca10028\armgcc\_build\nrf_delay.o
LOAD C:\cygwin64\home\Anthony\Project_Shiba\firmware\sdk\v10\examples\peripheral\bitbang\pca10028\armgcc\_build\nrf_drv_common.o
LOAD C:\cygwin64\home\Anthony\Project_Shiba\firmware\sdk\v10\examples\peripheral\bitbang\pca10028\armgcc\_build\nrf_drv_ppi.o
LOAD C:\cygwin64\home\Anthony\Project_Shiba\firmware\sdk\v10\examples\peripheral\bitbang\pca10028\armgcc\_build\nrf_drv_gpiote.o
LOAD C:\cygwin64\home\Anthony\Project_Shiba\firmware\sdk\v10\examples\peripheral\bitbang\pca10028\armgcc\_build\nrf_drv_timer.o
LOAD C:\cygwin64\home\Anthony\Project_Shiba\firmware\sdk\v10\examples\peripheral\bitbang\pca10028\armgcc\_build\nrf_drv_uart.o
LOAD C:\cygwin64\home\Anthony\Project_Shiba\firmware\sdk\v10\examples\peripheral\bitbang\pca10028\armgcc\_build\gcc_startup_nrf51.o
START GROUP
LOAD c:/cygwin64/home/anthony/project_shiba/firmware/sdk/toolchain/bin/../lib/gcc/arm-none-eabi/7.3.1/thumb/v6-m\libgcc.a
LOAD c:/cygwin64/home/anthony/project_shiba/firmware/sdk/toolchain/bin/../lib/gcc/arm-none-eabi/7.3.1/../../../../arm-none-eabi/lib/thumb/v6-m\libc_nano.a
END GROUP
START GROUP
LOAD c:/cygwin64/home/anthony/project_shiba/firmware/sdk/toolchain/bin/../lib/gcc/arm-none-eabi/7.3.1/thumb/v6-m\libgcc.a
LOAD c:/cygwin64/home/anthony/project_shiba/firmware/sdk/toolchain/bin/../lib/gcc/arm-none-eabi/7.3.1/../../../../arm-none-eabi/lib/thumb/v6-m\libc_nano.a
END GROUP
LOAD c:/cygwin64/home/anthony/project_shiba/firmware/sdk/toolchain/bin/../lib/gcc/arm-none-eabi/7.3.1/thumb/v6-m/crtend.o
LOAD c:/cygwin64/home/anthony/project_shiba/firmware/sdk/toolchain/bin/../lib/gcc/arm-none-eabi/7.3.1/thumb/v6-m/crtn.o
START GROUP
LOAD c:/cygwin64/home/anthony/project_shiba/firmware/sdk/toolchain/bin/../lib/gcc/arm-none-eabi/7.3.1/thumb/v6-m\libgcc.a
LOAD c:/cygwin64/home/anthony/project_shiba/firmware/sdk/toolchain/bin/../lib/gcc/arm-none-eabi/7.3.1/../../../../arm-none-eabi/lib/thumb/v6-m\libc.a
LOAD c:/cygwin64/home/anthony/project_shiba/firmware/sdk/toolchain/bin/../lib/gcc/arm-none-eabi/7.3.1/../../../../arm-none-eabi/lib/thumb/v6-m\libnosys.a
END GROUP

.fs_data_out    0x00000000        0x0
                [!provide]                PROVIDE (__start_fs_data = .)
 *(fs_data)
                [!provide]                PROVIDE (__stop_fs_data = .)

.text           0x00000000      0xfdc
 *(.Vectors)
 .Vectors       0x00000000       0xc0 C:\cygwin64\home\Anthony\Project_Shiba\firmware\sdk\v10\examples\peripheral\bitbang\pca10028\armgcc\_build\gcc_startup_nrf51.o
                0x00000000                __Vectors
 *(.text*)
 .text          0x000000c0       0x48 c:/cygwin64/home/anthony/project_shiba/firmware/sdk/toolchain/bin/../lib/gcc/arm-none-eabi/7.3.1/thumb/v6-m/crtbegin.o
 .text          0x00000108       0x78 c:/cygwin64/home/anthony/project_shiba/firmware/sdk/toolchain/bin/../lib/gcc/arm-none-eabi/7.3.1/../../../../arm-none-eabi/lib/thumb/v6-m/crt0.o
                0x00000108                _start
                0x00000108                _mainCRTStartup
 .text.exit     0x00000180       0x2c c:/cygwin64/home/anthony/project_shiba/firmware/sdk/toolchain/bin/../lib/gcc/arm-none-eabi/7.3.1/../../../../arm-none-eabi/lib/thumb/v6-m\libc_nano.a(lib_a-exit.o)
                0x00000180                exit
 .text.__libc_init_array
                0x000001ac       0x48 c:/cygwin64/home/anthony/project_shiba/firmware/sdk/toolchain/bin/../lib/gcc/arm-none-eabi/7.3.1/../../../../arm-none-eabi/lib/thumb/v6-m\libc_nano.a(lib_a-init.o)
                0x000001ac                __libc_init_array
 .text.memset   0x000001f4       0x10 c:/cygwin64/home/anthony/project_shiba/firmware/sdk/toolchain/bin/../lib/gcc/arm-none-eabi/7.3.1/../../../../arm-none-eabi/lib/thumb/v6-m\libc_nano.a(lib_a-memset.o)
                0x000001f4                memset
 .text._exit    0x00000204        0x4 c:/cygwin64/home/anthony/project_shiba/firmware/sdk/toolchain/bin/../lib/gcc/arm-none-eabi/7.3.1/../../../../arm-none-eabi/lib/thumb/v6-m\libnosys.a(_exit.o)
                0x00000204                _exit
 .text.SystemInit
                0x00000208       0x94 C:\cygwin64\home\Anthony\Project_Shiba\firmware\sdk\v10\examples\peripheral\bitbang\pca10028\armgcc\_build\system_nrf51.o
                0x00000208                SystemInit
 .text.timer_event_handler
                0x0000029c       0x4c C:\cygwin64\home\Anthony\Project_Shiba\firmware\sdk\v10\examples\peripheral\bitbang\pca10028\armgcc\_build\main.o
                0x0000029c                timer_event_handler
 .text.start_shit
                0x000002e8       0x38 C:\cygwin64\home\Anthony\Project_Shiba\firmware\sdk\v10\examples\peripheral\bitbang\pca10028\armgcc\_build\main.o
                0x000002e8                start_shit
 .text.startup.main
                0x00000320      0x3bc C:\cygwin64\home\Anthony\Project_Shiba\firmware\sdk\v10\examples\peripheral\bitbang\pca10028\armgcc\_build\main.o
                0x00000320                main
 .text.app_error_handler
                0x000006dc       0x18 C:\cygwin64\home\Anthony\Project_Shiba\firmware\sdk\v10\examples\peripheral\bitbang\pca10028\armgcc\_build\app_error.o
                0x000006dc                app_error_handler
 .text.critical_region_enter
                0x000006f4       0x10 C:\cygwin64\home\Anthony\Project_Shiba\firmware\sdk\v10\examples\peripheral\bitbang\pca10028\armgcc\_build\app_util_platform.o
                0x000006f4                critical_region_enter
 .text.critical_region_exit
                0x00000704       0x14 C:\cygwin64\home\Anthony\Project_Shiba\firmware\sdk\v10\examples\peripheral\bitbang\pca10028\armgcc\_build\app_util_platform.o
                0x00000704                critical_region_exit
 .text.nrf_drv_common_irq_enable
                0x00000718       0x68 C:\cygwin64\home\Anthony\Project_Shiba\firmware\sdk\v10\examples\peripheral\bitbang\pca10028\armgcc\_build\nrf_drv_common.o
                0x00000718                nrf_drv_common_irq_enable
 .text.nrf_drv_ppi_init
                0x00000780       0x18 C:\cygwin64\home\Anthony\Project_Shiba\firmware\sdk\v10\examples\peripheral\bitbang\pca10028\armgcc\_build\nrf_drv_ppi.o
                0x00000780                nrf_drv_ppi_init
 .text.nrf_drv_ppi_channel_alloc
                0x00000798       0x64 C:\cygwin64\home\Anthony\Project_Shiba\firmware\sdk\v10\examples\peripheral\bitbang\pca10028\armgcc\_build\nrf_drv_ppi.o
                0x00000798                nrf_drv_ppi_channel_alloc
 .text.nrf_drv_ppi_channel_assign
                0x000007fc       0x48 C:\cygwin64\home\Anthony\Project_Shiba\firmware\sdk\v10\examples\peripheral\bitbang\pca10028\armgcc\_build\nrf_drv_ppi.o
                0x000007fc                nrf_drv_ppi_channel_assign
 .text.nrf_drv_ppi_channel_enable
                0x00000844       0x38 C:\cygwin64\home\Anthony\Project_Shiba\firmware\sdk\v10\examples\peripheral\bitbang\pca10028\armgcc\_build\nrf_drv_ppi.o
                0x00000844                nrf_drv_ppi_channel_enable
 .text.nrf_drv_gpiote_init
                0x0000087c       0x54 C:\cygwin64\home\Anthony\Project_Shiba\firmware\sdk\v10\examples\peripheral\bitbang\pca10028\armgcc\_build\nrf_drv_gpiote.o
                0x0000087c                nrf_drv_gpiote_init
 .text.nrf_drv_gpiote_out_init
                0x000008d0       0xc8 C:\cygwin64\home\Anthony\Project_Shiba\firmware\sdk\v10\examples\peripheral\bitbang\pca10028\armgcc\_build\nrf_drv_gpiote.o
                0x000008d0                nrf_drv_gpiote_out_init
 .text.nrf_drv_gpiote_out_task_enable
                0x00000998       0x38 C:\cygwin64\home\Anthony\Project_Shiba\firmware\sdk\v10\examples\peripheral\bitbang\pca10028\armgcc\_build\nrf_drv_gpiote.o
                0x00000998                nrf_drv_gpiote_out_task_enable
 .text.nrf_drv_gpiote_out_task_addr_get
                0x000009d0       0x1c C:\cygwin64\home\Anthony\Project_Shiba\firmware\sdk\v10\examples\peripheral\bitbang\pca10028\armgcc\_build\nrf_drv_gpiote.o
                0x000009d0                nrf_drv_gpiote_out_task_addr_get
 .text.nrf_drv_gpiote_out_task_force
                0x000009ec       0x34 C:\cygwin64\home\Anthony\Project_Shiba\firmware\sdk\v10\examples\peripheral\bitbang\pca10028\armgcc\_build\nrf_drv_gpiote.o
                0x000009ec                nrf_drv_gpiote_out_task_force
 .text.GPIOTE_IRQHandler
                0x00000a20      0x198 C:\cygwin64\home\Anthony\Project_Shiba\firmware\sdk\v10\examples\peripheral\bitbang\pca10028\armgcc\_build\nrf_drv_gpiote.o
                0x00000a20                GPIOTE_IRQHandler
 .text.nrf_drv_timer_init
                0x00000bb8       0x98 C:\cygwin64\home\Anthony\Project_Shiba\firmware\sdk\v10\examples\peripheral\bitbang\pca10028\armgcc\_build\nrf_drv_timer.o
                0x00000bb8                nrf_drv_timer_init
 .text.nrf_drv_timer_enable
                0x00000c50       0x14 C:\cygwin64\home\Anthony\Project_Shiba\firmware\sdk\v10\examples\peripheral\bitbang\pca10028\armgcc\_build\nrf_drv_timer.o
                0x00000c50                nrf_drv_timer_enable
 .text.nrf_drv_timer_task_address_get
                0x00000c64        0x8 C:\cygwin64\home\Anthony\Project_Shiba\firmware\sdk\v10\examples\peripheral\bitbang\pca10028\armgcc\_build\nrf_drv_timer.o
                0x00000c64                nrf_drv_timer_task_address_get
 .text.nrf_drv_timer_event_address_get
                0x00000c6c        0x8 C:\cygwin64\home\Anthony\Project_Shiba\firmware\sdk\v10\examples\peripheral\bitbang\pca10028\armgcc\_build\nrf_drv_timer.o
                0x00000c6c                nrf_drv_timer_event_address_get
 .text.nrf_drv_timer_extended_compare
                0x00000c74       0x4c C:\cygwin64\home\Anthony\Project_Shiba\firmware\sdk\v10\examples\peripheral\bitbang\pca10028\armgcc\_build\nrf_drv_timer.o
                0x00000c74                nrf_drv_timer_extended_compare
 .text.TIMER0_IRQHandler
                0x00000cc0       0x5c C:\cygwin64\home\Anthony\Project_Shiba\firmware\sdk\v10\examples\peripheral\bitbang\pca10028\armgcc\_build\nrf_drv_timer.o
                0x00000cc0                TIMER0_IRQHandler
 .text.TIMER1_IRQHandler
                0x00000d1c       0x5c C:\cygwin64\home\Anthony\Project_Shiba\firmware\sdk\v10\examples\peripheral\bitbang\pca10028\armgcc\_build\nrf_drv_timer.o
                0x00000d1c                TIMER1_IRQHandler
 .text.TIMER2_IRQHandler
                0x00000d78       0x5c C:\cygwin64\home\Anthony\Project_Shiba\firmware\sdk\v10\examples\peripheral\bitbang\pca10028\armgcc\_build\nrf_drv_timer.o
                0x00000d78                TIMER2_IRQHandler
 .text.UART0_IRQHandler
                0x00000dd4      0x168 C:\cygwin64\home\Anthony\Project_Shiba\firmware\sdk\v10\examples\peripheral\bitbang\pca10028\armgcc\_build\nrf_drv_uart.o
                0x00000dd4                UART0_IRQHandler
 .text          0x00000f3c       0x54 C:\cygwin64\home\Anthony\Project_Shiba\firmware\sdk\v10\examples\peripheral\bitbang\pca10028\armgcc\_build\gcc_startup_nrf51.o
                0x00000f3c                Reset_Handler
                0x00000f84                NMI_Handler
                0x00000f86                HardFault_Handler
                0x00000f88                SVC_Handler
                0x00000f8a                PendSV_Handler
                0x00000f8c                SysTick_Handler
                0x00000f8e                POWER_CLOCK_IRQHandler
                0x00000f8e                RADIO_IRQHandler
                0x00000f8e                LPCOMP_IRQHandler
                0x00000f8e                SWI4_IRQHandler
                0x00000f8e                TEMP_IRQHandler
                0x00000f8e                RTC0_IRQHandler
                0x00000f8e                SWI5_IRQHandler
                0x00000f8e                SPI0_TWI0_IRQHandler
                0x00000f8e                SWI0_IRQHandler
                0x00000f8e                ECB_IRQHandler
                0x00000f8e                Default_Handler
                0x00000f8e                ADC_IRQHandler
                0x00000f8e                SWI3_IRQHandler
                0x00000f8e                CCM_AAR_IRQHandler
                0x00000f8e                WDT_IRQHandler
                0x00000f8e                QDEC_IRQHandler
                0x00000f8e                SWI2_IRQHandler
                0x00000f8e                RNG_IRQHandler
                0x00000f8e                SPI1_TWI1_IRQHandler
                0x00000f8e                RTC1_IRQHandler
                0x00000f8e                SWI1_IRQHandler
 *(.init)
 .init          0x00000f90        0x4 c:/cygwin64/home/anthony/project_shiba/firmware/sdk/toolchain/bin/../lib/gcc/arm-none-eabi/7.3.1/thumb/v6-m/crti.o
                0x00000f90                _init
 .init          0x00000f94        0x8 c:/cygwin64/home/anthony/project_shiba/firmware/sdk/toolchain/bin/../lib/gcc/arm-none-eabi/7.3.1/thumb/v6-m/crtn.o
 *(.fini)
 .fini          0x00000f9c        0x4 c:/cygwin64/home/anthony/project_shiba/firmware/sdk/toolchain/bin/../lib/gcc/arm-none-eabi/7.3.1/thumb/v6-m/crti.o
                0x00000f9c                _fini
 .fini          0x00000fa0        0x8 c:/cygwin64/home/anthony/project_shiba/firmware/sdk/toolchain/bin/../lib/gcc/arm-none-eabi/7.3.1/thumb/v6-m/crtn.o
 *crtbegin.o(.ctors)
 *crtbegin?.o(.ctors)
 *(EXCLUDE_FILE(*crtend.o *crtend?.o) .ctors)
 *(SORT_BY_NAME(.ctors.*))
 *(.ctors)
 *crtbegin.o(.dtors)
 *crtbegin?.o(.dtors)
 *(EXCLUDE_FILE(*crtend.o *crtend?.o) .dtors)
 *(SORT_BY_NAME(.dtors.*))
 *(.dtors)
 *(.rodata*)
 .rodata._global_impure_ptr
                0x00000fa8        0x4 c:/cygwin64/home/anthony/project_shiba/firmware/sdk/toolchain/bin/../lib/gcc/arm-none-eabi/7.3.1/../../../../arm-none-eabi/lib/thumb/v6-m\libc_nano.a(lib_a-impure.o)
                0x00000fa8                _global_impure_ptr
 .rodata.timer0
                0x00000fac        0x8 C:\cygwin64\home\Anthony\Project_Shiba\firmware\sdk\v10\examples\peripheral\bitbang\pca10028\armgcc\_build\main.o
                0x00000fac                timer0
 .rodata.timer1
                0x00000fb4        0x8 C:\cygwin64\home\Anthony\Project_Shiba\firmware\sdk\v10\examples\peripheral\bitbang\pca10028\armgcc\_build\main.o
                0x00000fb4                timer1
 .rodata.timer2
                0x00000fbc        0x8 C:\cygwin64\home\Anthony\Project_Shiba\firmware\sdk\v10\examples\peripheral\bitbang\pca10028\armgcc\_build\main.o
                0x00000fbc                timer2
 .rodata.m_default_config
                0x00000fc4       0x18 C:\cygwin64\home\Anthony\Project_Shiba\firmware\sdk\v10\examples\peripheral\bitbang\pca10028\armgcc\_build\nrf_drv_timer.o
 *(.eh_frame*)
 .eh_frame      0x00000fdc        0x0 c:/cygwin64/home/anthony/project_shiba/firmware/sdk/toolchain/bin/../lib/gcc/arm-none-eabi/7.3.1/thumb/v6-m/crtbegin.o
                0x00000fdc                . = ALIGN (0x4)

.glue_7         0x00000fdc        0x0
 .glue_7        0x00000fdc        0x0 linker stubs

.glue_7t        0x00000fdc        0x0
 .glue_7t       0x00000fdc        0x0 linker stubs

.vfp11_veneer   0x00000fdc        0x0
 .vfp11_veneer  0x00000fdc        0x0 linker stubs

.v4_bx          0x00000fdc        0x0
 .v4_bx         0x00000fdc        0x0 linker stubs

.iplt           0x00000fdc        0x0
 .iplt          0x00000fdc        0x0 c:/cygwin64/home/anthony/project_shiba/firmware/sdk/toolchain/bin/../lib/gcc/arm-none-eabi/7.3.1/thumb/v6-m/crtbegin.o

.ARM.extab      0x00000fdc        0x0
 *(.ARM.extab* .gnu.linkonce.armextab.*)
                0x00000fdc                . = ALIGN (0x4)
                0x00000fdc                __exidx_start = .

.ARM.exidx      0x00000fdc        0x8
 *(.ARM.exidx* .gnu.linkonce.armexidx.*)
 .ARM.exidx     0x00000fdc        0x8 c:/cygwin64/home/anthony/project_shiba/firmware/sdk/toolchain/bin/../lib/gcc/arm-none-eabi/7.3.1/../../../../arm-none-eabi/lib/thumb/v6-m/crt0.o
 .ARM.exidx     0x00000fe4        0x0 C:\cygwin64\home\Anthony\Project_Shiba\firmware\sdk\v10\examples\peripheral\bitbang\pca10028\armgcc\_build\gcc_startup_nrf51.o
                                  0x8 (size before relaxing)
                0x00000fe4                . = ALIGN (0x4)
                0x00000fe4                __exidx_end = .
                0x00000fe4                __etext = .

.rel.dyn        0x00000fe4        0x0
 .rel.iplt      0x00000fe4        0x0 c:/cygwin64/home/anthony/project_shiba/firmware/sdk/toolchain/bin/../lib/gcc/arm-none-eabi/7.3.1/thumb/v6-m/crtbegin.o

.data           0x20000000       0x74 load address 0x00000fe4
                0x20000000                __data_start__ = .
 *(vtable)
 *(.data*)
 .data.impure_data
                0x20000000       0x60 c:/cygwin64/home/anthony/project_shiba/firmware/sdk/toolchain/bin/../lib/gcc/arm-none-eabi/7.3.1/../../../../arm-none-eabi/lib/thumb/v6-m\libc_nano.a(lib_a-impure.o)
 .data.gpio_config
                0x20000060        0x3 C:\cygwin64\home\Anthony\Project_Shiba\firmware\sdk\v10\examples\peripheral\bitbang\pca10028\armgcc\_build\main.o
                0x20000060                gpio_config
 *fill*         0x20000063        0x1 
 .data.timer_config
                0x20000064        0x8 C:\cygwin64\home\Anthony\Project_Shiba\firmware\sdk\v10\examples\peripheral\bitbang\pca10028\armgcc\_build\main.o
                0x20000064                timer_config
                0x2000006c                . = ALIGN (0x4)
                0x2000006c                PROVIDE (__preinit_array_start = .)
 *(.preinit_array)
                0x2000006c                PROVIDE (__preinit_array_end = .)
                0x2000006c                . = ALIGN (0x4)
                0x2000006c                PROVIDE (__init_array_start = .)
 *(SORT_BY_NAME(.init_array.*))
 *(.init_array)
 .init_array    0x2000006c        0x4 c:/cygwin64/home/anthony/project_shiba/firmware/sdk/toolchain/bin/../lib/gcc/arm-none-eabi/7.3.1/thumb/v6-m/crtbegin.o
                0x20000070                PROVIDE (__init_array_end = .)
                0x20000070                . = ALIGN (0x4)
                [!provide]                PROVIDE (__fini_array_start = .)
 *(SORT_BY_NAME(.fini_array.*))
 *(.fini_array)
 .fini_array    0x20000070        0x4 c:/cygwin64/home/anthony/project_shiba/firmware/sdk/toolchain/bin/../lib/gcc/arm-none-eabi/7.3.1/thumb/v6-m/crtbegin.o
                [!provide]                PROVIDE (__fini_array_end = .)
 *(.jcr)
                0x20000074                . = ALIGN (0x4)
                0x20000074                __data_end__ = .

.igot.plt       0x20000074        0x0 load address 0x00001058
 .igot.plt      0x20000074        0x0 c:/cygwin64/home/anthony/project_shiba/firmware/sdk/toolchain/bin/../lib/gcc/arm-none-eabi/7.3.1/thumb/v6-m/crtbegin.o

.bss            0x20000074       0xa0 load address 0x00001058
                0x20000074                . = ALIGN (0x4)
                0x20000074                __bss_start__ = .
 *(.bss*)
 .bss           0x20000074       0x1c c:/cygwin64/home/anthony/project_shiba/firmware/sdk/toolchain/bin/../lib/gcc/arm-none-eabi/7.3.1/thumb/v6-m/crtbegin.o
 .bss.toggle    0x20000090        0x1 C:\cygwin64\home\Anthony\Project_Shiba\firmware\sdk\v10\examples\peripheral\bitbang\pca10028\armgcc\_build\main.o
 *fill*         0x20000091        0x3 
 .bss.m_in_critical_region
                0x20000094        0x4 C:\cygwin64\home\Anthony\Project_Shiba\firmware\sdk\v10\examples\peripheral\bitbang\pca10028\armgcc\_build\app_util_platform.o
 .bss.m_channels_allocated
                0x20000098        0x4 C:\cygwin64\home\Anthony\Project_Shiba\firmware\sdk\v10\examples\peripheral\bitbang\pca10028\armgcc\_build\nrf_drv_ppi.o
 .bss.m_drv_state
                0x2000009c        0x1 C:\cygwin64\home\Anthony\Project_Shiba\firmware\sdk\v10\examples\peripheral\bitbang\pca10028\armgcc\_build\nrf_drv_ppi.o
 *fill*         0x2000009d        0x3 
 .bss.m_cb      0x200000a0       0x38 C:\cygwin64\home\Anthony\Project_Shiba\firmware\sdk\v10\examples\peripheral\bitbang\pca10028\armgcc\_build\nrf_drv_gpiote.o
 .bss.m_cb      0x200000d8        0x3 C:\cygwin64\home\Anthony\Project_Shiba\firmware\sdk\v10\examples\peripheral\bitbang\pca10028\armgcc\_build\nrf_drv_timer.o
 *fill*         0x200000db        0x1 
 .bss.m_timer_event_handlers
                0x200000dc        0xc C:\cygwin64\home\Anthony\Project_Shiba\firmware\sdk\v10\examples\peripheral\bitbang\pca10028\armgcc\_build\nrf_drv_timer.o
 .bss.mp_contexts
                0x200000e8        0xc C:\cygwin64\home\Anthony\Project_Shiba\firmware\sdk\v10\examples\peripheral\bitbang\pca10028\armgcc\_build\nrf_drv_timer.o
 .bss.m_cb      0x200000f4       0x18 C:\cygwin64\home\Anthony\Project_Shiba\firmware\sdk\v10\examples\peripheral\bitbang\pca10028\armgcc\_build\nrf_drv_uart.o
 *(COMMON)
 COMMON         0x2000010c        0x7 C:\cygwin64\home\Anthony\Project_Shiba\firmware\sdk\v10\examples\peripheral\bitbang\pca10028\armgcc\_build\main.o
                0x2000010c                ppi_channel3
                0x2000010d                ppi_channel6
                0x2000010e                ppi_channel0
                0x2000010f                ppi_channel1
                0x20000110                ppi_channel4
                0x20000111                ppi_channel2
                0x20000112                ppi_channel5
                0x20000114                . = ALIGN (0x4)
 *fill*         0x20000113        0x1 
                0x20000114                __bss_end__ = .

.heap           0x20000118      0x800
                0x20000118                __end__ = .
                0x20000118                end = __end__
 *(.heap*)
 .heap          0x20000118      0x800 C:\cygwin64\home\Anthony\Project_Shiba\firmware\sdk\v10\examples\peripheral\bitbang\pca10028\armgcc\_build\gcc_startup_nrf51.o
                0x20000118                __HeapBase
                0x20000918                __HeapLimit = .

.stack_dummy    0x20000118      0x800
 *(.stack*)
 .stack         0x20000118      0x800 C:\cygwin64\home\Anthony\Project_Shiba\firmware\sdk\v10\examples\peripheral\bitbang\pca10028\armgcc\_build\gcc_startup_nrf51.o
                0x20008000                __StackTop = (ORIGIN (RAM) + LENGTH (RAM))
                0x20007800                __StackLimit = (__StackTop - SIZEOF (.stack_dummy))
                0x20008000                PROVIDE (__stack = __StackTop)
                0x00000001                ASSERT ((__StackLimit >= __HeapLimit), region RAM overflowed with stack)
OUTPUT(C:\cygwin64\home\Anthony\Project_Shiba\firmware\sdk\v10\examples\peripheral\bitbang\pca10028\armgcc\_build\nrf51422_xxac.out elf32-littlearm)

.ARM.attributes
                0x00000000       0x28
 .ARM.attributes
                0x00000000       0x1e c:/cygwin64/home/anthony/project_shiba/firmware/sdk/toolchain/bin/../lib/gcc/arm-none-eabi/7.3.1/thumb/v6-m/crti.o
 .ARM.attributes
                0x0000001e       0x2c c:/cygwin64/home/anthony/project_shiba/firmware/sdk/toolchain/bin/../lib/gcc/arm-none-eabi/7.3.1/thumb/v6-m/crtbegin.o
 .ARM.attributes
                0x0000004a       0x1b c:/cygwin64/home/anthony/project_shiba/firmware/sdk/toolchain/bin/../lib/gcc/arm-none-eabi/7.3.1/../../../../arm-none-eabi/lib/thumb/v6-m/crt0.o
 .ARM.attributes
                0x00000065       0x2c c:/cygwin64/home/anthony/project_shiba/firmware/sdk/toolchain/bin/../lib/gcc/arm-none-eabi/7.3.1/../../../../arm-none-eabi/lib/thumb/v6-m\libc_nano.a(lib_a-exit.o)
 .ARM.attributes
                0x00000091       0x2c c:/cygwin64/home/anthony/project_shiba/firmware/sdk/toolchain/bin/../lib/gcc/arm-none-eabi/7.3.1/../../../../arm-none-eabi/lib/thumb/v6-m\libc_nano.a(lib_a-impure.o)
 .ARM.attributes
                0x000000bd       0x2c c:/cygwin64/home/anthony/project_shiba/firmware/sdk/toolchain/bin/../lib/gcc/arm-none-eabi/7.3.1/../../../../arm-none-eabi/lib/thumb/v6-m\libc_nano.a(lib_a-init.o)
 .ARM.attributes
                0x000000e9       0x2c c:/cygwin64/home/anthony/project_shiba/firmware/sdk/toolchain/bin/../lib/gcc/arm-none-eabi/7.3.1/../../../../arm-none-eabi/lib/thumb/v6-m\libc_nano.a(lib_a-memset.o)
 .ARM.attributes
                0x00000115       0x2c c:/cygwin64/home/anthony/project_shiba/firmware/sdk/toolchain/bin/../lib/gcc/arm-none-eabi/7.3.1/../../../../arm-none-eabi/lib/thumb/v6-m\libnosys.a(_exit.o)
 .ARM.attributes
                0x00000141       0x31 C:\cygwin64\home\Anthony\Project_Shiba\firmware\sdk\v10\examples\peripheral\bitbang\pca10028\armgcc\_build\system_nrf51.o
 .ARM.attributes
                0x00000172       0x31 C:\cygwin64\home\Anthony\Project_Shiba\firmware\sdk\v10\examples\peripheral\bitbang\pca10028\armgcc\_build\main.o
 .ARM.attributes
                0x000001a3       0x31 C:\cygwin64\home\Anthony\Project_Shiba\firmware\sdk\v10\examples\peripheral\bitbang\pca10028\armgcc\_build\app_error.o
 .ARM.attributes
                0x000001d4       0x31 C:\cygwin64\home\Anthony\Project_Shiba\firmware\sdk\v10\examples\peripheral\bitbang\pca10028\armgcc\_build\app_util_platform.o
 .ARM.attributes
                0x00000205       0x31 C:\cygwin64\home\Anthony\Project_Shiba\firmware\sdk\v10\examples\peripheral\bitbang\pca10028\armgcc\_build\nrf_drv_common.o
 .ARM.attributes
                0x00000236       0x31 C:\cygwin64\home\Anthony\Project_Shiba\firmware\sdk\v10\examples\peripheral\bitbang\pca10028\armgcc\_build\nrf_drv_ppi.o
 .ARM.attributes
                0x00000267       0x31 C:\cygwin64\home\Anthony\Project_Shiba\firmware\sdk\v10\examples\peripheral\bitbang\pca10028\armgcc\_build\nrf_drv_gpiote.o
 .ARM.attributes
                0x00000298       0x31 C:\cygwin64\home\Anthony\Project_Shiba\firmware\sdk\v10\examples\peripheral\bitbang\pca10028\armgcc\_build\nrf_drv_timer.o
 .ARM.attributes
                0x000002c9       0x31 C:\cygwin64\home\Anthony\Project_Shiba\firmware\sdk\v10\examples\peripheral\bitbang\pca10028\armgcc\_build\nrf_drv_uart.o
 .ARM.attributes
                0x000002fa       0x1b C:\cygwin64\home\Anthony\Project_Shiba\firmware\sdk\v10\examples\peripheral\bitbang\pca10028\armgcc\_build\gcc_startup_nrf51.o
 .ARM.attributes
                0x00000315       0x1e c:/cygwin64/home/anthony/project_shiba/firmware/sdk/toolchain/bin/../lib/gcc/arm-none-eabi/7.3.1/thumb/v6-m/crtn.o

.comment        0x00000000       0x7f
 .comment       0x00000000       0x7f C:\cygwin64\home\Anthony\Project_Shiba\firmware\sdk\v10\examples\peripheral\bitbang\pca10028\armgcc\_build\system_nrf51.o
                                 0x80 (size before relaxing)
 .comment       0x0000007f       0x80 C:\cygwin64\home\Anthony\Project_Shiba\firmware\sdk\v10\examples\peripheral\bitbang\pca10028\armgcc\_build\main.o
 .comment       0x0000007f       0x80 C:\cygwin64\home\Anthony\Project_Shiba\firmware\sdk\v10\examples\peripheral\bitbang\pca10028\armgcc\_build\app_error.o
 .comment       0x0000007f       0x80 C:\cygwin64\home\Anthony\Project_Shiba\firmware\sdk\v10\examples\peripheral\bitbang\pca10028\armgcc\_build\app_util_platform.o
 .comment       0x0000007f       0x80 C:\cygwin64\home\Anthony\Project_Shiba\firmware\sdk\v10\examples\peripheral\bitbang\pca10028\armgcc\_build\nrf_drv_common.o
 .comment       0x0000007f       0x80 C:\cygwin64\home\Anthony\Project_Shiba\firmware\sdk\v10\examples\peripheral\bitbang\pca10028\armgcc\_build\nrf_drv_ppi.o
 .comment       0x0000007f       0x80 C:\cygwin64\home\Anthony\Project_Shiba\firmware\sdk\v10\examples\peripheral\bitbang\pca10028\armgcc\_build\nrf_drv_gpiote.o
 .comment       0x0000007f       0x80 C:\cygwin64\home\Anthony\Project_Shiba\firmware\sdk\v10\examples\peripheral\bitbang\pca10028\armgcc\_build\nrf_drv_timer.o
 .comment       0x0000007f       0x80 C:\cygwin64\home\Anthony\Project_Shiba\firmware\sdk\v10\examples\peripheral\bitbang\pca10028\armgcc\_build\nrf_drv_uart.o

.debug_frame    0x00000000       0x94
 .debug_frame   0x00000000       0x28 c:/cygwin64/home/anthony/project_shiba/firmware/sdk/toolchain/bin/../lib/gcc/arm-none-eabi/7.3.1/../../../../arm-none-eabi/lib/thumb/v6-m\libc_nano.a(lib_a-exit.o)
 .debug_frame   0x00000028       0x2c c:/cygwin64/home/anthony/project_shiba/firmware/sdk/toolchain/bin/../lib/gcc/arm-none-eabi/7.3.1/../../../../arm-none-eabi/lib/thumb/v6-m\libc_nano.a(lib_a-init.o)
 .debug_frame   0x00000054       0x20 c:/cygwin64/home/anthony/project_shiba/firmware/sdk/toolchain/bin/../lib/gcc/arm-none-eabi/7.3.1/../../../../arm-none-eabi/lib/thumb/v6-m\libc_nano.a(lib_a-memset.o)
 .debug_frame   0x00000074       0x20 c:/cygwin64/home/anthony/project_shiba/firmware/sdk/toolchain/bin/../lib/gcc/arm-none-eabi/7.3.1/../../../../arm-none-eabi/lib/thumb/v6-m\libnosys.a(_exit.o)
