###############################################################################
#
# IAR ELF Linker V7.70.1.11437/W32 for ARM                28/Oct/2018  04:06:06
# Copyright 2007-2016 IAR Systems AB.
#
#    Output file  =  
#        C:\cygwin64\home\Anthony\Project_Shiba\firmware\sdk\v10\examples\peripheral\ppi\pca10028\iar\_build\ppi_pca10028.out
#    Map file     =  
#        C:\cygwin64\home\Anthony\Project_Shiba\firmware\sdk\v10\examples\peripheral\ppi\pca10028\iar\_build\ppi_pca10028.map
#    Command line =  
#        C:\cygwin64\home\Anthony\Project_Shiba\firmware\sdk\v10\examples\peripheral\ppi\pca10028\iar\_build\app_error.o
#        C:\cygwin64\home\Anthony\Project_Shiba\firmware\sdk\v10\examples\peripheral\ppi\pca10028\iar\_build\app_fifo.o
#        C:\cygwin64\home\Anthony\Project_Shiba\firmware\sdk\v10\examples\peripheral\ppi\pca10028\iar\_build\app_uart_fifo.o
#        C:\cygwin64\home\Anthony\Project_Shiba\firmware\sdk\v10\examples\peripheral\ppi\pca10028\iar\_build\app_util_platform.o
#        C:\cygwin64\home\Anthony\Project_Shiba\firmware\sdk\v10\examples\peripheral\ppi\pca10028\iar\_build\iar_startup_nrf51.o
#        C:\cygwin64\home\Anthony\Project_Shiba\firmware\sdk\v10\examples\peripheral\ppi\pca10028\iar\_build\main.o
#        C:\cygwin64\home\Anthony\Project_Shiba\firmware\sdk\v10\examples\peripheral\ppi\pca10028\iar\_build\nrf_assert.o
#        C:\cygwin64\home\Anthony\Project_Shiba\firmware\sdk\v10\examples\peripheral\ppi\pca10028\iar\_build\nrf_delay.o
#        C:\cygwin64\home\Anthony\Project_Shiba\firmware\sdk\v10\examples\peripheral\ppi\pca10028\iar\_build\nrf_drv_common.o
#        C:\cygwin64\home\Anthony\Project_Shiba\firmware\sdk\v10\examples\peripheral\ppi\pca10028\iar\_build\nrf_drv_gpiote.o
#        C:\cygwin64\home\Anthony\Project_Shiba\firmware\sdk\v10\examples\peripheral\ppi\pca10028\iar\_build\nrf_drv_ppi.o
#        C:\cygwin64\home\Anthony\Project_Shiba\firmware\sdk\v10\examples\peripheral\ppi\pca10028\iar\_build\nrf_drv_timer.o
#        C:\cygwin64\home\Anthony\Project_Shiba\firmware\sdk\v10\examples\peripheral\ppi\pca10028\iar\_build\nrf_drv_uart.o
#        C:\cygwin64\home\Anthony\Project_Shiba\firmware\sdk\v10\examples\peripheral\ppi\pca10028\iar\_build\retarget.o
#        C:\cygwin64\home\Anthony\Project_Shiba\firmware\sdk\v10\examples\peripheral\ppi\pca10028\iar\_build\system_nrf51.o
#        --redirect _Printf=_PrintfFull --redirect _Scanf=_ScanfFull -o
#        C:\cygwin64\home\Anthony\Project_Shiba\firmware\sdk\v10\examples\peripheral\ppi\pca10028\iar\_build\ppi_pca10028.out
#        --map
#        C:\cygwin64\home\Anthony\Project_Shiba\firmware\sdk\v10\examples\peripheral\ppi\pca10028\iar\_build\ppi_pca10028.map
#        --config
#        C:\cygwin64\home\Anthony\Project_Shiba\firmware\sdk\v10\examples\peripheral\ppi\pca10028\iar\ppi_iar_nRF5x.icf
#        --warnings_are_errors --entry __iar_program_start --inline --vfe
#
###############################################################################

*******************************************************************************
*** RUNTIME MODEL ATTRIBUTES
***

CppFlavor       = *
__SystemLibrary = DLib


*******************************************************************************
*** PLACEMENT SUMMARY
***

"A0":  place at 0x00000000 { ro section .intvec };
"P1":  place in [from 0x00000000 to 0x0003ffff] { ro };
"P2":  place in [from 0x20000000 to 0x20007fff] { rw, block CSTACK, block HEAP };
initialize by copy { rw };
 { section .intvec };

  Section            Kind        Address   Size  Object
  -------            ----        -------   ----  ------
"A0":                                      0xc0
  .intvec            ro code  0x00000000   0xc0  iar_startup_nrf51.o [1]
                            - 0x000000c0   0xc0

"P1":                                     0xba2
  .text              ro code  0x000000c0  0x304  nrf_drv_gpiote.o [1]
  .text              ro code  0x000003c4   0x3c  ABImemset.o [4]
  .text              ro code  0x00000400   0x5c  nrf_drv_common.o [1]
  .text              ro code  0x0000045c  0x1ac  main.o [1]
  .text              ro code  0x00000608  0x194  nrf_drv_timer.o [1]
  .text              ro code  0x0000079c   0x1c  app_error.o [1]
  .text              ro code  0x000007b8  0x104  nrf_drv_ppi.o [1]
  .text              ro code  0x000008bc   0x20  app_util_platform.o [1]
  .text              ro code  0x000008dc  0x19c  nrf_drv_uart.o [1]
  .text              ro code  0x00000a78   0x7c  system_nrf51.o [1]
  .text              ro code  0x00000af4   0x3c  zero_init3.o [4]
  .text              ro code  0x00000b30   0x30  copy_init3.o [4]
  .text              ro code  0x00000b60   0x2c  iar_startup_nrf51.o [1]
  .text              ro code  0x00000b8c   0x28  data_init.o [4]
  .iar.init_table    const    0x00000bb4   0x24  - Linker created -
  .text              ro code  0x00000bd8   0x1a  cmain.o [4]
  .text              ro code  0x00000bf2    0x8  exit.o [3]
  .text              ro code  0x00000bfa    0x2  iar_startup_nrf51.o [1]
  .text              ro code  0x00000bfc    0xa  cexit.o [4]
  .text              ro code  0x00000c06    0x2  iar_startup_nrf51.o [1]
  .text              ro code  0x00000c08    0xc  XXexit.o [4]
  Initializer bytes  const    0x00000c14   0x14  <for P2-1>
  .text              ro code  0x00000c28    0xc  cstartup_M.o [4]
  .text              ro code  0x00000c34    0x2  iar_startup_nrf51.o [1]
  .text              ro code  0x00000c36    0x2  iar_startup_nrf51.o [1]
  .text              ro code  0x00000c38    0x2  iar_startup_nrf51.o [1]
  .text              ro code  0x00000c3a    0x2  iar_startup_nrf51.o [1]
  .text              ro code  0x00000c3c    0x2  iar_startup_nrf51.o [1]
  .text              ro code  0x00000c3e    0x2  iar_startup_nrf51.o [1]
  .text              ro code  0x00000c40    0x2  iar_startup_nrf51.o [1]
  .text              ro code  0x00000c42    0x2  iar_startup_nrf51.o [1]
  .text              ro code  0x00000c44    0x2  iar_startup_nrf51.o [1]
  .text              ro code  0x00000c46    0x2  iar_startup_nrf51.o [1]
  .text              ro code  0x00000c48    0x2  iar_startup_nrf51.o [1]
  .text              ro code  0x00000c4a    0x2  iar_startup_nrf51.o [1]
  .text              ro code  0x00000c4c    0x2  iar_startup_nrf51.o [1]
  .text              ro code  0x00000c4e    0x2  iar_startup_nrf51.o [1]
  .text              ro code  0x00000c50    0x2  iar_startup_nrf51.o [1]
  .text              ro code  0x00000c52    0x2  iar_startup_nrf51.o [1]
  .text              ro code  0x00000c54    0x2  iar_startup_nrf51.o [1]
  .text              ro code  0x00000c56    0x2  iar_startup_nrf51.o [1]
  .text              ro code  0x00000c58    0x2  iar_startup_nrf51.o [1]
  .text              ro code  0x00000c5a    0x2  iar_startup_nrf51.o [1]
  .text              ro code  0x00000c5c    0x2  iar_startup_nrf51.o [1]
  .text              ro code  0x00000c5e    0x2  iar_startup_nrf51.o [1]
  .text              ro code  0x00000c60    0x2  iar_startup_nrf51.o [1]
  .rodata            const    0x00000c62    0x0  zero_init3.o [4]
  .rodata            const    0x00000c62    0x0  copy_init3.o [4]
                            - 0x00000c62  0xba2

"P2", part 1 of 3:                         0x14
  P2-1                        0x20000000   0x14  <Init block>
    .data            inited   0x20000000    0x8  main.o [1]
    .data            inited   0x20000008    0x8  main.o [1]
    .data            inited   0x20000010    0x4  system_nrf51.o [1]
                            - 0x20000014   0x14

"P2", part 2 of 3:                        0x800
  CSTACK                      0x20000018  0x800  <Block>
    CSTACK           uninit   0x20000018  0x800  <Block tail>
                            - 0x20000818  0x800

"P2", part 3 of 3:                         0x78
  .bss               zero     0x20000818   0x38  nrf_drv_gpiote.o [1]
  .bss               zero     0x20000850   0x1c  nrf_drv_timer.o [1]
  .bss               zero     0x2000086c   0x18  nrf_drv_uart.o [1]
  .bss               zero     0x20000884    0x8  nrf_drv_ppi.o [1]
  .bss               zero     0x2000088c    0x4  app_util_platform.o [1]
                            - 0x20000890   0x78


*******************************************************************************
*** INIT TABLE
***

          Address     Size
          -------     ----
Zero (__iar_zero_init3)
    1 destination range, total size 0x78:
          0x20000818  0x78

Copy (__iar_copy_init3)
    1 source range, total size 0x14:
          0x00000c14  0x14
    1 destination range, total size 0x14:
          0x20000000  0x14



*******************************************************************************
*** MODULE SUMMARY
***

    Module               ro code  ro data  rw data
    ------               -------  -------  -------
C:\cygwin64\home\Anthony\Project_Shiba\firmware\sdk\v10\examples\peripheral\ppi\pca10028\iar\_build: [1]
    app_error.o               28
    app_util_platform.o       32                 4
    iar_startup_nrf51.o      286
    main.o                   428       16       16
    nrf_drv_common.o          92
    nrf_drv_gpiote.o         772                56
    nrf_drv_ppi.o            260                 8
    nrf_drv_timer.o          404                28
    nrf_drv_uart.o           412                24
    system_nrf51.o           124        4        4
    ----------------------------------------------
    Total:                 2 838       20      140

command line: [2]
    ----------------------------------------------
    Total:

dl6M_tlf.a: [3]
    exit.o                     8
    ----------------------------------------------
    Total:                     8

rt6M_tl.a: [4]
    ABImemset.o               60
    XXexit.o                  12
    cexit.o                   10
    cmain.o                   26
    copy_init3.o              48
    cstartup_M.o              12
    data_init.o               40
    zero_init3.o              60
    ----------------------------------------------
    Total:                   268

    Linker created                     36    2 048
--------------------------------------------------
    Grand Total:           3 114       56    2 188


*******************************************************************************
*** ENTRY LIST
***

Entry                      Address  Size  Type      Object
-----                      -------  ----  ----      ------
.iar.init_table$$Base   0x00000bb4         --   Gb  - Linker created -
.iar.init_table$$Limit  0x00000bd8         --   Gb  - Linker created -
?main                   0x00000bd9        Code  Gb  cmain.o [4]
CSTACK$$Base            0x20000018         --   Gb  - Linker created -
CSTACK$$Limit           0x20000818         --   Gb  - Linker created -
GPIOTE_IRQHandler       0x000002c1  0xe4  Code  Gb  nrf_drv_gpiote.o [1]
Region$$Table$$Base     0x00000bb4         --   Gb  - Linker created -
Region$$Table$$Limit    0x00000bd8         --   Gb  - Linker created -
SystemCoreClock         0x20000010   0x4  Data  Gb  system_nrf51.o [1]
SystemInit              0x00000a79  0x68  Code  Gb  system_nrf51.o [1]
TIMER0_IRQHandler       0x0000074b   0xc  Code  Gb  nrf_drv_timer.o [1]
TIMER1_IRQHandler       0x00000757   0xc  Code  Gb  nrf_drv_timer.o [1]
TIMER2_IRQHandler       0x00000763   0xc  Code  Gb  nrf_drv_timer.o [1]
UART0_IRQHandler        0x00000971  0xea  Code  Gb  nrf_drv_uart.o [1]
__Vectors               0x00000000         --   Gb  iar_startup_nrf51.o [1]
__Vectors_End           0x000000c0        Data  Gb  iar_startup_nrf51.o [1]
__Vectors_Size {Abs}    0x000000c0         --   Gb  iar_startup_nrf51.o [1]
__aeabi_memset4         0x000003c5        Code  Gb  ABImemset.o [4]
__aeabi_memset8         0x000003c5        Code  Gb  ABImemset.o [4]
__cmain                 0x00000bd9        Code  Gb  cmain.o [4]
__exit                  0x00000c09        Code  Gb  XXexit.o [4]
__iar_Memset4_word      0x000003d1        Code  Gb  ABImemset.o [4]
__iar_copy_init3        0x00000b31  0x30  Code  Gb  copy_init3.o [4]
__iar_data_init3        0x00000b8d  0x28  Code  Gb  data_init.o [4]
__iar_program_start     0x00000c29        Code  Gb  cstartup_M.o [4]
__iar_zero_init3        0x00000af5  0x3c  Code  Gb  zero_init3.o [4]
__vector_table          0x00000000        Data  Gb  iar_startup_nrf51.o [1]
_call_main              0x00000be5        Code  Gb  cmain.o [4]
_exit                   0x00000bfd        Code  Gb  cexit.o [4]
_main                   0x00000bef        Code  Gb  cmain.o [4]
app_error_handler       0x0000079d  0x1c  Code  Wk  app_error.o [1]
channel_free            0x0000014b  0x16  Code  Lc  nrf_drv_gpiote.o [1]
channel_port_alloc      0x00000103  0x48  Code  Lc  nrf_drv_gpiote.o [1]
critical_region_enter   0x000008bd   0xc  Code  Gb  app_util_platform.o [1]
critical_region_exit    0x000008c9   0xe  Code  Gb  app_util_platform.o [1]
exit                    0x00000bf3   0x8  Code  Gb  exit.o [3]
gpio_config             0x2000000c   0x4  Data  Gb  main.o [1]
init_timer              0x000004b5  0xb0  Code  Lc  main.o [1]
is_allocated_channel    0x000007d5   0xc  Code  Lc  nrf_drv_ppi.o [1]
is_app_channel          0x000007c3  0x12  Code  Lc  nrf_drv_ppi.o [1]
is_programmable_app_channel
                        0x000007b9   0xa  Code  Lc  nrf_drv_ppi.o [1]
m_cb                    0x20000818  0x38  Data  Lc  nrf_drv_gpiote.o [1]
m_cb                    0x20000850   0x4  Data  Lc  nrf_drv_timer.o [1]
m_cb                    0x2000086c  0x18  Data  Lc  nrf_drv_uart.o [1]
m_channels_allocated    0x20000888   0x4  Data  Lc  nrf_drv_ppi.o [1]
m_default_config        0x00000784  0x18  Data  Lc  nrf_drv_timer.o [1]
m_drv_state             0x20000884   0x1  Data  Lc  nrf_drv_ppi.o [1]
m_groups_allocated      0x20000885   0x1  Data  Lc  nrf_drv_ppi.o [1]
m_in_critical_region    0x2000088c   0x4  Data  Lc  app_util_platform.o [1]
m_timer_event_handlers  0x20000854   0xc  Data  Lc  nrf_drv_timer.o [1]
main                    0x00000565  0x7e  Code  Gb  main.o [1]
mp_contexts             0x20000860   0xc  Data  Lc  nrf_drv_timer.o [1]
nrf_drv_common_irq_enable
                        0x00000401  0x5c  Code  Gb  nrf_drv_common.o [1]
nrf_drv_gpiote_init     0x00000161  0x44  Code  Gb  nrf_drv_gpiote.o [1]
nrf_drv_gpiote_out_init
                        0x000001a5  0x9c  Code  Gb  nrf_drv_gpiote.o [1]
nrf_drv_gpiote_out_task_addr_get
                        0x00000267  0x12  Code  Gb  nrf_drv_gpiote.o [1]
nrf_drv_gpiote_out_task_enable
                        0x00000241  0x26  Code  Gb  nrf_drv_gpiote.o [1]
nrf_drv_gpiote_out_task_force
                        0x00000279  0x22  Code  Gb  nrf_drv_gpiote.o [1]
nrf_drv_ppi_channel_alloc
                        0x000007fd  0x40  Code  Gb  nrf_drv_ppi.o [1]
nrf_drv_ppi_channel_assign
                        0x0000083d  0x3c  Code  Gb  nrf_drv_ppi.o [1]
nrf_drv_ppi_channel_enable
                        0x00000879  0x34  Code  Gb  nrf_drv_ppi.o [1]
nrf_drv_ppi_init        0x000007e9  0x14  Code  Gb  nrf_drv_ppi.o [1]
nrf_drv_timer_clear     0x000006af   0x8  Code  Gb  nrf_drv_timer.o [1]
nrf_drv_timer_compare   0x000006b7  0x26  Code  Gb  nrf_drv_timer.o [1]
nrf_drv_timer_enable    0x00000695   0xa  Code  Gb  nrf_drv_timer.o [1]
nrf_drv_timer_extended_compare
                        0x000006dd  0x24  Code  Gb  nrf_drv_timer.o [1]
nrf_drv_timer_init      0x00000609  0x8c  Code  Gb  nrf_drv_timer.o [1]
nrf_drv_timer_interrupt_handle
                        0x00000701  0x4a  Code  Lc  nrf_drv_timer.o [1]
nrf_drv_timer_resume    0x000006a7   0x8  Code  Gb  nrf_drv_timer.o [1]
nrf_gpio_cfg            0x000000cf  0x1c  Code  Lc  nrf_drv_gpiote.o [1]
nrf_gpio_cfg_sense_set  0x000000eb  0x18  Code  Lc  nrf_drv_gpiote.o [1]
nrf_gpiote_event_is_set
                        0x000000c1   0xe  Code  Lc  nrf_drv_gpiote.o [1]
nrf_uart_event_check    0x000008dd   0x6  Code  Lc  nrf_drv_uart.o [1]
nrf_uart_int_enable_check
                        0x000008e3   0xa  Code  Lc  nrf_drv_uart.o [1]
ppi_channel1            0x20000008   0x1  Data  Gb  main.o [1]
rx_byte                 0x0000090f  0x1a  Code  Lc  nrf_drv_uart.o [1]
rx_done_event           0x00000929  0x18  Code  Lc  nrf_drv_uart.o [1]
start_shit              0x00000491  0x24  Code  Gb  main.o [1]
timer0                  0x000005f0   0x8  Data  Gb  main.o [1]
timer1                  0x000005f8   0x8  Data  Gb  main.o [1]
timer2                  0x00000600   0x8  Data  Gb  main.o [1]
timer_config            0x20000000   0x8  Data  Gb  main.o [1]
timer_event_handler     0x0000045d  0x32  Code  Gb  main.o [1]
tx_byte                 0x000008f5  0x1a  Code  Lc  nrf_drv_uart.o [1]
tx_done_event           0x00000949  0x14  Code  Lc  nrf_drv_uart.o [1]


[1] = C:\cygwin64\home\Anthony\Project_Shiba\firmware\sdk\v10\examples\peripheral\ppi\pca10028\iar\_build
[2] = command line
[3] = dl6M_tlf.a
[4] = rt6M_tl.a

  3 114 bytes of readonly  code memory
     56 bytes of readonly  data memory
  2 188 bytes of readwrite data memory

Errors: none
Warnings: none
