Archive member included to satisfy reference by file (symbol)

/usr/lib/gcc/arm-none-eabi/6.3.1/../../../arm-none-eabi/lib/thumb/v6-m/libc_nano.a(lib_a-atexit.o)
                              /usr/lib/gcc/arm-none-eabi/6.3.1/../../../arm-none-eabi/lib/thumb/v6-m/crt0.o (atexit)
/usr/lib/gcc/arm-none-eabi/6.3.1/../../../arm-none-eabi/lib/thumb/v6-m/libc_nano.a(lib_a-exit.o)
                              /usr/lib/gcc/arm-none-eabi/6.3.1/../../../arm-none-eabi/lib/thumb/v6-m/crt0.o (exit)
/usr/lib/gcc/arm-none-eabi/6.3.1/../../../arm-none-eabi/lib/thumb/v6-m/libc_nano.a(lib_a-fini.o)
                              /usr/lib/gcc/arm-none-eabi/6.3.1/../../../arm-none-eabi/lib/thumb/v6-m/crt0.o (__libc_fini_array)
/usr/lib/gcc/arm-none-eabi/6.3.1/../../../arm-none-eabi/lib/thumb/v6-m/libc_nano.a(lib_a-impure.o)
                              /usr/lib/gcc/arm-none-eabi/6.3.1/../../../arm-none-eabi/lib/thumb/v6-m/libc_nano.a(lib_a-exit.o) (_global_impure_ptr)
/usr/lib/gcc/arm-none-eabi/6.3.1/../../../arm-none-eabi/lib/thumb/v6-m/libc_nano.a(lib_a-init.o)
                              /usr/lib/gcc/arm-none-eabi/6.3.1/../../../arm-none-eabi/lib/thumb/v6-m/crt0.o (__libc_init_array)
/usr/lib/gcc/arm-none-eabi/6.3.1/../../../arm-none-eabi/lib/thumb/v6-m/libc_nano.a(lib_a-memset.o)
                              /usr/lib/gcc/arm-none-eabi/6.3.1/../../../arm-none-eabi/lib/thumb/v6-m/crt0.o (memset)
/usr/lib/gcc/arm-none-eabi/6.3.1/../../../arm-none-eabi/lib/thumb/v6-m/libc_nano.a(lib_a-__atexit.o)
                              /usr/lib/gcc/arm-none-eabi/6.3.1/../../../arm-none-eabi/lib/thumb/v6-m/libc_nano.a(lib_a-atexit.o) (__register_exitproc)
/usr/lib/gcc/arm-none-eabi/6.3.1/../../../arm-none-eabi/lib/thumb/v6-m/libc_nano.a(lib_a-__call_atexit.o)
                              /usr/lib/gcc/arm-none-eabi/6.3.1/../../../arm-none-eabi/lib/thumb/v6-m/libc_nano.a(lib_a-__atexit.o) (__call_exitprocs)
/usr/lib/gcc/arm-none-eabi/6.3.1/../../../arm-none-eabi/lib/thumb/v6-m/libnosys.a(_exit.o)
                              /usr/lib/gcc/arm-none-eabi/6.3.1/../../../arm-none-eabi/lib/thumb/v6-m/libc_nano.a(lib_a-exit.o) (_exit)
/usr/lib/gcc/arm-none-eabi/6.3.1/thumb/v6-m/libgcc.a(_udivsi3.o)
                              _build/pstorage.o (__aeabi_uidiv)
/usr/lib/gcc/arm-none-eabi/6.3.1/thumb/v6-m/libgcc.a(_divsi3.o)
                              _build/pstorage.o (__aeabi_idiv)
/usr/lib/gcc/arm-none-eabi/6.3.1/thumb/v6-m/libgcc.a(_dvmd_tls.o)
                              /usr/lib/gcc/arm-none-eabi/6.3.1/thumb/v6-m/libgcc.a(_udivsi3.o) (__aeabi_idiv0)
/usr/lib/gcc/arm-none-eabi/6.3.1/../../../arm-none-eabi/lib/thumb/v6-m/libc_nano.a(lib_a-memcpy-stub.o)
                              _build/pstorage.o (memcpy)

Allocating common symbols
Common symbol       size              file

ppi_channel3        0x1               _build/main.o
ppi_channel6        0x1               _build/main.o
ppi_channel0        0x1               _build/main.o
ppi_channel1        0x1               _build/main.o
ppi_channel4        0x1               _build/main.o
__stdin             0x68              _build/retarget.o
ppi_channel2        0x1               _build/main.o
ppi_channel5        0x1               _build/main.o
__stdout            0x68              _build/retarget.o

Discarded input sections

 .text          0x0000000000000000        0x0 /usr/lib/gcc/arm-none-eabi/6.3.1/thumb/v6-m/crti.o
 .data          0x0000000000000000        0x0 /usr/lib/gcc/arm-none-eabi/6.3.1/thumb/v6-m/crti.o
 .bss           0x0000000000000000        0x0 /usr/lib/gcc/arm-none-eabi/6.3.1/thumb/v6-m/crti.o
 .data          0x0000000000000000        0x4 /usr/lib/gcc/arm-none-eabi/6.3.1/thumb/v6-m/crtbegin.o
 .data          0x0000000000000000        0x0 /usr/lib/gcc/arm-none-eabi/6.3.1/../../../arm-none-eabi/lib/thumb/v6-m/crt0.o
 .bss           0x0000000000000000        0x0 /usr/lib/gcc/arm-none-eabi/6.3.1/../../../arm-none-eabi/lib/thumb/v6-m/crt0.o
 .ARM.extab     0x0000000000000000        0x0 /usr/lib/gcc/arm-none-eabi/6.3.1/../../../arm-none-eabi/lib/thumb/v6-m/crt0.o
 .data          0x0000000000000000        0x0 /usr/lib/gcc/arm-none-eabi/6.3.1/../../../arm-none-eabi/lib/thumb/v6-m/libc_nano.a(lib_a-atexit.o)
 .bss           0x0000000000000000        0x0 /usr/lib/gcc/arm-none-eabi/6.3.1/../../../arm-none-eabi/lib/thumb/v6-m/libc_nano.a(lib_a-atexit.o)
 .data          0x0000000000000000        0x0 /usr/lib/gcc/arm-none-eabi/6.3.1/../../../arm-none-eabi/lib/thumb/v6-m/libc_nano.a(lib_a-exit.o)
 .bss           0x0000000000000000        0x0 /usr/lib/gcc/arm-none-eabi/6.3.1/../../../arm-none-eabi/lib/thumb/v6-m/libc_nano.a(lib_a-exit.o)
 .data          0x0000000000000000        0x0 /usr/lib/gcc/arm-none-eabi/6.3.1/../../../arm-none-eabi/lib/thumb/v6-m/libc_nano.a(lib_a-fini.o)
 .bss           0x0000000000000000        0x0 /usr/lib/gcc/arm-none-eabi/6.3.1/../../../arm-none-eabi/lib/thumb/v6-m/libc_nano.a(lib_a-fini.o)
 .text          0x0000000000000000        0x0 /usr/lib/gcc/arm-none-eabi/6.3.1/../../../arm-none-eabi/lib/thumb/v6-m/libc_nano.a(lib_a-impure.o)
 .bss           0x0000000000000000        0x0 /usr/lib/gcc/arm-none-eabi/6.3.1/../../../arm-none-eabi/lib/thumb/v6-m/libc_nano.a(lib_a-impure.o)
 .data          0x0000000000000000        0x0 /usr/lib/gcc/arm-none-eabi/6.3.1/../../../arm-none-eabi/lib/thumb/v6-m/libc_nano.a(lib_a-init.o)
 .bss           0x0000000000000000        0x0 /usr/lib/gcc/arm-none-eabi/6.3.1/../../../arm-none-eabi/lib/thumb/v6-m/libc_nano.a(lib_a-init.o)
 .data          0x0000000000000000        0x0 /usr/lib/gcc/arm-none-eabi/6.3.1/../../../arm-none-eabi/lib/thumb/v6-m/libc_nano.a(lib_a-memset.o)
 .bss           0x0000000000000000        0x0 /usr/lib/gcc/arm-none-eabi/6.3.1/../../../arm-none-eabi/lib/thumb/v6-m/libc_nano.a(lib_a-memset.o)
 .data          0x0000000000000000        0x4 /usr/lib/gcc/arm-none-eabi/6.3.1/../../../arm-none-eabi/lib/thumb/v6-m/libc_nano.a(lib_a-__atexit.o)
 .data          0x0000000000000000        0x0 /usr/lib/gcc/arm-none-eabi/6.3.1/../../../arm-none-eabi/lib/thumb/v6-m/libc_nano.a(lib_a-__call_atexit.o)
 .data          0x0000000000000000        0x0 /usr/lib/gcc/arm-none-eabi/6.3.1/../../../arm-none-eabi/lib/thumb/v6-m/libnosys.a(_exit.o)
 .bss           0x0000000000000000        0x0 /usr/lib/gcc/arm-none-eabi/6.3.1/../../../arm-none-eabi/lib/thumb/v6-m/libnosys.a(_exit.o)
 .text          0x0000000000000000        0x0 _build/system_nrf51.o
 .data          0x0000000000000000        0x0 _build/system_nrf51.o
 .bss           0x0000000000000000        0x0 _build/system_nrf51.o
 .text.SystemCoreClockUpdate
                0x0000000000000000       0x10 _build/system_nrf51.o
 .data.SystemCoreClock
                0x0000000000000000        0x4 _build/system_nrf51.o
 .text          0x0000000000000000        0x0 _build/led_driver.o
 .data          0x0000000000000000        0x0 _build/led_driver.o
 .bss           0x0000000000000000        0x0 _build/led_driver.o
 .text          0x0000000000000000        0x0 _build/main.o
 .data          0x0000000000000000        0x0 _build/main.o
 .bss           0x0000000000000000        0x0 _build/main.o
 .text.start_shit
                0x0000000000000000        0x4 _build/main.o
 .data.gpio_config
                0x0000000000000000        0x3 _build/main.o
 .data.timer_config
                0x0000000000000000        0x8 _build/main.o
 .rodata.timer0
                0x0000000000000000        0x8 _build/main.o
 .rodata.timer1
                0x0000000000000000        0x8 _build/main.o
 .rodata.timer2
                0x0000000000000000        0x8 _build/main.o
 COMMON         0x0000000000000000        0x7 _build/main.o
 .text          0x0000000000000000        0x0 _build/app_error.o
 .data          0x0000000000000000        0x0 _build/app_error.o
 .bss           0x0000000000000000        0x0 _build/app_error.o
 .text.app_error_handler
                0x0000000000000000       0x18 _build/app_error.o
 .debug_info    0x0000000000000000      0x1e0 _build/app_error.o
 .debug_abbrev  0x0000000000000000      0x10e _build/app_error.o
 .debug_loc     0x0000000000000000       0x21 _build/app_error.o
 .debug_aranges
                0x0000000000000000       0x20 _build/app_error.o
 .debug_ranges  0x0000000000000000       0x10 _build/app_error.o
 .debug_line    0x0000000000000000      0x149 _build/app_error.o
 .debug_str     0x0000000000000000      0x284 _build/app_error.o
 .comment       0x0000000000000000       0x32 _build/app_error.o
 .debug_frame   0x0000000000000000       0x20 _build/app_error.o
 .ARM.attributes
                0x0000000000000000       0x31 _build/app_error.o
 .text          0x0000000000000000        0x0 _build/app_fifo.o
 .data          0x0000000000000000        0x0 _build/app_fifo.o
 .bss           0x0000000000000000        0x0 _build/app_fifo.o
 .text.app_fifo_init
                0x0000000000000000       0x28 _build/app_fifo.o
 .text.app_fifo_put
                0x0000000000000000       0x28 _build/app_fifo.o
 .text.app_fifo_get
                0x0000000000000000       0x24 _build/app_fifo.o
 .text.app_fifo_flush
                0x0000000000000000        0x8 _build/app_fifo.o
 .text.app_fifo_read
                0x0000000000000000       0x50 _build/app_fifo.o
 .text.app_fifo_write
                0x0000000000000000       0x54 _build/app_fifo.o
 .debug_info    0x0000000000000000      0xcbf _build/app_fifo.o
 .debug_abbrev  0x0000000000000000      0x28a _build/app_fifo.o
 .debug_loc     0x0000000000000000      0x410 _build/app_fifo.o
 .debug_aranges
                0x0000000000000000       0x48 _build/app_fifo.o
 .debug_ranges  0x0000000000000000       0xb8 _build/app_fifo.o
 .debug_line    0x0000000000000000      0x263 _build/app_fifo.o
 .debug_str     0x0000000000000000      0x710 _build/app_fifo.o
 .comment       0x0000000000000000       0x32 _build/app_fifo.o
 .debug_frame   0x0000000000000000       0xa4 _build/app_fifo.o
 .ARM.attributes
                0x0000000000000000       0x31 _build/app_fifo.o
 .text          0x0000000000000000        0x0 _build/app_util_platform.o
 .data          0x0000000000000000        0x0 _build/app_util_platform.o
 .bss           0x0000000000000000        0x0 _build/app_util_platform.o
 .text.critical_region_enter
                0x0000000000000000       0x10 _build/app_util_platform.o
 .text.critical_region_exit
                0x0000000000000000       0x14 _build/app_util_platform.o
 .bss.m_in_critical_region
                0x0000000000000000        0x4 _build/app_util_platform.o
 .debug_info    0x0000000000000000      0x101 _build/app_util_platform.o
 .debug_abbrev  0x0000000000000000       0x8f _build/app_util_platform.o
 .debug_aranges
                0x0000000000000000       0x28 _build/app_util_platform.o
 .debug_ranges  0x0000000000000000       0x18 _build/app_util_platform.o
 .debug_line    0x0000000000000000      0x15c _build/app_util_platform.o
 .debug_str     0x0000000000000000      0x258 _build/app_util_platform.o
 .comment       0x0000000000000000       0x32 _build/app_util_platform.o
 .debug_frame   0x0000000000000000       0x30 _build/app_util_platform.o
 .ARM.attributes
                0x0000000000000000       0x31 _build/app_util_platform.o
 .text          0x0000000000000000        0x0 _build/nrf_assert.o
 .data          0x0000000000000000        0x0 _build/nrf_assert.o
 .bss           0x0000000000000000        0x0 _build/nrf_assert.o
 .debug_info    0x0000000000000000       0x64 _build/nrf_assert.o
 .debug_abbrev  0x0000000000000000       0x26 _build/nrf_assert.o
 .debug_aranges
                0x0000000000000000       0x18 _build/nrf_assert.o
 .debug_line    0x0000000000000000       0x1d _build/nrf_assert.o
 .debug_str     0x0000000000000000      0x1c9 _build/nrf_assert.o
 .comment       0x0000000000000000       0x32 _build/nrf_assert.o
 .ARM.attributes
                0x0000000000000000       0x31 _build/nrf_assert.o
 .text          0x0000000000000000        0x0 _build/retarget.o
 .data          0x0000000000000000        0x0 _build/retarget.o
 .bss           0x0000000000000000        0x0 _build/retarget.o
 .text._write   0x0000000000000000       0x1c _build/retarget.o
 .text._read    0x0000000000000000       0x14 _build/retarget.o
 .debug_info    0x0000000000000000      0x9bf _build/retarget.o
 .debug_abbrev  0x0000000000000000      0x21c _build/retarget.o
 .debug_loc     0x0000000000000000      0x11a _build/retarget.o
 .debug_aranges
                0x0000000000000000       0x28 _build/retarget.o
 .debug_ranges  0x0000000000000000       0x18 _build/retarget.o
 .debug_line    0x0000000000000000      0x194 _build/retarget.o
 .debug_str     0x0000000000000000      0x62c _build/retarget.o
 .comment       0x0000000000000000       0x32 _build/retarget.o
 .debug_frame   0x0000000000000000       0x44 _build/retarget.o
 .ARM.attributes
                0x0000000000000000       0x31 _build/retarget.o
 COMMON         0x0000000000000000       0xd0 _build/retarget.o
 .text          0x0000000000000000        0x0 _build/app_uart_fifo.o
 .data          0x0000000000000000        0x0 _build/app_uart_fifo.o
 .bss           0x0000000000000000        0x0 _build/app_uart_fifo.o
 .text.uart_event_handler
                0x0000000000000000       0xc0 _build/app_uart_fifo.o
 .text.app_uart_init
                0x0000000000000000       0xa4 _build/app_uart_fifo.o
 .text.app_uart_flush
                0x0000000000000000       0x1c _build/app_uart_fifo.o
 .text.app_uart_get
                0x0000000000000000       0x34 _build/app_uart_fifo.o
 .text.app_uart_put
                0x0000000000000000       0x28 _build/app_uart_fifo.o
 .text.app_uart_close
                0x0000000000000000        0xc _build/app_uart_fifo.o
 .rodata        0x0000000000000000       0x20 _build/app_uart_fifo.o
 .bss.m_event_handler
                0x0000000000000000        0x4 _build/app_uart_fifo.o
 .bss.m_rx_fifo
                0x0000000000000000       0x10 _build/app_uart_fifo.o
 .bss.m_tx_fifo
                0x0000000000000000       0x10 _build/app_uart_fifo.o
 .bss.rx_buffer
                0x0000000000000000        0x1 _build/app_uart_fifo.o
 .bss.tx_buffer
                0x0000000000000000        0x1 _build/app_uart_fifo.o
 .bss.tx_tmp    0x0000000000000000        0x1 _build/app_uart_fifo.o
 .debug_info    0x0000000000000000     0x1277 _build/app_uart_fifo.o
 .debug_abbrev  0x0000000000000000      0x31e _build/app_uart_fifo.o
 .debug_loc     0x0000000000000000      0x3ca _build/app_uart_fifo.o
 .debug_aranges
                0x0000000000000000       0x48 _build/app_uart_fifo.o
 .debug_ranges  0x0000000000000000       0x70 _build/app_uart_fifo.o
 .debug_line    0x0000000000000000      0x33b _build/app_uart_fifo.o
 .debug_str     0x0000000000000000      0xd88 _build/app_uart_fifo.o
 .comment       0x0000000000000000       0x32 _build/app_uart_fifo.o
 .debug_frame   0x0000000000000000       0xb0 _build/app_uart_fifo.o
 .ARM.attributes
                0x0000000000000000       0x31 _build/app_uart_fifo.o
 .text          0x0000000000000000        0x0 _build/nrf_delay.o
 .data          0x0000000000000000        0x0 _build/nrf_delay.o
 .bss           0x0000000000000000        0x0 _build/nrf_delay.o
 .text          0x0000000000000000        0x0 _build/nrf_drv_common.o
 .data          0x0000000000000000        0x0 _build/nrf_drv_common.o
 .bss           0x0000000000000000        0x0 _build/nrf_drv_common.o
 .text.nrf_drv_common_irq_enable
                0x0000000000000000       0x7c _build/nrf_drv_common.o
 .debug_info    0x0000000000000000      0x3f2 _build/nrf_drv_common.o
 .debug_abbrev  0x0000000000000000      0x183 _build/nrf_drv_common.o
 .debug_loc     0x0000000000000000       0xa2 _build/nrf_drv_common.o
 .debug_aranges
                0x0000000000000000       0x20 _build/nrf_drv_common.o
 .debug_ranges  0x0000000000000000       0x28 _build/nrf_drv_common.o
 .debug_line    0x0000000000000000      0x184 _build/nrf_drv_common.o
 .debug_str     0x0000000000000000      0x46b _build/nrf_drv_common.o
 .comment       0x0000000000000000       0x32 _build/nrf_drv_common.o
 .debug_frame   0x0000000000000000       0x30 _build/nrf_drv_common.o
 .ARM.attributes
                0x0000000000000000       0x31 _build/nrf_drv_common.o
 .text          0x0000000000000000        0x0 _build/nrf_drv_ppi.o
 .data          0x0000000000000000        0x0 _build/nrf_drv_ppi.o
 .bss           0x0000000000000000        0x0 _build/nrf_drv_ppi.o
 .text.nrf_drv_ppi_init
                0x0000000000000000       0x18 _build/nrf_drv_ppi.o
 .text.nrf_drv_ppi_uninit
                0x0000000000000000       0x6c _build/nrf_drv_ppi.o
 .text.nrf_drv_ppi_channel_alloc
                0x0000000000000000       0x68 _build/nrf_drv_ppi.o
 .text.nrf_drv_ppi_channel_free
                0x0000000000000000       0x34 _build/nrf_drv_ppi.o
 .text.nrf_drv_ppi_channel_assign
                0x0000000000000000       0x48 _build/nrf_drv_ppi.o
 .text.nrf_drv_ppi_channel_enable
                0x0000000000000000       0x34 _build/nrf_drv_ppi.o
 .text.nrf_drv_ppi_channel_disable
                0x0000000000000000       0x34 _build/nrf_drv_ppi.o
 .text.nrf_drv_ppi_group_alloc
                0x0000000000000000       0x58 _build/nrf_drv_ppi.o
 .text.nrf_drv_ppi_group_free
                0x0000000000000000       0x40 _build/nrf_drv_ppi.o
 .text.nrf_drv_ppi_group_enable
                0x0000000000000000       0x30 _build/nrf_drv_ppi.o
 .text.nrf_drv_ppi_group_disable
                0x0000000000000000       0x24 _build/nrf_drv_ppi.o
 .text.nrf_drv_ppi_channels_remove_from_group
                0x0000000000000000       0x4c _build/nrf_drv_ppi.o
 .text.nrf_drv_ppi_channels_include_in_group
                0x0000000000000000       0x4c _build/nrf_drv_ppi.o
 .bss.m_channels_allocated
                0x0000000000000000        0x4 _build/nrf_drv_ppi.o
 .bss.m_drv_state
                0x0000000000000000        0x1 _build/nrf_drv_ppi.o
 .bss.m_groups_allocated
                0x0000000000000000        0x1 _build/nrf_drv_ppi.o
 .debug_info    0x0000000000000000     0x16c9 _build/nrf_drv_ppi.o
 .debug_abbrev  0x0000000000000000      0x3a7 _build/nrf_drv_ppi.o
 .debug_loc     0x0000000000000000      0x5a6 _build/nrf_drv_ppi.o
 .debug_aranges
                0x0000000000000000       0x80 _build/nrf_drv_ppi.o
 .debug_ranges  0x0000000000000000      0x2a8 _build/nrf_drv_ppi.o
 .debug_line    0x0000000000000000      0x5c9 _build/nrf_drv_ppi.o
 .debug_str     0x0000000000000000      0xd4e _build/nrf_drv_ppi.o
 .comment       0x0000000000000000       0x32 _build/nrf_drv_ppi.o
 .debug_frame   0x0000000000000000      0x15c _build/nrf_drv_ppi.o
 .ARM.attributes
                0x0000000000000000       0x31 _build/nrf_drv_ppi.o
 .text          0x0000000000000000        0x0 _build/nrf_drv_gpiote.o
 .data          0x0000000000000000        0x0 _build/nrf_drv_gpiote.o
 .bss           0x0000000000000000        0x0 _build/nrf_drv_gpiote.o
 .text.nrf_drv_gpiote_init
                0x0000000000000000       0x54 _build/nrf_drv_gpiote.o
 .text.nrf_drv_gpiote_is_init
                0x0000000000000000       0x14 _build/nrf_drv_gpiote.o
 .text.nrf_drv_gpiote_uninit
                0x0000000000000000       0xf0 _build/nrf_drv_gpiote.o
 .text.nrf_drv_gpiote_out_init
                0x0000000000000000       0xcc _build/nrf_drv_gpiote.o
 .text.nrf_drv_gpiote_out_uninit
                0x0000000000000000       0x44 _build/nrf_drv_gpiote.o
 .text.nrf_drv_gpiote_out_set
                0x0000000000000000       0x10 _build/nrf_drv_gpiote.o
 .text.nrf_drv_gpiote_out_clear
                0x0000000000000000       0x14 _build/nrf_drv_gpiote.o
 .text.nrf_drv_gpiote_out_toggle
                0x0000000000000000       0x2c _build/nrf_drv_gpiote.o
 .text.nrf_drv_gpiote_out_task_enable
                0x0000000000000000       0x38 _build/nrf_drv_gpiote.o
 .text.nrf_drv_gpiote_out_task_disable
                0x0000000000000000       0x28 _build/nrf_drv_gpiote.o
 .text.nrf_drv_gpiote_out_task_addr_get
                0x0000000000000000       0x1c _build/nrf_drv_gpiote.o
 .text.nrf_drv_gpiote_out_task_force
                0x0000000000000000       0x34 _build/nrf_drv_gpiote.o
 .text.nrf_drv_gpiote_out_task_trigger
                0x0000000000000000       0x20 _build/nrf_drv_gpiote.o
 .text.nrf_drv_gpiote_in_init
                0x0000000000000000       0xf0 _build/nrf_drv_gpiote.o
 .text.nrf_drv_gpiote_in_event_enable
                0x0000000000000000       0xa8 _build/nrf_drv_gpiote.o
 .text.nrf_drv_gpiote_in_event_disable
                0x0000000000000000       0x5c _build/nrf_drv_gpiote.o
 .text.nrf_drv_gpiote_in_uninit
                0x0000000000000000       0xa4 _build/nrf_drv_gpiote.o
 .text.nrf_drv_gpiote_in_is_set
                0x0000000000000000       0x14 _build/nrf_drv_gpiote.o
 .text.nrf_drv_gpiote_in_event_addr_get
                0x0000000000000000       0x20 _build/nrf_drv_gpiote.o
 .text          0x0000000000000000        0x0 _build/nrf_drv_timer.o
 .data          0x0000000000000000        0x0 _build/nrf_drv_timer.o
 .bss           0x0000000000000000        0x0 _build/nrf_drv_timer.o
 .text.nrf_drv_timer_init
                0x0000000000000000       0x98 _build/nrf_drv_timer.o
 .text.nrf_drv_timer_uninit
                0x0000000000000000       0x70 _build/nrf_drv_timer.o
 .text.nrf_drv_timer_enable
                0x0000000000000000       0x14 _build/nrf_drv_timer.o
 .text.nrf_drv_timer_disable
                0x0000000000000000       0x14 _build/nrf_drv_timer.o
 .text.nrf_drv_timer_resume
                0x0000000000000000        0x8 _build/nrf_drv_timer.o
 .text.nrf_drv_timer_pause
                0x0000000000000000        0x8 _build/nrf_drv_timer.o
 .text.nrf_drv_timer_clear
                0x0000000000000000        0x8 _build/nrf_drv_timer.o
 .text.nrf_drv_timer_increment
                0x0000000000000000        0x8 _build/nrf_drv_timer.o
 .text.nrf_drv_timer_task_address_get
                0x0000000000000000        0x8 _build/nrf_drv_timer.o
 .text.nrf_drv_timer_event_address_get
                0x0000000000000000        0x8 _build/nrf_drv_timer.o
 .text.nrf_drv_timer_capture_task_address_get
                0x0000000000000000        0xc _build/nrf_drv_timer.o
 .text.nrf_drv_timer_compare_event_address_get
                0x0000000000000000        0xc _build/nrf_drv_timer.o
 .text.nrf_drv_timer_capture
                0x0000000000000000       0x20 _build/nrf_drv_timer.o
 .text.nrf_drv_timer_capture_get
                0x0000000000000000        0xc _build/nrf_drv_timer.o
 .text.nrf_drv_timer_compare
                0x0000000000000000       0x2c _build/nrf_drv_timer.o
 .text.nrf_drv_timer_extended_compare
                0x0000000000000000       0x4c _build/nrf_drv_timer.o
 .text.nrf_drv_timer_us_to_ticks
                0x0000000000000000       0x18 _build/nrf_drv_timer.o
 .text.nrf_drv_timer_ms_to_ticks
                0x0000000000000000       0x18 _build/nrf_drv_timer.o
 .text.nrf_drv_timer_compare_int_enable
                0x0000000000000000       0x24 _build/nrf_drv_timer.o
 .text.nrf_drv_timer_compare_int_disable
                0x0000000000000000       0x10 _build/nrf_drv_timer.o
 .bss.m_cb      0x0000000000000000        0x3 _build/nrf_drv_timer.o
 .rodata.m_default_config
                0x0000000000000000       0x18 _build/nrf_drv_timer.o
 .text          0x0000000000000000        0x0 _build/nrf_drv_uart.o
 .data          0x0000000000000000        0x0 _build/nrf_drv_uart.o
 .bss           0x0000000000000000        0x0 _build/nrf_drv_uart.o
 .text.nrf_drv_uart_init
                0x0000000000000000      0x10c _build/nrf_drv_uart.o
 .text.nrf_drv_uart_uninit
                0x0000000000000000       0xbc _build/nrf_drv_uart.o
 .text.nrf_drv_uart_tx
                0x0000000000000000       0xb0 _build/nrf_drv_uart.o
 .text.nrf_drv_uart_rx
                0x0000000000000000      0x104 _build/nrf_drv_uart.o
 .text.nrf_drv_uart_rx_enable
                0x0000000000000000       0x2c _build/nrf_drv_uart.o
 .text.nrf_drv_uart_rx_disable
                0x0000000000000000       0x18 _build/nrf_drv_uart.o
 .text.nrf_drv_uart_errorsrc_get
                0x0000000000000000       0x1c _build/nrf_drv_uart.o
 .text.nrf_drv_uart_tx_abort
                0x0000000000000000       0x3c _build/nrf_drv_uart.o
 .text.nrf_drv_uart_rx_abort
                0x0000000000000000       0x1c _build/nrf_drv_uart.o
 .rodata.m_default_config
                0x0000000000000000       0x20 _build/nrf_drv_uart.o
 .text          0x0000000000000000        0x0 _build/pstorage.o
 .data          0x0000000000000000        0x0 _build/pstorage.o
 .bss           0x0000000000000000        0x0 _build/pstorage.o
 .text.sd_flash_write
                0x0000000000000000        0x4 _build/pstorage.o
 .text.sd_flash_page_erase
                0x0000000000000000        0x4 _build/pstorage.o
 .text.state_entry_action_run
                0x0000000000000000      0x1a0 _build/pstorage.o
 .text.clear_operation_execute
                0x0000000000000000      0x19c _build/pstorage.o
 .text.tail_restore_state_run
                0x0000000000000000       0xb4 _build/pstorage.o
 .text.state_restore_head_entry_run
                0x0000000000000000       0xb4 _build/pstorage.o
 .text.state_write_data_swap_entry_run
                0x0000000000000000       0xb4 _build/pstorage.o
 .text.state_restore_tail_entry_run
                0x0000000000000000       0xc4 _build/pstorage.o
 .text.data_to_swap_write_state_run
                0x0000000000000000       0xa4 _build/pstorage.o
 .text.state_swap_erase_entry_run
                0x0000000000000000       0xa8 _build/pstorage.o
 .text.swap_erase_state_run
                0x0000000000000000       0xd8 _build/pstorage.o
 .text.head_restore_state_run
                0x0000000000000000      0x1c8 _build/pstorage.o
 .text.store_cmd_flash_write_execute
                0x0000000000000000      0x134 _build/pstorage.o
 .text.data_page_erase_state_run
                0x0000000000000000      0x214 _build/pstorage.o
 .text.state_erase_data_page_entry_run
                0x0000000000000000       0x70 _build/pstorage.o
 .text.unlikely.cmd_queue_enqueue
                0x0000000000000000       0x94 _build/pstorage.o
 .text.pstorage_sys_event_handler
                0x0000000000000000      0x200 _build/pstorage.o
 .text.pstorage_init
                0x0000000000000000      0x150 _build/pstorage.o
 .text.pstorage_register
                0x0000000000000000       0xec _build/pstorage.o
 .text.pstorage_block_identifier_get
                0x0000000000000000       0x50 _build/pstorage.o
 .text.pstorage_store
                0x0000000000000000       0x7c _build/pstorage.o
 .text.pstorage_update
                0x0000000000000000       0x7c _build/pstorage.o
 .text.pstorage_load
                0x0000000000000000       0xac _build/pstorage.o
 .text.pstorage_clear
                0x0000000000000000       0x9c _build/pstorage.o
 .text.pstorage_access_status_get
                0x0000000000000000       0x28 _build/pstorage.o
 .bss.m_app_data_size
                0x0000000000000000        0x4 _build/pstorage.o
 .bss.m_app_table
                0x0000000000000000        0xc _build/pstorage.o
 .bss.m_cmd_queue
                0x0000000000000000       0xcc _build/pstorage.o
 .bss.m_current_page_id
                0x0000000000000000        0x4 _build/pstorage.o
 .bss.m_flags   0x0000000000000000        0x4 _build/pstorage.o
 .bss.m_head_word_size
                0x0000000000000000        0x4 _build/pstorage.o
 .bss.m_next_app_instance
                0x0000000000000000        0x2 _build/pstorage.o
 .bss.m_next_page_addr
                0x0000000000000000        0x4 _build/pstorage.o
 .bss.m_num_of_bytes_written
                0x0000000000000000        0x4 _build/pstorage.o
 .bss.m_num_of_command_retries
                0x0000000000000000        0x4 _build/pstorage.o
 .bss.m_state   0x0000000000000000        0x1 _build/pstorage.o
 .bss.m_swap_sub_state
                0x0000000000000000        0x1 _build/pstorage.o
 .bss.m_tail_word_size
                0x0000000000000000        0x4 _build/pstorage.o
 .rodata.swap_sub_state_sm_lut.5948
                0x0000000000000000       0x14 _build/pstorage.o
 .rodata.swap_sub_state_sm_lut.6023
                0x0000000000000000       0x14 _build/pstorage.o
 .debug_info    0x0000000000000000     0x3ada _build/pstorage.o
 .debug_abbrev  0x0000000000000000      0x4e2 _build/pstorage.o
 .debug_loc     0x0000000000000000     0x2ae5 _build/pstorage.o
 .debug_aranges
                0x0000000000000000       0xe0 _build/pstorage.o
 .debug_ranges  0x0000000000000000      0x940 _build/pstorage.o
 .debug_line    0x0000000000000000      0xdb2 _build/pstorage.o
 .debug_str     0x0000000000000000     0x17ad _build/pstorage.o
 .comment       0x0000000000000000       0x32 _build/pstorage.o
 .debug_frame   0x0000000000000000      0x33c _build/pstorage.o
 .ARM.attributes
                0x0000000000000000       0x31 _build/pstorage.o
 .data          0x0000000000000000        0x0 _build/gcc_startup_nrf51.o
 .bss           0x0000000000000000        0x0 _build/gcc_startup_nrf51.o
 .ARM.extab     0x0000000000000000        0x0 _build/gcc_startup_nrf51.o
 .text          0x0000000000000000      0x114 /usr/lib/gcc/arm-none-eabi/6.3.1/thumb/v6-m/libgcc.a(_udivsi3.o)
 .data          0x0000000000000000        0x0 /usr/lib/gcc/arm-none-eabi/6.3.1/thumb/v6-m/libgcc.a(_udivsi3.o)
 .bss           0x0000000000000000        0x0 /usr/lib/gcc/arm-none-eabi/6.3.1/thumb/v6-m/libgcc.a(_udivsi3.o)
 .debug_frame   0x0000000000000000       0x20 /usr/lib/gcc/arm-none-eabi/6.3.1/thumb/v6-m/libgcc.a(_udivsi3.o)
 .debug_line    0x0000000000000000       0x6d /usr/lib/gcc/arm-none-eabi/6.3.1/thumb/v6-m/libgcc.a(_udivsi3.o)
 .debug_info    0x0000000000000000       0xbf /usr/lib/gcc/arm-none-eabi/6.3.1/thumb/v6-m/libgcc.a(_udivsi3.o)
 .debug_abbrev  0x0000000000000000       0x14 /usr/lib/gcc/arm-none-eabi/6.3.1/thumb/v6-m/libgcc.a(_udivsi3.o)
 .debug_aranges
                0x0000000000000000       0x20 /usr/lib/gcc/arm-none-eabi/6.3.1/thumb/v6-m/libgcc.a(_udivsi3.o)
 .ARM.attributes
                0x0000000000000000       0x1e /usr/lib/gcc/arm-none-eabi/6.3.1/thumb/v6-m/libgcc.a(_udivsi3.o)
 .text          0x0000000000000000      0x1d4 /usr/lib/gcc/arm-none-eabi/6.3.1/thumb/v6-m/libgcc.a(_divsi3.o)
 .data          0x0000000000000000        0x0 /usr/lib/gcc/arm-none-eabi/6.3.1/thumb/v6-m/libgcc.a(_divsi3.o)
 .bss           0x0000000000000000        0x0 /usr/lib/gcc/arm-none-eabi/6.3.1/thumb/v6-m/libgcc.a(_divsi3.o)
 .debug_frame   0x0000000000000000       0x20 /usr/lib/gcc/arm-none-eabi/6.3.1/thumb/v6-m/libgcc.a(_divsi3.o)
 .debug_line    0x0000000000000000       0x74 /usr/lib/gcc/arm-none-eabi/6.3.1/thumb/v6-m/libgcc.a(_divsi3.o)
 .debug_info    0x0000000000000000       0xbf /usr/lib/gcc/arm-none-eabi/6.3.1/thumb/v6-m/libgcc.a(_divsi3.o)
 .debug_abbrev  0x0000000000000000       0x14 /usr/lib/gcc/arm-none-eabi/6.3.1/thumb/v6-m/libgcc.a(_divsi3.o)
 .debug_aranges
                0x0000000000000000       0x20 /usr/lib/gcc/arm-none-eabi/6.3.1/thumb/v6-m/libgcc.a(_divsi3.o)
 .ARM.attributes
                0x0000000000000000       0x1e /usr/lib/gcc/arm-none-eabi/6.3.1/thumb/v6-m/libgcc.a(_divsi3.o)
 .text          0x0000000000000000        0x4 /usr/lib/gcc/arm-none-eabi/6.3.1/thumb/v6-m/libgcc.a(_dvmd_tls.o)
 .data          0x0000000000000000        0x0 /usr/lib/gcc/arm-none-eabi/6.3.1/thumb/v6-m/libgcc.a(_dvmd_tls.o)
 .bss           0x0000000000000000        0x0 /usr/lib/gcc/arm-none-eabi/6.3.1/thumb/v6-m/libgcc.a(_dvmd_tls.o)
 .debug_line    0x0000000000000000       0x61 /usr/lib/gcc/arm-none-eabi/6.3.1/thumb/v6-m/libgcc.a(_dvmd_tls.o)
 .debug_info    0x0000000000000000       0xbf /usr/lib/gcc/arm-none-eabi/6.3.1/thumb/v6-m/libgcc.a(_dvmd_tls.o)
 .debug_abbrev  0x0000000000000000       0x14 /usr/lib/gcc/arm-none-eabi/6.3.1/thumb/v6-m/libgcc.a(_dvmd_tls.o)
 .debug_aranges
                0x0000000000000000       0x20 /usr/lib/gcc/arm-none-eabi/6.3.1/thumb/v6-m/libgcc.a(_dvmd_tls.o)
 .ARM.attributes
                0x0000000000000000       0x1e /usr/lib/gcc/arm-none-eabi/6.3.1/thumb/v6-m/libgcc.a(_dvmd_tls.o)
 .text          0x0000000000000000       0x88 /usr/lib/gcc/arm-none-eabi/6.3.1/../../../arm-none-eabi/lib/thumb/v6-m/libc_nano.a(lib_a-memcpy-stub.o)
 .data          0x0000000000000000        0x0 /usr/lib/gcc/arm-none-eabi/6.3.1/../../../arm-none-eabi/lib/thumb/v6-m/libc_nano.a(lib_a-memcpy-stub.o)
 .bss           0x0000000000000000        0x0 /usr/lib/gcc/arm-none-eabi/6.3.1/../../../arm-none-eabi/lib/thumb/v6-m/libc_nano.a(lib_a-memcpy-stub.o)
 .debug_info    0x0000000000000000      0xe36 /usr/lib/gcc/arm-none-eabi/6.3.1/../../../arm-none-eabi/lib/thumb/v6-m/libc_nano.a(lib_a-memcpy-stub.o)
 .debug_abbrev  0x0000000000000000      0x1b4 /usr/lib/gcc/arm-none-eabi/6.3.1/../../../arm-none-eabi/lib/thumb/v6-m/libc_nano.a(lib_a-memcpy-stub.o)
 .debug_loc     0x0000000000000000      0x33b /usr/lib/gcc/arm-none-eabi/6.3.1/../../../arm-none-eabi/lib/thumb/v6-m/libc_nano.a(lib_a-memcpy-stub.o)
 .debug_aranges
                0x0000000000000000       0x20 /usr/lib/gcc/arm-none-eabi/6.3.1/../../../arm-none-eabi/lib/thumb/v6-m/libc_nano.a(lib_a-memcpy-stub.o)
 .debug_line    0x0000000000000000      0x1b9 /usr/lib/gcc/arm-none-eabi/6.3.1/../../../arm-none-eabi/lib/thumb/v6-m/libc_nano.a(lib_a-memcpy-stub.o)
 .debug_str     0x0000000000000000      0x918 /usr/lib/gcc/arm-none-eabi/6.3.1/../../../arm-none-eabi/lib/thumb/v6-m/libc_nano.a(lib_a-memcpy-stub.o)
 .comment       0x0000000000000000       0x58 /usr/lib/gcc/arm-none-eabi/6.3.1/../../../arm-none-eabi/lib/thumb/v6-m/libc_nano.a(lib_a-memcpy-stub.o)
 .debug_frame   0x0000000000000000       0x30 /usr/lib/gcc/arm-none-eabi/6.3.1/../../../arm-none-eabi/lib/thumb/v6-m/libc_nano.a(lib_a-memcpy-stub.o)
 .ARM.attributes
                0x0000000000000000       0x2c /usr/lib/gcc/arm-none-eabi/6.3.1/../../../arm-none-eabi/lib/thumb/v6-m/libc_nano.a(lib_a-memcpy-stub.o)
 .text          0x0000000000000000        0x0 /usr/lib/gcc/arm-none-eabi/6.3.1/thumb/v6-m/crtend.o
 .data          0x0000000000000000        0x0 /usr/lib/gcc/arm-none-eabi/6.3.1/thumb/v6-m/crtend.o
 .bss           0x0000000000000000        0x0 /usr/lib/gcc/arm-none-eabi/6.3.1/thumb/v6-m/crtend.o
 .eh_frame      0x0000000000000000        0x4 /usr/lib/gcc/arm-none-eabi/6.3.1/thumb/v6-m/crtend.o
 .jcr           0x0000000000000000        0x4 /usr/lib/gcc/arm-none-eabi/6.3.1/thumb/v6-m/crtend.o
 .text          0x0000000000000000        0x0 /usr/lib/gcc/arm-none-eabi/6.3.1/thumb/v6-m/crtn.o
 .data          0x0000000000000000        0x0 /usr/lib/gcc/arm-none-eabi/6.3.1/thumb/v6-m/crtn.o
 .bss           0x0000000000000000        0x0 /usr/lib/gcc/arm-none-eabi/6.3.1/thumb/v6-m/crtn.o

Memory Configuration

Name             Origin             Length             Attributes
FLASH            0x0000000000000000 0x0000000000040000 xr
RAM              0x0000000020000000 0x0000000000008000 xrw
*default*        0x0000000000000000 0xffffffffffffffff

Linker script and memory map

LOAD /usr/lib/gcc/arm-none-eabi/6.3.1/thumb/v6-m/crti.o
LOAD /usr/lib/gcc/arm-none-eabi/6.3.1/thumb/v6-m/crtbegin.o
LOAD /usr/lib/gcc/arm-none-eabi/6.3.1/../../../arm-none-eabi/lib/thumb/v6-m/crt0.o
LOAD /usr/lib/gcc/arm-none-eabi/6.3.1/../../../arm-none-eabi/lib/thumb/v6-m/libc_nano.a
LOAD /usr/lib/gcc/arm-none-eabi/6.3.1/../../../arm-none-eabi/lib/thumb/v6-m/libnosys.a
LOAD _build/system_nrf51.o
LOAD _build/led_driver.o
LOAD _build/main.o
LOAD _build/app_error.o
LOAD _build/app_fifo.o
LOAD _build/app_util_platform.o
LOAD _build/nrf_assert.o
LOAD _build/retarget.o
LOAD _build/app_uart_fifo.o
LOAD _build/nrf_delay.o
LOAD _build/nrf_drv_common.o
LOAD _build/nrf_drv_ppi.o
LOAD _build/nrf_drv_gpiote.o
LOAD _build/nrf_drv_timer.o
LOAD _build/nrf_drv_uart.o
LOAD _build/pstorage.o
LOAD _build/gcc_startup_nrf51.o
START GROUP
LOAD /usr/lib/gcc/arm-none-eabi/6.3.1/thumb/v6-m/libgcc.a
LOAD /usr/lib/gcc/arm-none-eabi/6.3.1/../../../arm-none-eabi/lib/thumb/v6-m/libc_nano.a
END GROUP
START GROUP
LOAD /usr/lib/gcc/arm-none-eabi/6.3.1/thumb/v6-m/libgcc.a
LOAD /usr/lib/gcc/arm-none-eabi/6.3.1/../../../arm-none-eabi/lib/thumb/v6-m/libc_nano.a
END GROUP
LOAD /usr/lib/gcc/arm-none-eabi/6.3.1/thumb/v6-m/crtend.o
LOAD /usr/lib/gcc/arm-none-eabi/6.3.1/thumb/v6-m/crtn.o
START GROUP
LOAD /usr/lib/gcc/arm-none-eabi/6.3.1/thumb/v6-m/libgcc.a
LOAD /usr/lib/gcc/arm-none-eabi/6.3.1/../../../arm-none-eabi/lib/thumb/v6-m/libc.a
LOAD /usr/lib/gcc/arm-none-eabi/6.3.1/../../../arm-none-eabi/lib/thumb/v6-m/libnosys.a
END GROUP

.fs_data_out    0x0000000000000000        0x0
                [!provide]                        PROVIDE (__start_fs_data, .)
 *(fs_data)
                [!provide]                        PROVIDE (__stop_fs_data, .)

.text           0x0000000000000000      0xc88
 *(.Vectors)
 .Vectors       0x0000000000000000       0xc0 _build/gcc_startup_nrf51.o
                0x0000000000000000                __Vectors
 *(.text*)
 .text          0x00000000000000c0       0xb4 /usr/lib/gcc/arm-none-eabi/6.3.1/thumb/v6-m/crtbegin.o
 .text          0x0000000000000174       0x6c /usr/lib/gcc/arm-none-eabi/6.3.1/../../../arm-none-eabi/lib/thumb/v6-m/crt0.o
                0x0000000000000174                _mainCRTStartup
                0x0000000000000174                _start
 .text          0x00000000000001e0       0x10 /usr/lib/gcc/arm-none-eabi/6.3.1/../../../arm-none-eabi/lib/thumb/v6-m/libc_nano.a(lib_a-atexit.o)
                0x00000000000001e0                atexit
 .text          0x00000000000001f0       0x2c /usr/lib/gcc/arm-none-eabi/6.3.1/../../../arm-none-eabi/lib/thumb/v6-m/libc_nano.a(lib_a-exit.o)
                0x00000000000001f0                exit
 .text          0x000000000000021c       0x34 /usr/lib/gcc/arm-none-eabi/6.3.1/../../../arm-none-eabi/lib/thumb/v6-m/libc_nano.a(lib_a-fini.o)
                0x000000000000021c                __libc_fini_array
 .text          0x0000000000000250       0x48 /usr/lib/gcc/arm-none-eabi/6.3.1/../../../arm-none-eabi/lib/thumb/v6-m/libc_nano.a(lib_a-init.o)
                0x0000000000000250                __libc_init_array
 .text          0x0000000000000298       0x9c /usr/lib/gcc/arm-none-eabi/6.3.1/../../../arm-none-eabi/lib/thumb/v6-m/libc_nano.a(lib_a-memset.o)
                0x0000000000000298                memset
 .text          0x0000000000000334       0xdc /usr/lib/gcc/arm-none-eabi/6.3.1/../../../arm-none-eabi/lib/thumb/v6-m/libc_nano.a(lib_a-__atexit.o)
                0x0000000000000334                __register_exitproc
 .text          0x0000000000000410       0xd4 /usr/lib/gcc/arm-none-eabi/6.3.1/../../../arm-none-eabi/lib/thumb/v6-m/libc_nano.a(lib_a-__call_atexit.o)
                0x0000000000000410                __call_exitprocs
 .text          0x00000000000004e4        0x4 /usr/lib/gcc/arm-none-eabi/6.3.1/../../../arm-none-eabi/lib/thumb/v6-m/libnosys.a(_exit.o)
                0x00000000000004e4                _exit
 .text.SystemInit
                0x00000000000004e8       0x94 _build/system_nrf51.o
                0x00000000000004e8                SystemInit
 .text.led_driver_initialize
                0x000000000000057c       0x30 _build/led_driver.o
                0x000000000000057c                led_driver_initialize
 .text.led_driver_print_bitstream
                0x00000000000005ac       0x64 _build/led_driver.o
                0x00000000000005ac                led_driver_print_bitstream
 .text.startup.main
                0x0000000000000610       0x34 _build/main.o
                0x0000000000000610                main
 .text.nrf_delay_ms
                0x0000000000000644       0x3c _build/nrf_delay.o
                0x0000000000000644                nrf_delay_ms
 .text.GPIOTE_IRQHandler
                0x0000000000000680      0x1ec _build/nrf_drv_gpiote.o
                0x0000000000000680                GPIOTE_IRQHandler
 .text.TIMER0_IRQHandler
                0x000000000000086c       0xc0 _build/nrf_drv_timer.o
                0x000000000000086c                TIMER0_IRQHandler
 .text.TIMER1_IRQHandler
                0x000000000000092c       0xc0 _build/nrf_drv_timer.o
                0x000000000000092c                TIMER1_IRQHandler
 .text.TIMER2_IRQHandler
                0x00000000000009ec       0xc0 _build/nrf_drv_timer.o
                0x00000000000009ec                TIMER2_IRQHandler
 .text.UART0_IRQHandler
                0x0000000000000aac      0x16c _build/nrf_drv_uart.o
                0x0000000000000aac                UART0_IRQHandler
 .text          0x0000000000000c18       0x54 _build/gcc_startup_nrf51.o
                0x0000000000000c18                Reset_Handler
                0x0000000000000c60                NMI_Handler
                0x0000000000000c62                HardFault_Handler
                0x0000000000000c64                SVC_Handler
                0x0000000000000c66                PendSV_Handler
                0x0000000000000c68                SysTick_Handler
                0x0000000000000c6a                SPI0_TWI0_IRQHandler
                0x0000000000000c6a                RTC0_IRQHandler
                0x0000000000000c6a                POWER_CLOCK_IRQHandler
                0x0000000000000c6a                RADIO_IRQHandler
                0x0000000000000c6a                LPCOMP_IRQHandler
                0x0000000000000c6a                SWI4_IRQHandler
                0x0000000000000c6a                TEMP_IRQHandler
                0x0000000000000c6a                QDEC_IRQHandler
                0x0000000000000c6a                SWI5_IRQHandler
                0x0000000000000c6a                SWI0_IRQHandler
                0x0000000000000c6a                ECB_IRQHandler
                0x0000000000000c6a                Default_Handler
                0x0000000000000c6a                ADC_IRQHandler
                0x0000000000000c6a                SWI3_IRQHandler
                0x0000000000000c6a                CCM_AAR_IRQHandler
                0x0000000000000c6a                WDT_IRQHandler
                0x0000000000000c6a                SWI2_IRQHandler
                0x0000000000000c6a                RNG_IRQHandler
                0x0000000000000c6a                SPI1_TWI1_IRQHandler
                0x0000000000000c6a                RTC1_IRQHandler
                0x0000000000000c6a                SWI1_IRQHandler
 *(.init)
 .init          0x0000000000000c6c        0x4 /usr/lib/gcc/arm-none-eabi/6.3.1/thumb/v6-m/crti.o
                0x0000000000000c6c                _init
 .init          0x0000000000000c70        0x8 /usr/lib/gcc/arm-none-eabi/6.3.1/thumb/v6-m/crtn.o
 *(.fini)
 .fini          0x0000000000000c78        0x4 /usr/lib/gcc/arm-none-eabi/6.3.1/thumb/v6-m/crti.o
                0x0000000000000c78                _fini
 .fini          0x0000000000000c7c        0x8 /usr/lib/gcc/arm-none-eabi/6.3.1/thumb/v6-m/crtn.o
 *crtbegin.o(.ctors)
 *crtbegin?.o(.ctors)
 *(EXCLUDE_FILE(*crtend.o *crtend?.o) .ctors)
 *(SORT(.ctors.*))
 *(.ctors)
 *crtbegin.o(.dtors)
 *crtbegin?.o(.dtors)
 *(EXCLUDE_FILE(*crtend.o *crtend?.o) .dtors)
 *(SORT(.dtors.*))
 *(.dtors)
 *(.rodata*)
 .rodata        0x0000000000000c84        0x4 /usr/lib/gcc/arm-none-eabi/6.3.1/../../../arm-none-eabi/lib/thumb/v6-m/libc_nano.a(lib_a-impure.o)
                0x0000000000000c84                _global_impure_ptr
 *(.eh_frame*)
 .eh_frame      0x0000000000000c88        0x0 /usr/lib/gcc/arm-none-eabi/6.3.1/thumb/v6-m/crtbegin.o
                0x0000000000000c88                . = ALIGN (0x4)

.glue_7         0x0000000000000c88        0x0
 .glue_7        0x0000000000000c88        0x0 linker stubs

.glue_7t        0x0000000000000c88        0x0
 .glue_7t       0x0000000000000c88        0x0 linker stubs

.vfp11_veneer   0x0000000000000c88        0x0
 .vfp11_veneer  0x0000000000000c88        0x0 linker stubs

.v4_bx          0x0000000000000c88        0x0
 .v4_bx         0x0000000000000c88        0x0 linker stubs

.iplt           0x0000000000000c88        0x0
 .iplt          0x0000000000000c88        0x0 /usr/lib/gcc/arm-none-eabi/6.3.1/thumb/v6-m/crtbegin.o

.ARM.extab      0x0000000000000c88        0x0
 *(.ARM.extab* .gnu.linkonce.armextab.*)
                0x0000000000000c88                . = ALIGN (0x4)
                0x0000000000000c88                __exidx_start = .

.ARM.exidx      0x0000000000000c88        0x8
 *(.ARM.exidx* .gnu.linkonce.armexidx.*)
 .ARM.exidx     0x0000000000000c88        0x8 /usr/lib/gcc/arm-none-eabi/6.3.1/../../../arm-none-eabi/lib/thumb/v6-m/crt0.o
 .ARM.exidx     0x0000000000000c90        0x0 _build/gcc_startup_nrf51.o
                                          0x8 (size before relaxing)
                0x0000000000000c90                . = ALIGN (0x4)
                0x0000000000000c90                __exidx_end = .
                0x0000000000000c90                __etext = .

.rel.dyn        0x0000000000000c90        0x0
 .rel.iplt      0x0000000000000c90        0x0 /usr/lib/gcc/arm-none-eabi/6.3.1/thumb/v6-m/crtbegin.o

.data           0x0000000020000000       0x70 load address 0x0000000000000c90
                0x0000000020000000                __data_start__ = .
 *(vtable)
 *(.data*)
 .data          0x0000000020000000       0x64 /usr/lib/gcc/arm-none-eabi/6.3.1/../../../arm-none-eabi/lib/thumb/v6-m/libc_nano.a(lib_a-impure.o)
                0x0000000020000000                _impure_ptr
 .data.num_shift.5412
                0x0000000020000064        0x1 _build/led_driver.o
                0x0000000020000068                . = ALIGN (0x4)
 *fill*         0x0000000020000065        0x3 
                0x0000000020000068                PROVIDE (__preinit_array_start, .)
 *(.preinit_array)
                0x0000000020000068                PROVIDE (__preinit_array_end, .)
                0x0000000020000068                . = ALIGN (0x4)
                0x0000000020000068                PROVIDE (__init_array_start, .)
 *(SORT(.init_array.*))
 *(.init_array)
 .init_array    0x0000000020000068        0x4 /usr/lib/gcc/arm-none-eabi/6.3.1/thumb/v6-m/crtbegin.o
                0x000000002000006c                PROVIDE (__init_array_end, .)
                0x000000002000006c                . = ALIGN (0x4)
                0x000000002000006c                PROVIDE (__fini_array_start, .)
 *(SORT(.fini_array.*))
 *(.fini_array)
 .fini_array    0x000000002000006c        0x4 /usr/lib/gcc/arm-none-eabi/6.3.1/thumb/v6-m/crtbegin.o
                0x0000000020000070                PROVIDE (__fini_array_end, .)
 *(.jcr)
 .jcr           0x0000000020000070        0x0 /usr/lib/gcc/arm-none-eabi/6.3.1/thumb/v6-m/crtbegin.o
                0x0000000020000070                . = ALIGN (0x4)
                0x0000000020000070                __data_end__ = .

.tm_clone_table
                0x0000000020000070        0x0 load address 0x0000000000000d00
 .tm_clone_table
                0x0000000020000070        0x0 /usr/lib/gcc/arm-none-eabi/6.3.1/thumb/v6-m/crtbegin.o
 .tm_clone_table
                0x0000000020000070        0x0 /usr/lib/gcc/arm-none-eabi/6.3.1/thumb/v6-m/crtend.o

.igot.plt       0x0000000020000070        0x0 load address 0x0000000000000d00
 .igot.plt      0x0000000020000070        0x0 /usr/lib/gcc/arm-none-eabi/6.3.1/thumb/v6-m/crtbegin.o

.bss            0x0000000020000070      0x114 load address 0x0000000000000d00
                0x0000000020000070                . = ALIGN (0x4)
                0x0000000020000070                __bss_start__ = .
 *(.bss*)
 .bss           0x0000000020000070       0x1c /usr/lib/gcc/arm-none-eabi/6.3.1/thumb/v6-m/crtbegin.o
 .bss           0x000000002000008c       0x8c /usr/lib/gcc/arm-none-eabi/6.3.1/../../../arm-none-eabi/lib/thumb/v6-m/libc_nano.a(lib_a-__atexit.o)
 .bss           0x0000000020000118        0x4 /usr/lib/gcc/arm-none-eabi/6.3.1/../../../arm-none-eabi/lib/thumb/v6-m/libc_nano.a(lib_a-__call_atexit.o)
                0x0000000020000118                _global_atexit
 .bss.m_cb      0x000000002000011c       0x38 _build/nrf_drv_gpiote.o
 .bss.m_timer_event_handlers
                0x0000000020000154        0xc _build/nrf_drv_timer.o
 .bss.mp_contexts
                0x0000000020000160        0xc _build/nrf_drv_timer.o
 .bss.m_cb      0x000000002000016c       0x18 _build/nrf_drv_uart.o
 *(COMMON)
                0x0000000020000184                . = ALIGN (0x4)
                0x0000000020000184                __bss_end__ = .

.heap           0x0000000020000188      0x800
                0x0000000020000188                __end__ = .
                0x0000000020000188                end = __end__
 *(.heap*)
 .heap          0x0000000020000188      0x800 _build/gcc_startup_nrf51.o
                0x0000000020000188                __HeapBase
                0x0000000020000988                __HeapLimit = .

.stack_dummy    0x0000000020000188      0x800
 *(.stack*)
 .stack         0x0000000020000188      0x800 _build/gcc_startup_nrf51.o
                0x0000000020008000                __StackTop = (ORIGIN (RAM) + LENGTH (RAM))
                0x0000000020007800                __StackLimit = (__StackTop - SIZEOF (.stack_dummy))
                0x0000000020008000                PROVIDE (__stack, __StackTop)
                0x0000000000000001                ASSERT ((__StackLimit >= __HeapLimit), region RAM overflowed with stack)
OUTPUT(_build/nrf51422_xxac.out elf32-littlearm)

.ARM.attributes
                0x0000000000000000       0x28
 .ARM.attributes
                0x0000000000000000       0x1e /usr/lib/gcc/arm-none-eabi/6.3.1/thumb/v6-m/crti.o
 .ARM.attributes
                0x000000000000001e       0x2c /usr/lib/gcc/arm-none-eabi/6.3.1/thumb/v6-m/crtbegin.o
 .ARM.attributes
                0x000000000000004a       0x1b /usr/lib/gcc/arm-none-eabi/6.3.1/../../../arm-none-eabi/lib/thumb/v6-m/crt0.o
 .ARM.attributes
                0x0000000000000065       0x2c /usr/lib/gcc/arm-none-eabi/6.3.1/../../../arm-none-eabi/lib/thumb/v6-m/libc_nano.a(lib_a-atexit.o)
 .ARM.attributes
                0x0000000000000091       0x2c /usr/lib/gcc/arm-none-eabi/6.3.1/../../../arm-none-eabi/lib/thumb/v6-m/libc_nano.a(lib_a-exit.o)
 .ARM.attributes
                0x00000000000000bd       0x2c /usr/lib/gcc/arm-none-eabi/6.3.1/../../../arm-none-eabi/lib/thumb/v6-m/libc_nano.a(lib_a-fini.o)
 .ARM.attributes
                0x00000000000000e9       0x2c /usr/lib/gcc/arm-none-eabi/6.3.1/../../../arm-none-eabi/lib/thumb/v6-m/libc_nano.a(lib_a-impure.o)
 .ARM.attributes
                0x0000000000000115       0x2c /usr/lib/gcc/arm-none-eabi/6.3.1/../../../arm-none-eabi/lib/thumb/v6-m/libc_nano.a(lib_a-init.o)
 .ARM.attributes
                0x0000000000000141       0x2c /usr/lib/gcc/arm-none-eabi/6.3.1/../../../arm-none-eabi/lib/thumb/v6-m/libc_nano.a(lib_a-memset.o)
 .ARM.attributes
                0x000000000000016d       0x2c /usr/lib/gcc/arm-none-eabi/6.3.1/../../../arm-none-eabi/lib/thumb/v6-m/libc_nano.a(lib_a-__atexit.o)
 .ARM.attributes
                0x0000000000000199       0x2c /usr/lib/gcc/arm-none-eabi/6.3.1/../../../arm-none-eabi/lib/thumb/v6-m/libc_nano.a(lib_a-__call_atexit.o)
 .ARM.attributes
                0x00000000000001c5       0x2c /usr/lib/gcc/arm-none-eabi/6.3.1/../../../arm-none-eabi/lib/thumb/v6-m/libnosys.a(_exit.o)
 .ARM.attributes
                0x00000000000001f1       0x31 _build/system_nrf51.o
 .ARM.attributes
                0x0000000000000222       0x31 _build/led_driver.o
 .ARM.attributes
                0x0000000000000253       0x31 _build/main.o
 .ARM.attributes
                0x0000000000000284       0x31 _build/nrf_delay.o
 .ARM.attributes
                0x00000000000002b5       0x31 _build/nrf_drv_gpiote.o
 .ARM.attributes
                0x00000000000002e6       0x31 _build/nrf_drv_timer.o
 .ARM.attributes
                0x0000000000000317       0x31 _build/nrf_drv_uart.o
 .ARM.attributes
                0x0000000000000348       0x1b _build/gcc_startup_nrf51.o
 .ARM.attributes
                0x0000000000000363       0x2c /usr/lib/gcc/arm-none-eabi/6.3.1/thumb/v6-m/crtend.o
 .ARM.attributes
                0x000000000000038f       0x1e /usr/lib/gcc/arm-none-eabi/6.3.1/thumb/v6-m/crtn.o

.comment        0x0000000000000000       0x88
 .comment       0x0000000000000000       0x31 /usr/lib/gcc/arm-none-eabi/6.3.1/thumb/v6-m/crtbegin.o
                                         0x32 (size before relaxing)
 .comment       0x0000000000000031       0x57 /usr/lib/gcc/arm-none-eabi/6.3.1/../../../arm-none-eabi/lib/thumb/v6-m/libc_nano.a(lib_a-atexit.o)
                                         0x58 (size before relaxing)
 .comment       0x0000000000000088       0x58 /usr/lib/gcc/arm-none-eabi/6.3.1/../../../arm-none-eabi/lib/thumb/v6-m/libc_nano.a(lib_a-exit.o)
 .comment       0x0000000000000088       0x58 /usr/lib/gcc/arm-none-eabi/6.3.1/../../../arm-none-eabi/lib/thumb/v6-m/libc_nano.a(lib_a-fini.o)
 .comment       0x0000000000000088       0x58 /usr/lib/gcc/arm-none-eabi/6.3.1/../../../arm-none-eabi/lib/thumb/v6-m/libc_nano.a(lib_a-impure.o)
 .comment       0x0000000000000088       0x58 /usr/lib/gcc/arm-none-eabi/6.3.1/../../../arm-none-eabi/lib/thumb/v6-m/libc_nano.a(lib_a-init.o)
 .comment       0x0000000000000088       0x58 /usr/lib/gcc/arm-none-eabi/6.3.1/../../../arm-none-eabi/lib/thumb/v6-m/libc_nano.a(lib_a-memset.o)
 .comment       0x0000000000000088       0x58 /usr/lib/gcc/arm-none-eabi/6.3.1/../../../arm-none-eabi/lib/thumb/v6-m/libc_nano.a(lib_a-__atexit.o)
 .comment       0x0000000000000088       0x58 /usr/lib/gcc/arm-none-eabi/6.3.1/../../../arm-none-eabi/lib/thumb/v6-m/libc_nano.a(lib_a-__call_atexit.o)
 .comment       0x0000000000000088       0x58 /usr/lib/gcc/arm-none-eabi/6.3.1/../../../arm-none-eabi/lib/thumb/v6-m/libnosys.a(_exit.o)
 .comment       0x0000000000000088       0x32 _build/system_nrf51.o
 .comment       0x0000000000000088       0x32 _build/led_driver.o
 .comment       0x0000000000000088       0x32 _build/main.o
 .comment       0x0000000000000088       0x32 _build/nrf_delay.o
 .comment       0x0000000000000088       0x32 _build/nrf_drv_gpiote.o
 .comment       0x0000000000000088       0x32 _build/nrf_drv_timer.o
 .comment       0x0000000000000088       0x32 _build/nrf_drv_uart.o
 .comment       0x0000000000000088       0x32 /usr/lib/gcc/arm-none-eabi/6.3.1/thumb/v6-m/crtend.o

.debug_line     0x0000000000000000     0x2bbc
 .debug_line    0x0000000000000000       0x86 /usr/lib/gcc/arm-none-eabi/6.3.1/../../../arm-none-eabi/lib/thumb/v6-m/crt0.o
 .debug_line    0x0000000000000086      0x129 /usr/lib/gcc/arm-none-eabi/6.3.1/../../../arm-none-eabi/lib/thumb/v6-m/libc_nano.a(lib_a-atexit.o)
 .debug_line    0x00000000000001af      0x12c /usr/lib/gcc/arm-none-eabi/6.3.1/../../../arm-none-eabi/lib/thumb/v6-m/libc_nano.a(lib_a-exit.o)
 .debug_line    0x00000000000002db       0x9f /usr/lib/gcc/arm-none-eabi/6.3.1/../../../arm-none-eabi/lib/thumb/v6-m/libc_nano.a(lib_a-fini.o)
 .debug_line    0x000000000000037a       0xd4 /usr/lib/gcc/arm-none-eabi/6.3.1/../../../arm-none-eabi/lib/thumb/v6-m/libc_nano.a(lib_a-impure.o)
 .debug_line    0x000000000000044e       0xbf /usr/lib/gcc/arm-none-eabi/6.3.1/../../../arm-none-eabi/lib/thumb/v6-m/libc_nano.a(lib_a-init.o)
 .debug_line    0x000000000000050d      0x1b4 /usr/lib/gcc/arm-none-eabi/6.3.1/../../../arm-none-eabi/lib/thumb/v6-m/libc_nano.a(lib_a-memset.o)
 .debug_line    0x00000000000006c1      0x15a /usr/lib/gcc/arm-none-eabi/6.3.1/../../../arm-none-eabi/lib/thumb/v6-m/libc_nano.a(lib_a-__atexit.o)
 .debug_line    0x000000000000081b      0x178 /usr/lib/gcc/arm-none-eabi/6.3.1/../../../arm-none-eabi/lib/thumb/v6-m/libc_nano.a(lib_a-__call_atexit.o)
 .debug_line    0x0000000000000993       0x5b /usr/lib/gcc/arm-none-eabi/6.3.1/../../../arm-none-eabi/lib/thumb/v6-m/libnosys.a(_exit.o)
 .debug_line    0x00000000000009ee      0x120 _build/system_nrf51.o
 .debug_line    0x0000000000000b0e      0x24a _build/led_driver.o
 .debug_line    0x0000000000000d58      0x29e _build/main.o
 .debug_line    0x0000000000000ff6      0x173 _build/nrf_delay.o
 .debug_line    0x0000000000001169      0x9a3 _build/nrf_drv_gpiote.o
 .debug_line    0x0000000000001b0c      0x863 _build/nrf_drv_timer.o
 .debug_line    0x000000000000236f      0x84d _build/nrf_drv_uart.o

.debug_info     0x0000000000000000     0xc02b
 .debug_info    0x0000000000000000       0x26 /usr/lib/gcc/arm-none-eabi/6.3.1/../../../arm-none-eabi/lib/thumb/v6-m/crt0.o
 .debug_info    0x0000000000000026      0x907 /usr/lib/gcc/arm-none-eabi/6.3.1/../../../arm-none-eabi/lib/thumb/v6-m/libc_nano.a(lib_a-atexit.o)
 .debug_info    0x000000000000092d      0x952 /usr/lib/gcc/arm-none-eabi/6.3.1/../../../arm-none-eabi/lib/thumb/v6-m/libc_nano.a(lib_a-exit.o)
 .debug_info    0x000000000000127f       0xf3 /usr/lib/gcc/arm-none-eabi/6.3.1/../../../arm-none-eabi/lib/thumb/v6-m/libc_nano.a(lib_a-fini.o)
 .debug_info    0x0000000000001372      0x8a4 /usr/lib/gcc/arm-none-eabi/6.3.1/../../../arm-none-eabi/lib/thumb/v6-m/libc_nano.a(lib_a-impure.o)
 .debug_info    0x0000000000001c16      0x109 /usr/lib/gcc/arm-none-eabi/6.3.1/../../../arm-none-eabi/lib/thumb/v6-m/libc_nano.a(lib_a-init.o)
 .debug_info    0x0000000000001d1f      0xe1d /usr/lib/gcc/arm-none-eabi/6.3.1/../../../arm-none-eabi/lib/thumb/v6-m/libc_nano.a(lib_a-memset.o)
 .debug_info    0x0000000000002b3c      0x991 /usr/lib/gcc/arm-none-eabi/6.3.1/../../../arm-none-eabi/lib/thumb/v6-m/libc_nano.a(lib_a-__atexit.o)
 .debug_info    0x00000000000034cd      0x95e /usr/lib/gcc/arm-none-eabi/6.3.1/../../../arm-none-eabi/lib/thumb/v6-m/libc_nano.a(lib_a-__call_atexit.o)
 .debug_info    0x0000000000003e2b       0x9a /usr/lib/gcc/arm-none-eabi/6.3.1/../../../arm-none-eabi/lib/thumb/v6-m/libnosys.a(_exit.o)
 .debug_info    0x0000000000003ec5      0x1ca _build/system_nrf51.o
 .debug_info    0x000000000000408f      0xdab _build/led_driver.o
 .debug_info    0x0000000000004e3a      0xfe9 _build/main.o
 .debug_info    0x0000000000005e23      0x91a _build/nrf_delay.o
 .debug_info    0x000000000000673d     0x1eb7 _build/nrf_drv_gpiote.o
 .debug_info    0x00000000000085f4     0x183d _build/nrf_drv_timer.o
 .debug_info    0x0000000000009e31     0x21fa _build/nrf_drv_uart.o

.debug_abbrev   0x0000000000000000     0x2104
 .debug_abbrev  0x0000000000000000       0x14 /usr/lib/gcc/arm-none-eabi/6.3.1/../../../arm-none-eabi/lib/thumb/v6-m/crt0.o
 .debug_abbrev  0x0000000000000014      0x1c8 /usr/lib/gcc/arm-none-eabi/6.3.1/../../../arm-none-eabi/lib/thumb/v6-m/libc_nano.a(lib_a-atexit.o)
 .debug_abbrev  0x00000000000001dc      0x1cd /usr/lib/gcc/arm-none-eabi/6.3.1/../../../arm-none-eabi/lib/thumb/v6-m/libc_nano.a(lib_a-exit.o)
 .debug_abbrev  0x00000000000003a9       0xba /usr/lib/gcc/arm-none-eabi/6.3.1/../../../arm-none-eabi/lib/thumb/v6-m/libc_nano.a(lib_a-fini.o)
 .debug_abbrev  0x0000000000000463      0x15c /usr/lib/gcc/arm-none-eabi/6.3.1/../../../arm-none-eabi/lib/thumb/v6-m/libc_nano.a(lib_a-impure.o)
 .debug_abbrev  0x00000000000005bf       0xba /usr/lib/gcc/arm-none-eabi/6.3.1/../../../arm-none-eabi/lib/thumb/v6-m/libc_nano.a(lib_a-init.o)
 .debug_abbrev  0x0000000000000679      0x1a8 /usr/lib/gcc/arm-none-eabi/6.3.1/../../../arm-none-eabi/lib/thumb/v6-m/libc_nano.a(lib_a-memset.o)
 .debug_abbrev  0x0000000000000821      0x225 /usr/lib/gcc/arm-none-eabi/6.3.1/../../../arm-none-eabi/lib/thumb/v6-m/libc_nano.a(lib_a-__atexit.o)
 .debug_abbrev  0x0000000000000a46      0x1fd /usr/lib/gcc/arm-none-eabi/6.3.1/../../../arm-none-eabi/lib/thumb/v6-m/libc_nano.a(lib_a-__call_atexit.o)
 .debug_abbrev  0x0000000000000c43       0x61 /usr/lib/gcc/arm-none-eabi/6.3.1/../../../arm-none-eabi/lib/thumb/v6-m/libnosys.a(_exit.o)
 .debug_abbrev  0x0000000000000ca4      0x108 _build/system_nrf51.o
 .debug_abbrev  0x0000000000000dac      0x306 _build/led_driver.o
 .debug_abbrev  0x00000000000010b2      0x286 _build/main.o
 .debug_abbrev  0x0000000000001338      0x210 _build/nrf_delay.o
 .debug_abbrev  0x0000000000001548      0x476 _build/nrf_drv_gpiote.o
 .debug_abbrev  0x00000000000019be      0x3aa _build/nrf_drv_timer.o
 .debug_abbrev  0x0000000000001d68      0x39c _build/nrf_drv_uart.o

.debug_aranges  0x0000000000000000      0x3c0
 .debug_aranges
                0x0000000000000000       0x20 /usr/lib/gcc/arm-none-eabi/6.3.1/../../../arm-none-eabi/lib/thumb/v6-m/crt0.o
 .debug_aranges
                0x0000000000000020       0x20 /usr/lib/gcc/arm-none-eabi/6.3.1/../../../arm-none-eabi/lib/thumb/v6-m/libc_nano.a(lib_a-atexit.o)
 .debug_aranges
                0x0000000000000040       0x20 /usr/lib/gcc/arm-none-eabi/6.3.1/../../../arm-none-eabi/lib/thumb/v6-m/libc_nano.a(lib_a-exit.o)
 .debug_aranges
                0x0000000000000060       0x20 /usr/lib/gcc/arm-none-eabi/6.3.1/../../../arm-none-eabi/lib/thumb/v6-m/libc_nano.a(lib_a-fini.o)
 .debug_aranges
                0x0000000000000080       0x18 /usr/lib/gcc/arm-none-eabi/6.3.1/../../../arm-none-eabi/lib/thumb/v6-m/libc_nano.a(lib_a-impure.o)
 .debug_aranges
                0x0000000000000098       0x20 /usr/lib/gcc/arm-none-eabi/6.3.1/../../../arm-none-eabi/lib/thumb/v6-m/libc_nano.a(lib_a-init.o)
 .debug_aranges
                0x00000000000000b8       0x20 /usr/lib/gcc/arm-none-eabi/6.3.1/../../../arm-none-eabi/lib/thumb/v6-m/libc_nano.a(lib_a-memset.o)
 .debug_aranges
                0x00000000000000d8       0x20 /usr/lib/gcc/arm-none-eabi/6.3.1/../../../arm-none-eabi/lib/thumb/v6-m/libc_nano.a(lib_a-__atexit.o)
 .debug_aranges
                0x00000000000000f8       0x20 /usr/lib/gcc/arm-none-eabi/6.3.1/../../../arm-none-eabi/lib/thumb/v6-m/libc_nano.a(lib_a-__call_atexit.o)
 .debug_aranges
                0x0000000000000118       0x20 /usr/lib/gcc/arm-none-eabi/6.3.1/../../../arm-none-eabi/lib/thumb/v6-m/libnosys.a(_exit.o)
 .debug_aranges
                0x0000000000000138       0x28 _build/system_nrf51.o
 .debug_aranges
                0x0000000000000160       0x28 _build/led_driver.o
 .debug_aranges
                0x0000000000000188       0x28 _build/main.o
 .debug_aranges
                0x00000000000001b0       0x20 _build/nrf_delay.o
 .debug_aranges
                0x00000000000001d0       0xb8 _build/nrf_drv_gpiote.o
 .debug_aranges
                0x0000000000000288       0xd0 _build/nrf_drv_timer.o
 .debug_aranges
                0x0000000000000358       0x68 _build/nrf_drv_uart.o

.debug_str      0x0000000000000000     0x36ee
 .debug_str     0x0000000000000000       0x82 /usr/lib/gcc/arm-none-eabi/6.3.1/../../../arm-none-eabi/lib/thumb/v6-m/crt0.o
 .debug_str     0x0000000000000082      0x563 /usr/lib/gcc/arm-none-eabi/6.3.1/../../../arm-none-eabi/lib/thumb/v6-m/libc_nano.a(lib_a-atexit.o)
                                        0x611 (size before relaxing)
 .debug_str     0x00000000000005e5       0x6c /usr/lib/gcc/arm-none-eabi/6.3.1/../../../arm-none-eabi/lib/thumb/v6-m/libc_nano.a(lib_a-exit.o)
                                        0x612 (size before relaxing)
 .debug_str     0x0000000000000651       0xbb /usr/lib/gcc/arm-none-eabi/6.3.1/../../../arm-none-eabi/lib/thumb/v6-m/libc_nano.a(lib_a-fini.o)
                                        0x1e3 (size before relaxing)
 .debug_str     0x000000000000070c       0x88 /usr/lib/gcc/arm-none-eabi/6.3.1/../../../arm-none-eabi/lib/thumb/v6-m/libc_nano.a(lib_a-impure.o)
                                        0x5c6 (size before relaxing)
 .debug_str     0x0000000000000794       0x8d /usr/lib/gcc/arm-none-eabi/6.3.1/../../../arm-none-eabi/lib/thumb/v6-m/libc_nano.a(lib_a-init.o)
                                        0x20d (size before relaxing)
 .debug_str     0x0000000000000821      0x2fd /usr/lib/gcc/arm-none-eabi/6.3.1/../../../arm-none-eabi/lib/thumb/v6-m/libc_nano.a(lib_a-memset.o)
                                        0x8f3 (size before relaxing)
 .debug_str     0x0000000000000b1e       0x7a /usr/lib/gcc/arm-none-eabi/6.3.1/../../../arm-none-eabi/lib/thumb/v6-m/libc_nano.a(lib_a-__atexit.o)
                                        0x664 (size before relaxing)
 .debug_str     0x0000000000000b98       0x46 /usr/lib/gcc/arm-none-eabi/6.3.1/../../../arm-none-eabi/lib/thumb/v6-m/libc_nano.a(lib_a-__call_atexit.o)
                                        0x60f (size before relaxing)
 .debug_str     0x0000000000000bde       0xe6 /usr/lib/gcc/arm-none-eabi/6.3.1/../../../arm-none-eabi/lib/thumb/v6-m/libnosys.a(_exit.o)
                                        0x17c (size before relaxing)
 .debug_str     0x0000000000000cc4      0x22c _build/system_nrf51.o
                                        0x2b9 (size before relaxing)
 .debug_str     0x0000000000000ef0      0x320 _build/led_driver.o
                                        0x8d4 (size before relaxing)
 .debug_str     0x0000000000001210      0x7df _build/main.o
                                        0xe2d (size before relaxing)
 .debug_str     0x00000000000019ef       0x65 _build/nrf_delay.o
                                        0x616 (size before relaxing)
 .debug_str     0x0000000000001a54      0x984 _build/nrf_drv_gpiote.o
                                       0x10c0 (size before relaxing)
 .debug_str     0x00000000000023d8      0x94e _build/nrf_drv_timer.o
                                       0x10ae (size before relaxing)
 .debug_str     0x0000000000002d26      0x9c8 _build/nrf_drv_uart.o
                                       0x121a (size before relaxing)

.debug_loc      0x0000000000000000     0x3ed2
 .debug_loc     0x0000000000000000       0x2c /usr/lib/gcc/arm-none-eabi/6.3.1/../../../arm-none-eabi/lib/thumb/v6-m/libc_nano.a(lib_a-atexit.o)
 .debug_loc     0x000000000000002c       0x1e /usr/lib/gcc/arm-none-eabi/6.3.1/../../../arm-none-eabi/lib/thumb/v6-m/libc_nano.a(lib_a-exit.o)
 .debug_loc     0x000000000000004a       0x3e /usr/lib/gcc/arm-none-eabi/6.3.1/../../../arm-none-eabi/lib/thumb/v6-m/libc_nano.a(lib_a-fini.o)
 .debug_loc     0x0000000000000088       0x84 /usr/lib/gcc/arm-none-eabi/6.3.1/../../../arm-none-eabi/lib/thumb/v6-m/libc_nano.a(lib_a-init.o)
 .debug_loc     0x000000000000010c      0x1a5 /usr/lib/gcc/arm-none-eabi/6.3.1/../../../arm-none-eabi/lib/thumb/v6-m/libc_nano.a(lib_a-memset.o)
 .debug_loc     0x00000000000002b1      0x192 /usr/lib/gcc/arm-none-eabi/6.3.1/../../../arm-none-eabi/lib/thumb/v6-m/libc_nano.a(lib_a-__atexit.o)
 .debug_loc     0x0000000000000443      0x1c3 /usr/lib/gcc/arm-none-eabi/6.3.1/../../../arm-none-eabi/lib/thumb/v6-m/libc_nano.a(lib_a-__call_atexit.o)
 .debug_loc     0x0000000000000606      0x17b _build/led_driver.o
 .debug_loc     0x0000000000000781       0x37 _build/nrf_delay.o
 .debug_loc     0x00000000000007b8     0x1715 _build/nrf_drv_gpiote.o
 .debug_loc     0x0000000000001ecd      0xfda _build/nrf_drv_timer.o
 .debug_loc     0x0000000000002ea7     0x102b _build/nrf_drv_uart.o

.debug_frame    0x0000000000000000      0x730
 .debug_frame   0x0000000000000000       0x28 /usr/lib/gcc/arm-none-eabi/6.3.1/../../../arm-none-eabi/lib/thumb/v6-m/libc_nano.a(lib_a-atexit.o)
 .debug_frame   0x0000000000000028       0x28 /usr/lib/gcc/arm-none-eabi/6.3.1/../../../arm-none-eabi/lib/thumb/v6-m/libc_nano.a(lib_a-exit.o)
 .debug_frame   0x0000000000000050       0x2c /usr/lib/gcc/arm-none-eabi/6.3.1/../../../arm-none-eabi/lib/thumb/v6-m/libc_nano.a(lib_a-fini.o)
 .debug_frame   0x000000000000007c       0x2c /usr/lib/gcc/arm-none-eabi/6.3.1/../../../arm-none-eabi/lib/thumb/v6-m/libc_nano.a(lib_a-init.o)
 .debug_frame   0x00000000000000a8       0x30 /usr/lib/gcc/arm-none-eabi/6.3.1/../../../arm-none-eabi/lib/thumb/v6-m/libc_nano.a(lib_a-memset.o)
 .debug_frame   0x00000000000000d8       0x3c /usr/lib/gcc/arm-none-eabi/6.3.1/../../../arm-none-eabi/lib/thumb/v6-m/libc_nano.a(lib_a-__atexit.o)
 .debug_frame   0x0000000000000114       0x3c /usr/lib/gcc/arm-none-eabi/6.3.1/../../../arm-none-eabi/lib/thumb/v6-m/libc_nano.a(lib_a-__call_atexit.o)
 .debug_frame   0x0000000000000150       0x20 /usr/lib/gcc/arm-none-eabi/6.3.1/../../../arm-none-eabi/lib/thumb/v6-m/libnosys.a(_exit.o)
 .debug_frame   0x0000000000000170       0x30 _build/system_nrf51.o
 .debug_frame   0x00000000000001a0       0x4c _build/led_driver.o
 .debug_frame   0x00000000000001ec       0x40 _build/main.o
 .debug_frame   0x000000000000022c       0x24 _build/nrf_delay.o
 .debug_frame   0x0000000000000250      0x1f0 _build/nrf_drv_gpiote.o
 .debug_frame   0x0000000000000440      0x1d0 _build/nrf_drv_timer.o
 .debug_frame   0x0000000000000610      0x120 _build/nrf_drv_uart.o

.debug_ranges   0x0000000000000000     0x1300
 .debug_ranges  0x0000000000000000       0x20 /usr/lib/gcc/arm-none-eabi/6.3.1/../../../arm-none-eabi/lib/thumb/v6-m/libc_nano.a(lib_a-__call_atexit.o)
 .debug_ranges  0x0000000000000020       0x50 _build/system_nrf51.o
 .debug_ranges  0x0000000000000070       0x60 _build/led_driver.o
 .debug_ranges  0x00000000000000d0       0x18 _build/main.o
 .debug_ranges  0x00000000000000e8       0x28 _build/nrf_delay.o
 .debug_ranges  0x0000000000000110      0x7d0 _build/nrf_drv_gpiote.o
 .debug_ranges  0x00000000000008e0      0x5d0 _build/nrf_drv_timer.o
 .debug_ranges  0x0000000000000eb0      0x450 _build/nrf_drv_uart.o
