###############################################################################
#
# IAR ELF Linker V7.70.1.11437/W32 for ARM                23/Oct/2018  22:32:53
# Copyright 2007-2016 IAR Systems AB.
#
#    Output file  =  
#        C:\cygwin64\home\Anthony\Project_Shiba\firmware\sdk\v10\examples\ant\ant_broadcast\broadcast_tx\pca10028\iar\_build\ant_broadcast_tx_s210_pca10028.out
#    Map file     =  
#        C:\cygwin64\home\Anthony\Project_Shiba\firmware\sdk\v10\examples\ant\ant_broadcast\broadcast_tx\pca10028\iar\_build\ant_broadcast_tx_s210_pca10028.map
#    Command line =  
#        C:\cygwin64\home\Anthony\Project_Shiba\firmware\sdk\v10\examples\ant\ant_broadcast\broadcast_tx\pca10028\iar\_build\ant_channel_config.o
#        C:\cygwin64\home\Anthony\Project_Shiba\firmware\sdk\v10\examples\ant\ant_broadcast\broadcast_tx\pca10028\iar\_build\ant_stack_config.o
#        C:\cygwin64\home\Anthony\Project_Shiba\firmware\sdk\v10\examples\ant\ant_broadcast\broadcast_tx\pca10028\iar\_build\app_button.o
#        C:\cygwin64\home\Anthony\Project_Shiba\firmware\sdk\v10\examples\ant\ant_broadcast\broadcast_tx\pca10028\iar\_build\app_error.o
#        C:\cygwin64\home\Anthony\Project_Shiba\firmware\sdk\v10\examples\ant\ant_broadcast\broadcast_tx\pca10028\iar\_build\app_timer.o
#        C:\cygwin64\home\Anthony\Project_Shiba\firmware\sdk\v10\examples\ant\ant_broadcast\broadcast_tx\pca10028\iar\_build\bsp.o
#        C:\cygwin64\home\Anthony\Project_Shiba\firmware\sdk\v10\examples\ant\ant_broadcast\broadcast_tx\pca10028\iar\_build\iar_startup_nrf51.o
#        C:\cygwin64\home\Anthony\Project_Shiba\firmware\sdk\v10\examples\ant\ant_broadcast\broadcast_tx\pca10028\iar\_build\main.o
#        C:\cygwin64\home\Anthony\Project_Shiba\firmware\sdk\v10\examples\ant\ant_broadcast\broadcast_tx\pca10028\iar\_build\nrf_assert.o
#        C:\cygwin64\home\Anthony\Project_Shiba\firmware\sdk\v10\examples\ant\ant_broadcast\broadcast_tx\pca10028\iar\_build\nrf_delay.o
#        C:\cygwin64\home\Anthony\Project_Shiba\firmware\sdk\v10\examples\ant\ant_broadcast\broadcast_tx\pca10028\iar\_build\nrf_drv_common.o
#        C:\cygwin64\home\Anthony\Project_Shiba\firmware\sdk\v10\examples\ant\ant_broadcast\broadcast_tx\pca10028\iar\_build\nrf_drv_gpiote.o
#        C:\cygwin64\home\Anthony\Project_Shiba\firmware\sdk\v10\examples\ant\ant_broadcast\broadcast_tx\pca10028\iar\_build\softdevice_handler.o
#        C:\cygwin64\home\Anthony\Project_Shiba\firmware\sdk\v10\examples\ant\ant_broadcast\broadcast_tx\pca10028\iar\_build\system_nrf51.o
#        --redirect _Printf=_PrintfFull --redirect _Scanf=_ScanfFull -o
#        C:\cygwin64\home\Anthony\Project_Shiba\firmware\sdk\v10\examples\ant\ant_broadcast\broadcast_tx\pca10028\iar\_build\ant_broadcast_tx_s210_pca10028.out
#        --map
#        C:\cygwin64\home\Anthony\Project_Shiba\firmware\sdk\v10\examples\ant\ant_broadcast\broadcast_tx\pca10028\iar\_build\ant_broadcast_tx_s210_pca10028.map
#        --config
#        C:\cygwin64\home\Anthony\Project_Shiba\firmware\sdk\v10\examples\ant\ant_broadcast\broadcast_tx\pca10028\iar\ant_broadcast_tx_iar_nRF5x.icf
#        --warnings_are_errors --entry __iar_program_start --inline --vfe
#
###############################################################################

*******************************************************************************
*** RUNTIME MODEL ATTRIBUTES
***

CppFlavor       = *
__SystemLibrary = DLib


*******************************************************************************
*** PLACEMENT SUMMARY
***

"A0":  place at 0x0000d000 { ro section .intvec };
"P1":  place in [from 0x0000d000 to 0x0003ffff] { ro };
"P2":  place in [from 0x20000900 to 0x20007fff] { rw, block CSTACK, block HEAP };
initialize by copy { rw };
 { section .intvec };

  Section            Kind        Address    Size  Object
  -------            ----        -------    ----  ------
"A0":                                       0xc0
  .intvec            ro code  0x0000d000    0xc0  iar_startup_nrf51.o [1]
                            - 0x0000d0c0    0xc0

"P1":                                     0x14aa
  .text              ro code  0x0000d0c0   0x64c  app_timer.o [1]
  .text              ro code  0x0000d70c    0x1c  app_error.o [1]
  .text              ro code  0x0000d728   0x3f0  bsp.o [1]
  .text              ro code  0x0000db18    0xae  I32DivModFast.o [4]
  .text              ro code  0x0000dbc6     0x2  iar_startup_nrf51.o [1]
  .text              ro code  0x0000dbc8   0x14c  app_button.o [1]
  .text              ro code  0x0000dd14   0x380  nrf_drv_gpiote.o [1]
  .text              ro code  0x0000e094    0x3c  ABImemset.o [4]
  .text              ro code  0x0000e0d0    0x5c  nrf_drv_common.o [1]
  .text              ro code  0x0000e12c   0x12c  main.o [1]
  .text              ro code  0x0000e258    0xd8  softdevice_handler.o [1]
  .text              ro code  0x0000e330    0x24  ant_stack_config.o [1]
  .text              ro code  0x0000e354    0x38  ant_channel_config.o [1]
  .text              ro code  0x0000e38c    0x7c  system_nrf51.o [1]
  .text              ro code  0x0000e408    0x3c  zero_init3.o [4]
  .text              ro code  0x0000e444    0x30  copy_init3.o [4]
  .text              ro code  0x0000e474    0x2c  iar_startup_nrf51.o [1]
  .text              ro code  0x0000e4a0    0x28  data_init.o [4]
  .iar.init_table    const    0x0000e4c8    0x24  - Linker created -
  .text              ro code  0x0000e4ec    0x1a  cmain.o [4]
  .text              ro code  0x0000e506     0x8  exit.o [3]
  .text              ro code  0x0000e50e     0x2  iar_startup_nrf51.o [1]
  .text              ro code  0x0000e510     0xa  cexit.o [4]
  .text              ro code  0x0000e51a     0x2  iar_startup_nrf51.o [1]
  .text              ro code  0x0000e51c     0xc  XXexit.o [4]
  .text              ro code  0x0000e528     0xc  cstartup_M.o [4]
  Initializer bytes  const    0x0000e534     0x8  <for P2-1>
  .text              ro code  0x0000e53c     0x2  iar_startup_nrf51.o [1]
  .text              ro code  0x0000e53e     0x2  iar_startup_nrf51.o [1]
  .text              ro code  0x0000e540     0x2  iar_startup_nrf51.o [1]
  .text              ro code  0x0000e542     0x2  iar_startup_nrf51.o [1]
  .text              ro code  0x0000e544     0x2  iar_startup_nrf51.o [1]
  .text              ro code  0x0000e546     0x2  iar_startup_nrf51.o [1]
  .text              ro code  0x0000e548     0x2  iar_startup_nrf51.o [1]
  .text              ro code  0x0000e54a     0x2  iar_startup_nrf51.o [1]
  .text              ro code  0x0000e54c     0x2  iar_startup_nrf51.o [1]
  .text              ro code  0x0000e54e     0x2  iar_startup_nrf51.o [1]
  .text              ro code  0x0000e550     0x2  iar_startup_nrf51.o [1]
  .text              ro code  0x0000e552     0x2  iar_startup_nrf51.o [1]
  .text              ro code  0x0000e554     0x2  iar_startup_nrf51.o [1]
  .text              ro code  0x0000e556     0x2  iar_startup_nrf51.o [1]
  .text              ro code  0x0000e558     0x2  iar_startup_nrf51.o [1]
  .text              ro code  0x0000e55a     0x2  iar_startup_nrf51.o [1]
  .text              ro code  0x0000e55c     0x2  iar_startup_nrf51.o [1]
  .text              ro code  0x0000e55e     0x2  iar_startup_nrf51.o [1]
  .text              ro code  0x0000e560     0x2  iar_startup_nrf51.o [1]
  .text              ro code  0x0000e562     0x2  iar_startup_nrf51.o [1]
  .text              ro code  0x0000e564     0x2  iar_startup_nrf51.o [1]
  .text              ro code  0x0000e566     0x2  iar_startup_nrf51.o [1]
  .text              ro code  0x0000e568     0x2  iar_startup_nrf51.o [1]
  .rodata            const    0x0000e56a     0x0  zero_init3.o [4]
  .rodata            const    0x0000e56a     0x0  copy_init3.o [4]
                            - 0x0000e56a  0x14aa

"P2", part 1 of 3:                           0x8
  P2-1                        0x20000900     0x5  <Init block>
    .data            inited   0x20000900     0x4  system_nrf51.o [1]
    .data            inited   0x20000904     0x1  main.o [1]
                            - 0x20000905     0x5

"P2", part 2 of 3:                         0x800
  CSTACK                      0x20000908   0x800  <Block>
    CSTACK           uninit   0x20000908   0x800  <Block tail>
                            - 0x20001108   0x800

"P2", part 3 of 3:                         0x39c
  .bss               zero     0x20001108   0x1c8  main.o [1]
  .bss               zero     0x200012d0    0x84  bsp.o [1]
  .bss               zero     0x20001354    0x80  ant_stack_config.o [1]
  .bss               zero     0x200013d4    0x48  nrf_drv_gpiote.o [1]
  .bss               zero     0x2000141c    0x34  app_button.o [1]
  .bss               zero     0x20001450    0x34  softdevice_handler.o [1]
  .bss               zero     0x20001484    0x20  app_timer.o [1]
                            - 0x200014a4   0x39c


*******************************************************************************
*** INIT TABLE
***

          Address     Size
          -------     ----
Zero (__iar_zero_init3)
    1 destination range, total size 0x39c:
          0x20001108  0x39c

Copy (__iar_copy_init3)
    1 source range, total size 0x8 (160% of destination):
          0x0000e534    0x8
    1 destination range, total size 0x5:
          0x20000900    0x5



*******************************************************************************
*** MODULE SUMMARY
***

    Module                ro code  ro data  rw data
    ------                -------  -------  -------
C:\cygwin64\home\Anthony\Project_Shiba\firmware\sdk\v10\examples\ant\ant_broadcast\broadcast_tx\pca10028\iar\_build: [1]
    ant_channel_config.o       56
    ant_stack_config.o         36               128
    app_button.o              332                52
    app_error.o                28
    app_timer.o             1 612                32
    bsp.o                   1 008               132
    iar_startup_nrf51.o       288
    main.o                    300        1      457
    nrf_drv_common.o           92
    nrf_drv_gpiote.o          896                72
    softdevice_handler.o      216                52
    system_nrf51.o            124        4        4
    -----------------------------------------------
    Total:                  4 988        5      929

command line: [2]
    -----------------------------------------------
    Total:

dl6M_tlf.a: [3]
    exit.o                      8
    -----------------------------------------------
    Total:                      8

rt6M_tl.a: [4]
    ABImemset.o                60
    I32DivModFast.o           174
    XXexit.o                   12
    cexit.o                    10
    cmain.o                    26
    copy_init3.o               48
    cstartup_M.o               12
    data_init.o                40
    zero_init3.o               60
    -----------------------------------------------
    Total:                    442

    Linker created                      39    2 048
---------------------------------------------------
    Grand Total:            5 438       44    2 977


*******************************************************************************
*** ENTRY LIST
***

Entry                      Address   Size  Type      Object
-----                      -------   ----  ----      ------
.iar.init_table$$Base   0x0000e4c8          --   Gb  - Linker created -
.iar.init_table$$Limit  0x0000e4ec          --   Gb  - Linker created -
?main                   0x0000e4ed         Code  Gb  cmain.o [4]
CSTACK$$Base            0x20000908          --   Gb  - Linker created -
CSTACK$$Limit           0x20001108          --   Gb  - Linker created -
GPIOTE_IRQHandler       0x0000df85   0xf0  Code  Gb  nrf_drv_gpiote.o [1]
NVIC_SetPriority        0x0000d0c1   0x34  Code  Lc  app_timer.o [1]
RTC1_IRQHandler         0x0000d52b   0x18  Code  Gb  app_timer.o [1]
Region$$Table$$Base     0x0000e4c8          --   Gb  - Linker created -
Region$$Table$$Limit    0x0000e4ec          --   Gb  - Linker created -
SWI0_IRQHandler         0x0000d543    0x8  Code  Gb  app_timer.o [1]
SWI2_IRQHandler         0x0000e309   0x20  Code  Gb  softdevice_handler.o [1]
SystemCoreClock         0x20000900    0x4  Data  Gb  system_nrf51.o [1]
SystemInit              0x0000e38d   0x68  Code  Gb  system_nrf51.o [1]
__Vectors               0x0000d000          --   Gb  iar_startup_nrf51.o [1]
__Vectors_End           0x0000d0c0         Data  Gb  iar_startup_nrf51.o [1]
__Vectors_Size {Abs}    0x000000c0          --   Gb  iar_startup_nrf51.o [1]
__aeabi_memset4         0x0000e095         Code  Gb  ABImemset.o [4]
__aeabi_memset8         0x0000e095         Code  Gb  ABImemset.o [4]
__aeabi_uidiv           0x0000db19         Code  Gb  I32DivModFast.o [4]
__aeabi_uidivmod        0x0000db19         Code  Gb  I32DivModFast.o [4]
__cmain                 0x0000e4ed         Code  Gb  cmain.o [4]
__exit                  0x0000e51d         Code  Gb  XXexit.o [4]
__iar_Memset4_word      0x0000e0a1         Code  Gb  ABImemset.o [4]
__iar_copy_init3        0x0000e445   0x30  Code  Gb  copy_init3.o [4]
__iar_data_init3        0x0000e4a1   0x28  Code  Gb  data_init.o [4]
__iar_program_start     0x0000e529         Code  Gb  cstartup_M.o [4]
__iar_zero_init3        0x0000e409   0x3c  Code  Gb  zero_init3.o [4]
__vector_table          0x0000d000         Data  Gb  iar_startup_nrf51.o [1]
_call_main              0x0000e4f9         Code  Gb  cmain.o [4]
_exit                   0x0000e511         Code  Gb  cexit.o [4]
_main                   0x0000e503         Code  Gb  cmain.o [4]
alert_timer_handler     0x0000d9cd   0x14  Code  Lc  bsp.o [1]
ant_channel_init        0x0000e355   0x38  Code  Gb  ant_channel_config.o [1]
ant_evt_dispatch        0x0000e15b   0x28  Code  Gb  main.o [1]
ant_message_send        0x0000e12d   0x2e  Code  Gb  main.o [1]
ant_stack_buffer        0x20001354   0x80  Data  Lc  ant_stack_config.o [1]
ant_stack_static_config
                        0x0000e331   0x16  Code  Gb  ant_stack_config.o [1]
app_button_enable       0x0000dce1   0x20  Code  Gb  app_button.o [1]
app_button_init         0x0000dc79   0x68  Code  Gb  app_button.o [1]
app_buttons             0x0000daf8   0x20  Data  Lc  bsp.o [1]
app_error_handler       0x0000d70d   0x1c  Code  Wk  app_error.o [1]
app_timer_create        0x0000d5c5   0x2a  Code  Gb  app_timer.o [1]
app_timer_init          0x0000d54b   0x7a  Code  Gb  app_timer.o [1]
app_timer_start         0x0000d641   0x44  Code  Gb  app_timer.o [1]
app_timer_stop          0x0000d695   0x44  Code  Gb  app_timer.o [1]
bsp_button_event_handler
                        0x0000d729   0x80  Code  Lc  bsp.o [1]
bsp_button_event_handler::current_long_push_pin_no
                        0x200012dd    0x1  Data  Lc  bsp.o [1]
bsp_button_event_handler::release_event_at_push
                        0x200012e0    0x4  Data  Lc  bsp.o [1]
bsp_event_to_button_action_assign
                        0x0000da89   0x3c  Code  Gb  bsp.o [1]
bsp_indication_set      0x0000d9e5   0x16  Code  Gb  bsp.o [1]
bsp_init                0x0000da01   0x84  Code  Gb  bsp.o [1]
bsp_led_indication      0x0000d7b5  0x202  Code  Lc  bsp.o [1]
button_timer_handler    0x0000d7a9    0xc  Code  Lc  bsp.o [1]
channel_free            0x0000ddd3   0x16  Code  Lc  nrf_drv_gpiote.o [1]
channel_port_alloc      0x0000dd89   0x4a  Code  Lc  nrf_drv_gpiote.o [1]
compare_reg_update      0x0000d379   0x8c  Code  Lc  app_timer.o [1]
detection_delay_timeout_handler
                        0x0000dbc9   0x60  Code  Lc  app_button.o [1]
exit                    0x0000e507    0x8  Code  Gb  exit.o [3]
gpiote_event_handler    0x0000dc29   0x4e  Code  Lc  app_button.o [1]
intern_softdevice_events_execute
                        0x0000e265   0x7c  Code  Gb  softdevice_handler.o [1]
leds_timer_handler      0x0000d9b9   0x14  Code  Lc  bsp.o [1]
list_deletions_handler  0x0000d1c1   0xb8  Code  Lc  app_timer.o [1]
list_insertions_handler
                        0x0000d279   0xec  Code  Lc  app_timer.o [1]
m_alert_mask            0x200012ec    0x4  Data  Lc  bsp.o [1]
m_alert_timer_id        0x0000dae0    0x4  Data  Lc  bsp.o [1]
m_alert_timer_id_data   0x20001314   0x20  Data  Lc  bsp.o [1]
m_ant_evt_buffer        0x20001460   0x24  Data  Lc  softdevice_handler.o [1]
m_ant_evt_handler       0x20001458    0x4  Data  Lc  softdevice_handler.o [1]
m_app_ticks_per_100ms   0x200012e4    0x4  Data  Lc  bsp.o [1]
m_button_count          0x2000141c    0x1  Data  Lc  app_button.o [1]
m_button_timer_id       0x0000dae4    0x4  Data  Lc  bsp.o [1]
m_button_timer_id_data  0x20001334   0x20  Data  Lc  bsp.o [1]
m_buttons_list          0x0000dae8   0x10  Data  Lc  bsp.o [1]
m_cb                    0x200013d4   0x48  Data  Lc  nrf_drv_gpiote.o [1]
m_counter               0x20000904    0x1  Data  Lc  main.o [1]
m_detection_delay       0x20001424    0x4  Data  Lc  app_button.o [1]
m_detection_delay_timer_id
                        0x0000dd0c    0x4  Data  Lc  app_button.o [1]
m_detection_delay_timer_id_data
                        0x20001430   0x20  Data  Lc  app_button.o [1]
m_events_list           0x200012d0    0xc  Data  Lc  bsp.o [1]
m_evt_schedule_func     0x200014a0    0x4  Data  Lc  app_timer.o [1]
m_evt_schedule_func     0x20001454    0x4  Data  Lc  softdevice_handler.o [1]
m_indication_type       0x200012e8    0x4  Data  Lc  bsp.o [1]
m_leds_timer_id         0x0000dadc    0x4  Data  Lc  bsp.o [1]
m_leds_timer_id_data    0x200012f4   0x20  Data  Lc  bsp.o [1]
m_pin_state             0x20001428    0x4  Data  Lc  app_button.o [1]
m_pin_transition        0x2000142c    0x4  Data  Lc  app_button.o [1]
m_registered_callback   0x200012f0    0x4  Data  Lc  bsp.o [1]
m_rtc1_reset            0x20001488    0x1  Data  Lc  app_timer.o [1]
m_rtc1_running          0x20001487    0x1  Data  Lc  app_timer.o [1]
m_softdevice_enabled    0x20001450    0x1  Data  Lc  softdevice_handler.o [1]
m_stable_state          0x200012dc    0x1  Data  Lc  bsp.o [1]
m_sys_evt_handler       0x2000145c    0x4  Data  Lc  softdevice_handler.o [1]
m_ticks_elapsed         0x20001498    0x8  Data  Lc  app_timer.o [1]
m_ticks_elapsed_q_read_ind
                        0x20001485    0x1  Data  Lc  app_timer.o [1]
m_ticks_elapsed_q_write_ind
                        0x20001486    0x1  Data  Lc  app_timer.o [1]
m_ticks_latest          0x20001494    0x4  Data  Lc  app_timer.o [1]
m_user_array_size       0x20001484    0x1  Data  Lc  app_timer.o [1]
main                    0x0000e185   0xb4  Code  Gb  main.o [1]
mp_buttons              0x20001420    0x4  Data  Lc  app_button.o [1]
mp_timer_id_head        0x20001490    0x4  Data  Lc  app_timer.o [1]
mp_users                0x2000148c    0x4  Data  Lc  app_timer.o [1]
nrf_delay_us            0x0000d0f5   0x1e  Code  Lc  app_timer.o [1]
nrf_drv_common_irq_enable
                        0x0000e0d1   0x5c  Code  Gb  nrf_drv_common.o [1]
nrf_drv_gpiote_in_event_enable
                        0x0000def1   0x84  Code  Gb  nrf_drv_gpiote.o [1]
nrf_drv_gpiote_in_init  0x0000de49   0x9a  Code  Gb  nrf_drv_gpiote.o [1]
nrf_drv_gpiote_in_is_set
                        0x0000df79    0xc  Code  Gb  nrf_drv_gpiote.o [1]
nrf_drv_gpiote_init     0x0000dde9   0x44  Code  Gb  nrf_drv_gpiote.o [1]
nrf_drv_gpiote_is_init  0x0000de2d    0xc  Code  Gb  nrf_drv_gpiote.o [1]
nrf_gpio_cfg            0x0000dd23   0x1c  Code  Lc  nrf_drv_gpiote.o [1]
nrf_gpio_cfg_sense_set  0x0000dd3f   0x18  Code  Lc  nrf_drv_gpiote.o [1]
nrf_gpiote_event_is_set
                        0x0000dd15    0xe  Code  Lc  nrf_drv_gpiote.o [1]
pin_in_use_by_gpiote    0x0000dd7b    0xe  Code  Lc  nrf_drv_gpiote.o [1]
pin_in_use_by_port      0x0000dd67   0x14  Code  Lc  nrf_drv_gpiote.o [1]
pin_in_use_by_te        0x0000dd57   0x10  Code  Lc  nrf_drv_gpiote.o [1]
rtc1_stop               0x0000d113   0x32  Code  Lc  app_timer.o [1]
softdevice_ant_evt_handler_set
                        0x0000e2f9   0x10  Code  Gb  softdevice_handler.o [1]
softdevice_assertion_handler
                        0x0000e259    0xc  Code  Gb  softdevice_handler.o [1]
softdevice_handler_init
                        0x0000e2e1   0x18  Code  Gb  softdevice_handler.o [1]
timer_list_handler      0x0000d40d   0xac  Code  Lc  app_timer.o [1]
timer_start_op_schedule
                        0x0000d4eb   0x40  Code  Lc  app_timer.o [1]
timer_timeouts_check    0x0000d145   0x7c  Code  Lc  app_timer.o [1]
user_id_get             0x0000d5f5   0x48  Code  Lc  app_timer.o [1]
user_op_alloc           0x0000d4c1   0x2a  Code  Lc  app_timer.o [1]
utils_setup{1}{2}::APP_TIMER_BUF
                        0x20001108  0x1c8  Data  Lc  main.o [1]


[1] = C:\cygwin64\home\Anthony\Project_Shiba\firmware\sdk\v10\examples\ant\ant_broadcast\broadcast_tx\pca10028\iar\_build
[2] = command line
[3] = dl6M_tlf.a
[4] = rt6M_tl.a

  5 438 bytes of readonly  code memory
     44 bytes of readonly  data memory
  2 977 bytes of readwrite data memory

Errors: none
Warnings: none
